Archive member included to satisfy reference by file (symbol)

app/libapp.a(main.c.obj)      (--whole-archive)
app/libapp.a(io.c.obj)        (--whole-archive)
app/libapp.a(flash_map_extended.c.obj)
                              (--whole-archive)
app/libapp.a(os.c.obj)        (--whole-archive)
app/libapp.a(keys.c.obj)      (--whole-archive)
app/libapp.a(image_validate.c.obj)
                              (--whole-archive)
app/libapp.a(tlv.c.obj)       (--whole-archive)
app/libapp.a(encrypted.c.obj)
                              (--whole-archive)
app/libapp.a(image_rsa.c.obj)
                              (--whole-archive)
app/libapp.a(image_ecdsa.c.obj)
                              (--whole-archive)
app/libapp.a(image_ed25519.c.obj)
                              (--whole-archive)
app/libapp.a(bootutil_misc.c.obj)
                              (--whole-archive)
app/libapp.a(fault_injection_hardening.c.obj)
                              (--whole-archive)
app/libapp.a(loader.c.obj)    (--whole-archive)
app/libapp.a(swap_misc.c.obj)
                              (--whole-archive)
app/libapp.a(swap_scratch.c.obj)
                              (--whole-archive)
app/libapp.a(swap_move.c.obj)
                              (--whole-archive)
app/libapp.a(caps.c.obj)      (--whole-archive)
app/libapp.a(asn1parse.c.obj)
                              (--whole-archive)
app/libapp.a(platform_util.c.obj)
                              (--whole-archive)
app/libapp.a(cc310_glue.c.obj)
                              (--whole-archive)
app/libapp.a(autogen-pubkey.c.obj)
                              (--whole-archive)
app/libapp.a(arm_cleanup.c.obj)
                              (--whole-archive)
app/libapp.a(nrf_cleanup.c.obj)
                              (--whole-archive)
zephyr/libzephyr.a(heap.c.obj)
                              (--whole-archive)
zephyr/libzephyr.a(cbprintf_packaged.c.obj)
                              (--whole-archive)
zephyr/libzephyr.a(printk.c.obj)
                              (--whole-archive)
zephyr/libzephyr.a(sem.c.obj)
                              (--whole-archive)
zephyr/libzephyr.a(thread_entry.c.obj)
                              (--whole-archive)
zephyr/libzephyr.a(cbprintf_nano.c.obj)
                              (--whole-archive)
zephyr/libzephyr.a(cbprintf.c.obj)
                              (--whole-archive)
zephyr/libzephyr.a(assert.c.obj)
                              (--whole-archive)
zephyr/libzephyr.a(dec.c.obj)
                              (--whole-archive)
zephyr/libzephyr.a(hex.c.obj)
                              (--whole-archive)
zephyr/libzephyr.a(rb.c.obj)  (--whole-archive)
zephyr/libzephyr.a(timeutil.c.obj)
                              (--whole-archive)
zephyr/libzephyr.a(bitarray.c.obj)
                              (--whole-archive)
zephyr/libzephyr.a(onoff.c.obj)
                              (--whole-archive)
zephyr/libzephyr.a(notify.c.obj)
                              (--whole-archive)
zephyr/libzephyr.a(configs.c.obj)
                              (--whole-archive)
zephyr/libzephyr.a(log_minimal.c.obj)
                              (--whole-archive)
zephyr/libzephyr.a(flash_map.c.obj)
                              (--whole-archive)
zephyr/libzephyr.a(flash_map_layout.c.obj)
                              (--whole-archive)
zephyr/libzephyr.a(tracing_none.c.obj)
                              (--whole-archive)
zephyr/libzephyr.a(flash_util.c.obj)
                              (--whole-archive)
zephyr/libzephyr.a(banner.c.obj)
                              (--whole-archive)
zephyr/libzephyr.a(flash_map_partition_manager.c.obj)
                              (--whole-archive)
zephyr/libzephyr.a(nrf_cc3xx_platform_abort_zephyr.c.obj)
                              (--whole-archive)
zephyr/libzephyr.a(nrf_cc3xx_platform_mutex_zephyr.c.obj)
                              (--whole-archive)
zephyr/arch/common/libarch__common.a(sw_isr_common.c.obj)
                              (--whole-archive)
zephyr/arch/arch/arm/core/libarch__arm__core.a(fatal.c.obj)
                              (--whole-archive)
zephyr/arch/arch/arm/core/libarch__arm__core.a(nmi.c.obj)
                              (--whole-archive)
zephyr/arch/arch/arm/core/libarch__arm__core.a(nmi_on_reset.S.obj)
                              (--whole-archive)
zephyr/arch/arch/arm/core/cortex_m/libarch__arm__core__cortex_m.a(exc_exit.c.obj)
                              (--whole-archive)
zephyr/arch/arch/arm/core/cortex_m/libarch__arm__core__cortex_m.a(fault.c.obj)
                              (--whole-archive)
zephyr/arch/arch/arm/core/cortex_m/libarch__arm__core__cortex_m.a(fault_s.S.obj)
                              (--whole-archive)
zephyr/arch/arch/arm/core/cortex_m/libarch__arm__core__cortex_m.a(fpu.c.obj)
                              (--whole-archive)
zephyr/arch/arch/arm/core/cortex_m/libarch__arm__core__cortex_m.a(reset.S.obj)
                              (--whole-archive)
[...]
Memory Configuration

Name             Origin             Length             Attributes
FLASH            0x0000000000000000 0x000000000000c000 xr
RAM              0x0000000020000000 0x0000000000008000 xw
IDT_LIST         0x00000000ffff7fff 0x0000000000008000 xw
*default*        0x0000000000000000 0xffffffffffffffff

Linker script and memory map

LOAD zephyr/CMakeFiles/zephyr_final.dir/misc/empty_file.c.obj
LOAD zephyr/CMakeFiles/zephyr_final.dir/isr_tables.c.obj
LOAD zephyr/CMakeFiles/offsets.dir/./arch/arm/core/offsets/offsets.c.obj
LOAD app/libapp.a
LOAD zephyr/libzephyr.a
LOAD zephyr/arch/common/libarch__common.a
LOAD zephyr/arch/arch/arm/core/libarch__arm__core.a
LOAD zephyr/arch/arch/arm/core/cortex_m/libarch__arm__core__cortex_m.a
LOAD zephyr/arch/arch/arm/core/cortex_m/cmse/libarch__arm__core__cortex_m__cmse.a
LOAD zephyr/lib/libc/minimal/liblib__libc__minimal.a
LOAD zephyr/lib/libc/common/liblib__libc__common.a
LOAD zephyr/soc/soc/nrf9161/libsoc__nordic.a
LOAD zephyr/drivers/clock_control/libdrivers__clock_control.a
LOAD zephyr/drivers/console/libdrivers__console.a
LOAD zephyr/drivers/flash/libdrivers__flash.a
LOAD zephyr/drivers/gpio/libdrivers__gpio.a
LOAD zephyr/drivers/pinctrl/libdrivers__pinctrl.a
LOAD zephyr/drivers/serial/libdrivers__serial.a
LOAD zephyr/drivers/timer/libdrivers__timer.a
LOAD modules/nrf/lib/fprotect/lib..__nrf__lib__fprotect.a
LOAD modules/nrf/drivers/hw_cc3xx/lib..__nrf__drivers__hw_cc3xx.a
LOAD modules/mcuboot/boot/bootutil/zephyr/libmcuboot_util.a
LOAD modules/hal_nordic/nrfx/libmodules__hal_nordic__nrfx.a
LOAD zephyr/kernel/libkernel.a
LOAD zephyr/arch/common/libisr_tables.a
LOAD C:/ncs/v2.9.0/nrfxlib/crypto/nrf_cc310_platform/lib/cortex-m33/hard-float/no-interrupts/libnrf_cc310_platform_0.9.19.a
LOAD C:/ncs/v2.9.0/nrfxlib/crypto/nrf_cc310_bl/lib/cortex-m33/hard-float/no-interrupts/libnrf_cc310_bl_0.9.12.a
LOAD c:/ncs/toolchains/b620d30767/opt/zephyr-sdk/arm-zephyr-eabi/bin/../lib/gcc/arm-zephyr-eabi/12.2.0/../../../../arm-zephyr-eabi/lib/thumb/v8-m.main+fp/hard\libc.a
LOAD c:/ncs/toolchains/b620d30767/opt/zephyr-sdk/arm-zephyr-eabi/bin/../lib/gcc/arm-zephyr-eabi/12.2.0/thumb/v8-m.main+fp/hard\libgcc.a
                0x0000000000000004                _region_min_align = 0x4

.rel.plt        0x0000000000000000        0x0
 *(SORT_BY_ALIGNMENT(.rel.plt))
                [!provide]                        PROVIDE (__rel_iplt_start = .)
 *(SORT_BY_ALIGNMENT(.rel.iplt))
 .rel.iplt      0x0000000000000000        0x0 zephyr/CMakeFiles/zephyr_final.dir/isr_tables.c.obj
                [!provide]                        PROVIDE (__rel_iplt_end = .)

.rela.plt       0x0000000000000000        0x0
 *(SORT_BY_ALIGNMENT(.rela.plt))
                [!provide]                        PROVIDE (__rela_iplt_start = .)
 *(SORT_BY_ALIGNMENT(.rela.iplt))
                [!provide]                        PROVIDE (__rela_iplt_end = .)

.rel.dyn
 *(SORT_BY_ALIGNMENT(.rel.*))

.rela.dyn
 *(SORT_BY_ALIGNMENT(.rela.*))

/DISCARD/
 *(SORT_BY_ALIGNMENT(.plt))

/DISCARD/
 *(SORT_BY_ALIGNMENT(.iplt))
                0x0000000000000000                __rom_region_start = 0x0

rom_start       0x0000000000000000      0x144
                0x0000000000000000                __rom_start_address = .
 FILL mask 0x00
                0x0000000000000000                . = (. + (0x0 - (. - __rom_start_address)))
                0x0000000000000000                . = ALIGN (0x4)
                0x0000000000000000                . = ALIGN (0x80)
                0x0000000000000000                . = ALIGN (0x200)
                0x0000000000000000                _vector_start = .
 *(SORT_BY_ALIGNMENT(.exc_vector_table))
 *(SORT_BY_ALIGNMENT(.exc_vector_table.*))
 .exc_vector_table._vector_table_section
                0x0000000000000000       0x40 zephyr/arch/arch/arm/core/cortex_m/libarch__arm__core__cortex_m.a(vector_table.S.obj)
                0x0000000000000000                _vector_table
 *(SORT_BY_ALIGNMENT(.vectors))
                0x0000000000000144                _vector_end = .
                0x0000000000000040                . = ALIGN (0x4)
 *(SORT_BY_ALIGNMENT(.gnu.linkonce.irq_vector_table*))
 .gnu.linkonce.irq_vector_table
                0x0000000000000040      0x104 zephyr/CMakeFiles/zephyr_final.dir/isr_tables.c.obj
                0x0000000000000040                _irq_vector_table
                0x0000000000000144                _vector_end = .

text            0x0000000000000144     0x7d54
                0x0000000000000144                __text_region_start = .
 *(SORT_BY_ALIGNMENT(.text))
 .text          0x0000000000000144       0x30 c:/ncs/toolchains/b620d30767/opt/zephyr-sdk/arm-zephyr-eabi/bin/../lib/gcc/arm-zephyr-eabi/12.2.0/thumb/v8-m.main+fp/hard\libgcc.a(_aeabi_uldivmod.o)
                0x0000000000000144                __aeabi_uldivmod
 .text          0x0000000000000174        0x4 c:/ncs/toolchains/b620d30767/opt/zephyr-sdk/arm-zephyr-eabi/bin/../lib/gcc/arm-zephyr-eabi/12.2.0/thumb/v8-m.main+fp/hard\libgcc.a(_dvmd_tls.o)
                0x0000000000000174                __aeabi_idiv0
                0x0000000000000174                __aeabi_ldiv0
 .text          0x0000000000000178      0x29c c:/ncs/toolchains/b620d30767/opt/zephyr-sdk/arm-zephyr-eabi/bin/../lib/gcc/arm-zephyr-eabi/12.2.0/thumb/v8-m.main+fp/hard\libgcc.a(_udivmoddi4.o)
                0x0000000000000178                __udivmoddi4
 *(SORT_BY_ALIGNMENT(.text.*))
 .text.main     0x0000000000000414       0xf8 app/libapp.a(main.c.obj)
                0x0000000000000414                main
 .text.flash_device_base
                0x000000000000050c       0x20 app/libapp.a(flash_map_extended.c.obj)
                0x000000000000050c                flash_device_base
 .text.flash_area_id_from_multi_image_slot
                0x000000000000052c       0x24 app/libapp.a(flash_map_extended.c.obj)
                0x000000000000052c                flash_area_id_from_multi_image_slot
 .text.bootutil_img_validate
                0x0000000000000550      0x254 app/libapp.a(image_validate.c.obj)
                0x0000000000000550                bootutil_img_validate
 .text.bootutil_verify_sig
                0x00000000000007a4      0x104 app/libapp.a(image_ecdsa.c.obj)
                0x00000000000007a4                bootutil_verify_sig
 .text.boot_fih_memequal
                0x00000000000008a8       0x30 app/libapp.a(bootutil_misc.c.obj)
                0x00000000000008a8                boot_fih_memequal
 .text.boot_status_entries
                0x00000000000008d8       0x2c app/libapp.a(bootutil_misc.c.obj)
                0x00000000000008d8                boot_status_entries
 .text.boot_find_status
                0x0000000000000904       0x48 app/libapp.a(bootutil_misc.c.obj)
                0x0000000000000904                boot_find_status
 .text.bootutil_max_image_size
                0x000000000000094c       0x2c app/libapp.a(bootutil_misc.c.obj)
                0x000000000000094c                bootutil_max_image_size
 .text.fih_cfi_get_and_increment
                0x0000000000000978       0x10 app/libapp.a(fault_injection_hardening.c.obj)
                0x0000000000000978                fih_cfi_get_and_increment
 .text.fih_cfi_decrement
                0x0000000000000988       0x10 app/libapp.a(fault_injection_hardening.c.obj)
                0x0000000000000988                fih_cfi_decrement
 .text.fih_cfi_validate
                0x0000000000000998       0x14 app/libapp.a(fault_injection_hardening.c.obj)
                0x0000000000000998                fih_cfi_validate
 .text.boot_validate_slot.isra.0
                0x00000000000009ac      0x134 app/libapp.a(loader.c.obj)
 .text.boot_swap_image.isra.0
                0x0000000000000ae0       0x88 app/libapp.a(loader.c.obj)
 .text.boot_copy_region
                0x0000000000000b68       0x84 app/libapp.a(loader.c.obj)
                0x0000000000000b68                boot_copy_region
 .text.context_boot_go
                0x0000000000000bec      0x2e0 app/libapp.a(loader.c.obj)
                0x0000000000000bec                context_boot_go
 .text.boot_go  0x0000000000000ecc       0x34 app/libapp.a(loader.c.obj)
                0x0000000000000ecc                boot_go
 .text.swap_set_copy_done
                0x0000000000000f00       0x2c app/libapp.a(swap_misc.c.obj)
                0x0000000000000f00                swap_set_copy_done
 .text.swap_set_image_ok
                0x0000000000000f2c       0x44 app/libapp.a(swap_misc.c.obj)
                0x0000000000000f2c                swap_set_image_ok
 .text.boot_read_image_header
                0x0000000000000f70       0xcc app/libapp.a(swap_move.c.obj)
                0x0000000000000f70                boot_read_image_header
 .text.swap_read_status_bytes
                0x000000000000103c       0xc8 app/libapp.a(swap_move.c.obj)
                0x000000000000103c                swap_read_status_bytes
 .text.boot_slots_compatible
                0x0000000000001104       0x78 app/libapp.a(swap_move.c.obj)
                0x0000000000001104                boot_slots_compatible
 .text.swap_status_source
                0x000000000000117c       0xcc app/libapp.a(swap_move.c.obj)
                0x000000000000117c                swap_status_source
 .text.fixup_revert
                0x0000000000001248       0x98 app/libapp.a(swap_move.c.obj)
                0x0000000000001248                fixup_revert
 .text.swap_run
                0x00000000000012e0      0x1f0 app/libapp.a(swap_move.c.obj)
                0x00000000000012e0                swap_run
 .text.mbedtls_platform_zeroize
                0x00000000000014d0       0x14 app/libapp.a(platform_util.c.obj)
                0x00000000000014d0                mbedtls_platform_zeroize
 .text.cc310_init
                0x00000000000014e4       0x30 app/libapp.a(cc310_glue.c.obj)
                0x00000000000014e4                cc310_init
 .text.cc310_ecdsa_verify_secp256r1
                0x0000000000001514       0x3c app/libapp.a(cc310_glue.c.obj)
                0x0000000000001514                cc310_ecdsa_verify_secp256r1
 .text.cleanup_arm_nvic
                0x0000000000001550       0x38 app/libapp.a(arm_cleanup.c.obj)
                0x0000000000001550                cleanup_arm_nvic
 .text.z_arm_clear_arm_mpu_config
                0x0000000000001588       0x24 app/libapp.a(arm_cleanup.c.obj)
                0x0000000000001588                z_arm_clear_arm_mpu_config
 .text.nrf_cleanup_peripheral
                0x00000000000015ac       0x9c app/libapp.a(nrf_cleanup.c.obj)
                0x00000000000015ac                nrf_cleanup_peripheral
 .text.char_out
                0x0000000000001648        0xc zephyr/libzephyr.a(printk.c.obj)
 .text.__printk_hook_install
                0x0000000000001654        0xc zephyr/libzephyr.a(printk.c.obj)
                0x0000000000001654                __printk_hook_install
 .text.vprintk  0x0000000000001660       0x1c zephyr/libzephyr.a(printk.c.obj)
                0x0000000000001660                vprintk
 .text.z_cbvprintf_impl
                0x000000000000167c      0x444 zephyr/libzephyr.a(cbprintf_nano.c.obj)
                0x000000000000167c                z_cbvprintf_impl
 .text.process_event
                0x0000000000001ac0      0x21c zephyr/libzephyr.a(onoff.c.obj)
 .text.flash_area_open
                0x0000000000001cdc       0x50 zephyr/libzephyr.a(flash_map.c.obj)
                0x0000000000001cdc                flash_area_open
 .text.flash_area_get_sectors
                0x0000000000001d2c       0x60 zephyr/libzephyr.a(flash_map_layout.c.obj)
                0x0000000000001d2c                flash_area_get_sectors
 .text.boot_banner
                0x0000000000001d8c       0x24 zephyr/libzephyr.a(banner.c.obj)
                0x0000000000001d8c                boot_banner
 .text.nrf_cc3xx_platform_abort_init
                0x0000000000001db0        0xc zephyr/libzephyr.a(nrf_cc3xx_platform_abort_zephyr.c.obj)
                0x0000000000001db0                nrf_cc3xx_platform_abort_init
 .text.mutex_free_platform
                0x0000000000001dbc       0x54 zephyr/libzephyr.a(nrf_cc3xx_platform_mutex_zephyr.c.obj)
 .text.mutex_lock_platform
                0x0000000000001e10       0x58 zephyr/libzephyr.a(nrf_cc3xx_platform_mutex_zephyr.c.obj)
 .text.mutex_unlock_platform
                0x0000000000001e68       0x50 zephyr/libzephyr.a(nrf_cc3xx_platform_mutex_zephyr.c.obj)
 .text.mutex_init_platform
                0x0000000000001eb8       0x94 zephyr/libzephyr.a(nrf_cc3xx_platform_mutex_zephyr.c.obj)
 .text.nrf_cc3xx_platform_mutex_init
                0x0000000000001f4c       0x2c zephyr/libzephyr.a(nrf_cc3xx_platform_mutex_zephyr.c.obj)
                0x0000000000001f4c                nrf_cc3xx_platform_mutex_init
 .text.z_SysNmiOnReset
                0x0000000000001f78        0x8 zephyr/arch/arch/arm/core/libarch__arm__core.a(nmi_on_reset.S.obj)
                0x0000000000001f78                z_SysNmiOnReset
 .text._HandlerModeExit
                0x0000000000001f80       0x28 zephyr/arch/arch/arm/core/cortex_m/libarch__arm__core__cortex_m.a(exc_exit.c.obj)
                0x0000000000001f80                z_arm_int_exit
                0x0000000000001f80                z_arm_exc_exit
 .text.usage_fault.constprop.0
                0x0000000000001fa8       0x5c zephyr/arch/arch/arm/core/cortex_m/libarch__arm__core__cortex_m.a(fault.c.obj)
 .text.bus_fault.constprop.0
                0x0000000000002004       0x6c zephyr/arch/arch/arm/core/cortex_m/libarch__arm__core__cortex_m.a(fault.c.obj)
 .text.mem_manage_fault.constprop.0
                0x0000000000002070       0x78 zephyr/arch/arch/arm/core/cortex_m/libarch__arm__core__cortex_m.a(fault.c.obj)
 .text.z_arm_fault
                0x00000000000020e8      0x118 zephyr/arch/arch/arm/core/cortex_m/libarch__arm__core__cortex_m.a(fault.c.obj)
                0x00000000000020e8                z_arm_fault
 .text.z_arm_fault_init
                0x0000000000002200       0x20 zephyr/arch/arch/arm/core/cortex_m/libarch__arm__core__cortex_m.a(fault.c.obj)
                0x0000000000002200                z_arm_fault_init
 .text.__fault  0x0000000000002220       0x14 zephyr/arch/arch/arm/core/cortex_m/libarch__arm__core__cortex_m.a(fault_s.S.obj)
                0x0000000000002220                z_arm_usage_fault
                0x0000000000002220                z_arm_mpu_fault
                0x0000000000002220                z_arm_exc_spurious
                0x0000000000002220                z_arm_debug_monitor
                0x0000000000002220                z_arm_hard_fault
                0x0000000000002220                z_arm_bus_fault
 .text._reset_section
                0x0000000000002234       0x60 zephyr/arch/arch/arm/core/cortex_m/libarch__arm__core__cortex_m.a(reset.S.obj)
                0x0000000000002234                __start
                0x0000000000002234                z_arm_reset
 .text.z_arm_init_arch_hw_at_boot
                0x0000000000002294       0x44 zephyr/arch/arch/arm/core/cortex_m/libarch__arm__core__cortex_m.a(scb.c.obj)
                0x0000000000002294                z_arm_init_arch_hw_at_boot
 .text.z_impl_k_thread_abort
                0x00000000000022d8       0x2c zephyr/arch/arch/arm/core/cortex_m/libarch__arm__core__cortex_m.a(thread_abort.c.obj)
                0x00000000000022d8                z_impl_k_thread_abort
 .text.arch_swap
                0x0000000000002304       0x30 zephyr/arch/arch/arm/core/cortex_m/libarch__arm__core__cortex_m.a(swap.c.obj)
                0x0000000000002304                arch_swap
 .text.z_arm_pendsv_c
                0x0000000000002334       0x44 zephyr/arch/arch/arm/core/cortex_m/libarch__arm__core__cortex_m.a(swap.c.obj)
                0x0000000000002334                z_arm_pendsv_c
 .text.z_arm_pendsv
                0x0000000000002378       0x7c zephyr/arch/arch/arm/core/cortex_m/libarch__arm__core__cortex_m.a(swap_helper.S.obj)
                0x0000000000002378                z_arm_pendsv
 .text.z_arm_svc
                0x00000000000023f4       0x20 zephyr/arch/arch/arm/core/cortex_m/libarch__arm__core__cortex_m.a(swap_helper.S.obj)
                0x00000000000023f4                z_arm_svc
 .text.arch_irq_enable
                0x0000000000002414       0x1c zephyr/arch/arch/arm/core/cortex_m/libarch__arm__core__cortex_m.a(irq_manage.c.obj)
                0x0000000000002414                arch_irq_enable
 .text.arch_irq_disable
                0x0000000000002430       0x28 zephyr/arch/arch/arm/core/cortex_m/libarch__arm__core__cortex_m.a(irq_manage.c.obj)
                0x0000000000002430                arch_irq_disable
 .text.arch_irq_is_enabled
                0x0000000000002458       0x1c zephyr/arch/arch/arm/core/cortex_m/libarch__arm__core__cortex_m.a(irq_manage.c.obj)
                0x0000000000002458                arch_irq_is_enabled
 .text.z_arm_irq_priority_set
                0x0000000000002474       0x2c zephyr/arch/arch/arm/core/cortex_m/libarch__arm__core__cortex_m.a(irq_manage.c.obj)
                0x0000000000002474                z_arm_irq_priority_set
 .text.z_prep_c
                0x00000000000024a0       0x5c zephyr/arch/arch/arm/core/cortex_m/libarch__arm__core__cortex_m.a(prep_c.c.obj)
                0x00000000000024a0                z_prep_c
 .text.arch_new_thread
                0x00000000000024fc       0x40 zephyr/arch/arch/arm/core/cortex_m/libarch__arm__core__cortex_m.a(thread.c.obj)
                0x00000000000024fc                arch_new_thread
 .text.arch_float_disable
                0x000000000000253c       0x48 zephyr/arch/arch/arm/core/cortex_m/libarch__arm__core__cortex_m.a(thread.c.obj)
                0x000000000000253c                arch_float_disable
 .text.arch_switch_to_main_thread
                0x0000000000002584       0x58 zephyr/arch/arch/arm/core/cortex_m/libarch__arm__core__cortex_m.a(thread.c.obj)
                0x0000000000002584                arch_switch_to_main_thread
 .text.z_arm_cpu_idle_init
                0x00000000000025dc        0xc zephyr/arch/arch/arm/core/cortex_m/libarch__arm__core__cortex_m.a(cpu_idle.c.obj)
                0x00000000000025dc                z_arm_cpu_idle_init
 .text.z_arm_interrupt_init
                0x00000000000025e8       0x18 zephyr/arch/arch/arm/core/cortex_m/libarch__arm__core__cortex_m.a(irq_init.c.obj)
                0x00000000000025e8                z_arm_interrupt_init
 .text._isr_wrapper
                0x0000000000002600       0x24 zephyr/arch/arch/arm/core/cortex_m/libarch__arm__core__cortex_m.a(isr_wrapper.c.obj)
                0x0000000000002600                _isr_wrapper
 .text.__stdout_hook_install
                0x0000000000002624        0xc zephyr/lib/libc/minimal/liblib__libc__minimal.a(stdout_console.c.obj)
                0x0000000000002624                __stdout_hook_install
 .text.nordicsemi_nrf91_init
                0x0000000000002630       0x10 zephyr/soc/soc/nrf9161/libsoc__nordic.a(soc.c.obj)
 .text.arch_busy_wait
                0x0000000000002640       0x14 zephyr/soc/soc/nrf9161/libsoc__nordic.a(soc.c.obj)
                0x0000000000002640                arch_busy_wait
 .text.onoff_stop
                0x0000000000002654       0x30 zephyr/drivers/clock_control/libdrivers__clock_control.a(clock_control_nrf.c.obj)
 .text.onoff_start
                0x0000000000002684       0x44 zephyr/drivers/clock_control/libdrivers__clock_control.a(clock_control_nrf.c.obj)
 .text.generic_hfclk_stop
                0x00000000000026c8       0x34 zephyr/drivers/clock_control/libdrivers__clock_control.a(clock_control_nrf.c.obj)
 .text.clk_init
                0x00000000000026fc       0x58 zephyr/drivers/clock_control/libdrivers__clock_control.a(clock_control_nrf.c.obj)
 .text.api_blocking_start
                0x0000000000002754       0x34 zephyr/drivers/clock_control/libdrivers__clock_control.a(clock_control_nrf.c.obj)
 .text.clkstarted_handle.constprop.0
                0x0000000000002788       0x4c zephyr/drivers/clock_control/libdrivers__clock_control.a(clock_control_nrf.c.obj)
 .text.generic_hfclk_start
                0x00000000000027d4       0x7c zephyr/drivers/clock_control/libdrivers__clock_control.a(clock_control_nrf.c.obj)
 .text.clock_event_handler
                0x0000000000002850       0x1c zephyr/drivers/clock_control/libdrivers__clock_control.a(clock_control_nrf.c.obj)
 .text.z_nrf_clock_control_lf_on
                0x000000000000286c       0xf8 zephyr/drivers/clock_control/libdrivers__clock_control.a(clock_control_nrf.c.obj)
                0x000000000000286c                z_nrf_clock_control_lf_on
 .text.uart_console_init
                0x0000000000002964       0x28 zephyr/drivers/console/libdrivers__console.a(uart_console.c.obj)
 .text.console_out
                0x000000000000298c       0x28 zephyr/drivers/console/libdrivers__console.a(uart_console.c.obj)
 .text.flash_nrf_pages_layout
                0x00000000000029b4       0x10 zephyr/drivers/flash/libdrivers__flash.a(soc_flash_nrf.c.obj)
 .text.flash_nrf_get_parameters
                0x00000000000029c4        0x8 zephyr/drivers/flash/libdrivers__flash.a(soc_flash_nrf.c.obj)
 .text.nrf_flash_init
                0x00000000000029cc       0x28 zephyr/drivers/flash/libdrivers__flash.a(soc_flash_nrf.c.obj)
 .text.flash_nrf_erase
                0x00000000000029f4       0x64 zephyr/drivers/flash/libdrivers__flash.a(soc_flash_nrf.c.obj)
 .text.flash_nrf_write
                0x0000000000002a58       0x64 zephyr/drivers/flash/libdrivers__flash.a(soc_flash_nrf.c.obj)
 .text.gpio_nrfx_init
                0x0000000000002abc       0x48 zephyr/drivers/gpio/libdrivers__gpio.a(gpio_nrfx.c.obj)
 .text.nrfx_gpio_handler
                0x0000000000002b04       0x3c zephyr/drivers/gpio/libdrivers__gpio.a(gpio_nrfx.c.obj)
 .text.gpio_nrfx_pin_configure
                0x0000000000002b40      0x17c zephyr/drivers/gpio/libdrivers__gpio.a(gpio_nrfx.c.obj)
 .text.gpio_nrfx_pin_interrupt_configure
                0x0000000000002cbc       0xf4 zephyr/drivers/gpio/libdrivers__gpio.a(gpio_nrfx.c.obj)
 .text.pinctrl_configure_pins
                0x0000000000002db0      0x17c zephyr/drivers/pinctrl/libdrivers__pinctrl.a(pinctrl_nrf.c.obj)
                0x0000000000002db0                pinctrl_configure_pins
 .text.uarte_nrfx_poll_out
                0x0000000000002f2c       0xb4 zephyr/drivers/serial/libdrivers__serial.a(uart_nrfx_uarte.c.obj)
 .text.uarte_instance_init.constprop.0
                0x0000000000002fe0       0xf8 zephyr/drivers/serial/libdrivers__serial.a(uart_nrfx_uarte.c.obj)
 .text.compare_int_lock
                0x00000000000030d8       0x40 zephyr/drivers/timer/libdrivers__timer.a(nrf_rtc_timer.c.obj)
 .text.sys_clock_timeout_handler
                0x0000000000003118       0x48 zephyr/drivers/timer/libdrivers__timer.a(nrf_rtc_timer.c.obj)
 .text.compare_int_unlock
                0x0000000000003160       0x4c zephyr/drivers/timer/libdrivers__timer.a(nrf_rtc_timer.c.obj)
 .text.z_nrf_rtc_timer_read
                0x00000000000031ac       0x44 zephyr/drivers/timer/libdrivers__timer.a(nrf_rtc_timer.c.obj)
                0x00000000000031ac                z_nrf_rtc_timer_read
 .text.compare_set
                0x00000000000031f0      0x124 zephyr/drivers/timer/libdrivers__timer.a(nrf_rtc_timer.c.obj)
 .text.sys_clock_driver_init
                0x0000000000003314       0x90 zephyr/drivers/timer/libdrivers__timer.a(nrf_rtc_timer.c.obj)
 .text.rtc_nrf_isr
                0x00000000000033a4       0xd0 zephyr/drivers/timer/libdrivers__timer.a(nrf_rtc_timer.c.obj)
                0x00000000000033a4                rtc_nrf_isr
 .text.sys_clock_set_timeout
                0x0000000000003474       0x5c zephyr/drivers/timer/libdrivers__timer.a(nrf_rtc_timer.c.obj)
                0x0000000000003474                sys_clock_set_timeout
 .text.sys_clock_elapsed
                0x00000000000034d0       0x14 zephyr/drivers/timer/libdrivers__timer.a(nrf_rtc_timer.c.obj)
                0x00000000000034d0                sys_clock_elapsed
 .text.sys_clock_disable
                0x00000000000034e4       0x30 zephyr/drivers/timer/libdrivers__timer.a(nrf_rtc_timer.c.obj)
                0x00000000000034e4                sys_clock_disable
 .text.fprotect_area
                0x0000000000003514       0x3c modules/nrf/lib/fprotect/lib..__nrf__lib__fprotect.a(fprotect_spu.c.obj)
                0x0000000000003514                fprotect_area
 .text.boot_write_magic
                0x0000000000003550       0x40 modules/mcuboot/boot/bootutil/zephyr/libmcuboot_util.a(bootutil_public.c.obj)
                0x0000000000003550                boot_write_magic
 .text.boot_read_swap_state
                0x0000000000003590       0xac modules/mcuboot/boot/bootutil/zephyr/libmcuboot_util.a(bootutil_public.c.obj)
                0x0000000000003590                boot_read_swap_state
 .text.boot_swap_type_multi
                0x000000000000363c      0x100 modules/mcuboot/boot/bootutil/zephyr/libmcuboot_util.a(bootutil_public.c.obj)
                0x000000000000363c                boot_swap_type_multi
 .text.uicr_HFXOCNT_erased
                0x000000000000373c       0x40 modules/hal_nordic/nrfx/libmodules__hal_nordic__nrfx.a(system_nrf91.c.obj)
 .text.uicr_HFXOSRC_erased
                0x000000000000377c       0x3c modules/hal_nordic/nrfx/libmodules__hal_nordic__nrfx.a(system_nrf91.c.obj)
 .text.SystemInit
                0x00000000000037b8      0x1d0 modules/hal_nordic/nrfx/libmodules__hal_nordic__nrfx.a(system_nrf91.c.obj)
                0x00000000000037b8                SystemInit
 .text.nrfx_flag32_alloc
                0x0000000000003988       0x40 modules/hal_nordic/nrfx/libmodules__hal_nordic__nrfx.a(nrfx_flag32_allocator.c.obj)
                0x0000000000003988                nrfx_flag32_alloc
 .text.nrfx_flag32_free
                0x00000000000039c8       0x38 modules/hal_nordic/nrfx/libmodules__hal_nordic__nrfx.a(nrfx_flag32_allocator.c.obj)
                0x00000000000039c8                nrfx_flag32_free
 .text.nrfx_gppi_channels_enable
                0x0000000000003a00        0xc modules/hal_nordic/nrfx/libmodules__hal_nordic__nrfx.a(nrfx_gppi_dppi.c.obj)
                0x0000000000003a00                nrfx_gppi_channels_enable
 .text.nrfx_gppi_channel_alloc
                0x0000000000003a0c        0xc modules/hal_nordic/nrfx/libmodules__hal_nordic__nrfx.a(nrfx_gppi_dppi.c.obj)
                0x0000000000003a0c                nrfx_gppi_channel_alloc
 .text.nrfx_clock_init
                0x0000000000003a18       0x20 modules/hal_nordic/nrfx/libmodules__hal_nordic__nrfx.a(nrfx_clock.c.obj)
                0x0000000000003a18                nrfx_clock_init
 .text.nrfx_clock_enable
                0x0000000000003a38       0x28 modules/hal_nordic/nrfx/libmodules__hal_nordic__nrfx.a(nrfx_clock.c.obj)
                0x0000000000003a38                nrfx_clock_enable
 .text.nrfx_clock_start
                0x0000000000003a60       0xb0 modules/hal_nordic/nrfx/libmodules__hal_nordic__nrfx.a(nrfx_clock.c.obj)
                0x0000000000003a60                nrfx_clock_start
 .text.nrfx_power_clock_irq_handler
                0x0000000000003b10       0x64 modules/hal_nordic/nrfx/libmodules__hal_nordic__nrfx.a(nrfx_clock.c.obj)
                0x0000000000003b10                nrfx_power_clock_irq_handler
 .text.nrfx_dppi_channel_alloc
                0x0000000000003b74       0x10 modules/hal_nordic/nrfx/libmodules__hal_nordic__nrfx.a(nrfx_dppi.c.obj)
                0x0000000000003b74                nrfx_dppi_channel_alloc
 .text.nrf_gpio_pin_port_decode
                0x0000000000003b84       0x18 modules/hal_nordic/nrfx/libmodules__hal_nordic__nrfx.a(nrfx_gpiote.c.obj)
 .text.call_handler.constprop.0
                0x0000000000003b9c       0x3c modules/hal_nordic/nrfx/libmodules__hal_nordic__nrfx.a(nrfx_gpiote.c.obj)
 .text.latch_pending_read_and_check
                0x0000000000003bd8       0x1c modules/hal_nordic/nrfx/libmodules__hal_nordic__nrfx.a(nrfx_gpiote.c.obj)
 .text.release_handler.isra.0
                0x0000000000003bf4       0x58 modules/hal_nordic/nrfx/libmodules__hal_nordic__nrfx.a(nrfx_gpiote.c.obj)
 .text.__nrfy_internal_gpiote_events_process.constprop.0
                0x0000000000003c4c       0x5c modules/hal_nordic/nrfx/libmodules__hal_nordic__nrfx.a(nrfx_gpiote.c.obj)
 .text.pin_trigger_disable
                0x0000000000003ca8       0x40 modules/hal_nordic/nrfx/libmodules__hal_nordic__nrfx.a(nrfx_gpiote.c.obj)
 .text.pin_uninit
                0x0000000000003ce8       0x78 modules/hal_nordic/nrfx/libmodules__hal_nordic__nrfx.a(nrfx_gpiote.c.obj)
 .text.nrfx_gpiote_input_configure
                0x0000000000003d60      0x15c modules/hal_nordic/nrfx/libmodules__hal_nordic__nrfx.a(nrfx_gpiote.c.obj)
                0x0000000000003d60                nrfx_gpiote_input_configure
 .text.nrfx_gpiote_output_configure
                0x0000000000003ebc       0xf0 modules/hal_nordic/nrfx/libmodules__hal_nordic__nrfx.a(nrfx_gpiote.c.obj)
                0x0000000000003ebc                nrfx_gpiote_output_configure
 .text.nrfx_gpiote_global_callback_set
                0x0000000000003fac        0xc modules/hal_nordic/nrfx/libmodules__hal_nordic__nrfx.a(nrfx_gpiote.c.obj)
                0x0000000000003fac                nrfx_gpiote_global_callback_set
 .text.nrfx_gpiote_channel_get
                0x0000000000003fb8       0x24 modules/hal_nordic/nrfx/libmodules__hal_nordic__nrfx.a(nrfx_gpiote.c.obj)
                0x0000000000003fb8                nrfx_gpiote_channel_get
 .text.nrfx_gpiote_init
                0x0000000000003fdc       0x64 modules/hal_nordic/nrfx/libmodules__hal_nordic__nrfx.a(nrfx_gpiote.c.obj)
                0x0000000000003fdc                nrfx_gpiote_init
 .text.nrfx_gpiote_init_check
                0x0000000000004040       0x14 modules/hal_nordic/nrfx/libmodules__hal_nordic__nrfx.a(nrfx_gpiote.c.obj)
                0x0000000000004040                nrfx_gpiote_init_check
 .text.nrfx_gpiote_channel_free
                0x0000000000004054        0xc modules/hal_nordic/nrfx/libmodules__hal_nordic__nrfx.a(nrfx_gpiote.c.obj)
                0x0000000000004054                nrfx_gpiote_channel_free
 .text.nrfx_gpiote_channel_alloc
                0x0000000000004060        0xc modules/hal_nordic/nrfx/libmodules__hal_nordic__nrfx.a(nrfx_gpiote.c.obj)
                0x0000000000004060                nrfx_gpiote_channel_alloc
 .text.nrfx_gpiote_trigger_enable
                0x000000000000406c       0x94 modules/hal_nordic/nrfx/libmodules__hal_nordic__nrfx.a(nrfx_gpiote.c.obj)
                0x000000000000406c                nrfx_gpiote_trigger_enable
 .text.nrfx_gpiote_0_irq_handler
                0x0000000000004100      0x15c modules/hal_nordic/nrfx/libmodules__hal_nordic__nrfx.a(nrfx_gpiote.c.obj)
                0x0000000000004100                nrfx_gpiote_0_irq_handler
 .text.nvmc_readonly_mode_set
                0x000000000000425c       0x14 modules/hal_nordic/nrfx/libmodules__hal_nordic__nrfx.a(nrfx_nvmc.c.obj)
 .text.nvmc_word_write
                0x0000000000004270       0x18 modules/hal_nordic/nrfx/libmodules__hal_nordic__nrfx.a(nrfx_nvmc.c.obj)
 .text.nrfx_nvmc_page_erase
                0x0000000000004288       0x3c modules/hal_nordic/nrfx/libmodules__hal_nordic__nrfx.a(nrfx_nvmc.c.obj)
                0x0000000000004288                nrfx_nvmc_page_erase
 .text.nrfx_nvmc_word_write
                0x00000000000042c4       0x20 modules/hal_nordic/nrfx/libmodules__hal_nordic__nrfx.a(nrfx_nvmc.c.obj)
                0x00000000000042c4                nrfx_nvmc_word_write
 .text.z_fatal_error
                0x00000000000042e4       0x30 zephyr/kernel/libkernel.a(fatal.c.obj)
                0x00000000000042e4                z_fatal_error
 .text.z_sys_init_run_level
                0x0000000000004314       0x2c zephyr/kernel/libkernel.a(init.c.obj)
 .text.bg_thread_main
                0x0000000000004340       0xc4 zephyr/kernel/libkernel.a(init.c.obj)
 .text.z_bss_zero
                0x0000000000004404       0x18 zephyr/kernel/libkernel.a(init.c.obj)
                0x0000000000004404                z_bss_zero
 .text.z_init_cpu
                0x000000000000441c       0x68 zephyr/kernel/libkernel.a(init.c.obj)
                0x000000000000441c                z_init_cpu
 .text.z_cstart
                0x0000000000004484       0xd4 zephyr/kernel/libkernel.a(init.c.obj)
                0x0000000000004484                z_cstart
 .text.init_mem_slab_obj_core_list
                0x0000000000004558       0x24 zephyr/kernel/libkernel.a(mem_slab.c.obj)
 .text.k_mem_slab_alloc
                0x000000000000457c       0x5c zephyr/kernel/libkernel.a(mem_slab.c.obj)
                0x000000000000457c                k_mem_slab_alloc
 .text.z_impl_k_mutex_lock
                0x00000000000045d8       0xf0 zephyr/kernel/libkernel.a(mutex.c.obj)
                0x00000000000045d8                z_impl_k_mutex_lock
 .text.z_impl_k_mutex_unlock
                0x00000000000046c8       0x78 zephyr/kernel/libkernel.a(mutex.c.obj)
                0x00000000000046c8                z_impl_k_mutex_unlock
 .text.z_impl_k_sem_give
                0x0000000000004740       0x48 zephyr/kernel/libkernel.a(sem.c.obj)
                0x0000000000004740                z_impl_k_sem_give
 .text.z_impl_k_sem_take
                0x0000000000004788       0x4c zephyr/kernel/libkernel.a(sem.c.obj)
                0x0000000000004788                z_impl_k_sem_take
 .text.z_setup_new_thread
                0x00000000000047d4       0x60 zephyr/kernel/libkernel.a(thread.c.obj)
                0x00000000000047d4                z_setup_new_thread
 .text.update_cache
                0x0000000000004834       0x3c zephyr/kernel/libkernel.a(sched.c.obj)
 .text.unready_thread
                0x0000000000004870       0x30 zephyr/kernel/libkernel.a(sched.c.obj)
 .text.ready_thread
                0x00000000000048a0       0x68 zephyr/kernel/libkernel.a(sched.c.obj)
 .text.z_thread_halt
                0x0000000000004908       0xf0 zephyr/kernel/libkernel.a(sched.c.obj)
 .text.move_thread_to_end_of_prio_q
                0x00000000000049f8       0x74 zephyr/kernel/libkernel.a(sched.c.obj)
                0x00000000000049f8                move_thread_to_end_of_prio_q
 .text.z_pend_curr
                0x0000000000004a6c       0x58 zephyr/kernel/libkernel.a(sched.c.obj)
                0x0000000000004a6c                z_pend_curr
 .text.z_thread_prio_set
                0x0000000000004ac4       0x88 zephyr/kernel/libkernel.a(sched.c.obj)
                0x0000000000004ac4                z_thread_prio_set
 .text.z_reschedule
                0x0000000000004b4c       0x24 zephyr/kernel/libkernel.a(sched.c.obj)
                0x0000000000004b4c                z_reschedule
 .text.z_sched_start
                0x0000000000004b70       0x3c zephyr/kernel/libkernel.a(sched.c.obj)
                0x0000000000004b70                z_sched_start
 .text.z_reschedule_irqlock
                0x0000000000004bac       0x28 zephyr/kernel/libkernel.a(sched.c.obj)
                0x0000000000004bac                z_reschedule_irqlock
 .text.k_sched_lock
                0x0000000000004bd4       0x28 zephyr/kernel/libkernel.a(sched.c.obj)
                0x0000000000004bd4                k_sched_lock
 .text.k_sched_unlock
                0x0000000000004bfc       0x40 zephyr/kernel/libkernel.a(sched.c.obj)
                0x0000000000004bfc                k_sched_unlock
 .text.z_sched_init
                0x0000000000004c3c       0x10 zephyr/kernel/libkernel.a(sched.c.obj)
                0x0000000000004c3c                z_sched_init
 .text.z_impl_k_yield
                0x0000000000004c4c       0x7c zephyr/kernel/libkernel.a(sched.c.obj)
                0x0000000000004c4c                z_impl_k_yield
 .text.z_tick_sleep
                0x0000000000004cc8       0x88 zephyr/kernel/libkernel.a(sched.c.obj)
 .text.z_impl_k_sleep
                0x0000000000004d50       0x3c zephyr/kernel/libkernel.a(sched.c.obj)
                0x0000000000004d50                z_impl_k_sleep
 .text.z_impl_k_sched_current_thread_query
                0x0000000000004d8c        0xc zephyr/kernel/libkernel.a(sched.c.obj)
                0x0000000000004d8c                z_impl_k_sched_current_thread_query
 .text.slice_timeout
                0x0000000000004d98       0x20 zephyr/kernel/libkernel.a(timeslicing.c.obj)
 .text.thread_is_sliceable
                0x0000000000004db8       0x3c zephyr/kernel/libkernel.a(timeslicing.c.obj)
                0x0000000000004db8                thread_is_sliceable
 .text.z_reset_time_slice
                0x0000000000004df4       0x50 zephyr/kernel/libkernel.a(timeslicing.c.obj)
                0x0000000000004df4                z_reset_time_slice
 .text.z_time_slice
                0x0000000000004e44       0x60 zephyr/kernel/libkernel.a(timeslicing.c.obj)
                0x0000000000004e44                z_time_slice
 .text.z_data_copy
                0x0000000000004ea4       0x34 zephyr/kernel/libkernel.a(xip.c.obj)
                0x0000000000004ea4                z_data_copy
 .text.elapsed  0x0000000000004ed8       0x14 zephyr/kernel/libkernel.a(timeout.c.obj)
 .text.remove_timeout
                0x0000000000004eec       0x38 zephyr/kernel/libkernel.a(timeout.c.obj)
 .text.next_timeout
                0x0000000000004f24       0x40 zephyr/kernel/libkernel.a(timeout.c.obj)
 .text.z_add_timeout
                0x0000000000004f64       0xf4 zephyr/kernel/libkernel.a(timeout.c.obj)
                0x0000000000004f64                z_add_timeout
 .text.sys_clock_announce
                0x0000000000005058       0xd0 zephyr/kernel/libkernel.a(timeout.c.obj)
                0x0000000000005058                sys_clock_announce
 .text.sys_clock_tick_get
                0x0000000000005128       0x30 zephyr/kernel/libkernel.a(timeout.c.obj)
                0x0000000000005128                sys_clock_tick_get
 .text.nrf_cc3xx_platform_init_no_rng
                0x0000000000005158       0x38 C:/ncs/v2.9.0/nrfxlib/crypto/nrf_cc310_platform/lib/cortex-m33/hard-float/no-interrupts/libnrf_cc310_platform_0.9.19.a(nrf_cc3xx_platform.c.obj)
                0x0000000000005158                nrf_cc3xx_platform_init_no_rng
 .text.nrf_cc3xx_platform_abort
                0x0000000000005190       0x24 C:/ncs/v2.9.0/nrfxlib/crypto/nrf_cc310_platform/lib/cortex-m33/hard-float/no-interrupts/libnrf_cc310_platform_0.9.19.a(nrf_cc3xx_platform_abort.c.obj)
 .text.CC_PalAbort
                0x00000000000051b4       0x34 C:/ncs/v2.9.0/nrfxlib/crypto/nrf_cc310_platform/lib/cortex-m33/hard-float/no-interrupts/libnrf_cc310_platform_0.9.19.a(nrf_cc3xx_platform_abort.c.obj)
                0x00000000000051b4                CC_PalAbort
 .text.nrf_cc3xx_platform_set_abort
                0x00000000000051e8       0x10 C:/ncs/v2.9.0/nrfxlib/crypto/nrf_cc310_platform/lib/cortex-m33/hard-float/no-interrupts/libnrf_cc310_platform_0.9.19.a(nrf_cc3xx_platform_abort.c.obj)
                0x00000000000051e8                nrf_cc3xx_platform_set_abort
 .text.mutex_free
                0x00000000000051f8       0x34 C:/ncs/v2.9.0/nrfxlib/crypto/nrf_cc310_platform/lib/cortex-m33/hard-float/no-interrupts/libnrf_cc310_platform_0.9.19.a(nrf_cc3xx_platform_mutex.c.obj)
 .text.mutex_lock
                0x000000000000522c       0x48 C:/ncs/v2.9.0/nrfxlib/crypto/nrf_cc310_platform/lib/cortex-m33/hard-float/no-interrupts/libnrf_cc310_platform_0.9.19.a(nrf_cc3xx_platform_mutex.c.obj)
 .text.mutex_unlock
                0x0000000000005274       0x38 C:/ncs/v2.9.0/nrfxlib/crypto/nrf_cc310_platform/lib/cortex-m33/hard-float/no-interrupts/libnrf_cc310_platform_0.9.19.a(nrf_cc3xx_platform_mutex.c.obj)
 .text.mutex_init
                0x00000000000052ac       0x20 C:/ncs/v2.9.0/nrfxlib/crypto/nrf_cc310_platform/lib/cortex-m33/hard-float/no-interrupts/libnrf_cc310_platform_0.9.19.a(nrf_cc3xx_platform_mutex.c.obj)
 .text.nrf_cc3xx_platform_set_mutexes
                0x00000000000052cc       0x74 C:/ncs/v2.9.0/nrfxlib/crypto/nrf_cc310_platform/lib/cortex-m33/hard-float/no-interrupts/libnrf_cc310_platform_0.9.19.a(nrf_cc3xx_platform_mutex.c.obj)
                0x00000000000052cc                nrf_cc3xx_platform_set_mutexes
 .text.CC_LibInitNoRng
                0x0000000000005340       0x64 C:/ncs/v2.9.0/nrfxlib/crypto/nrf_cc310_platform/lib/cortex-m33/hard-float/no-interrupts/libnrf_cc310_platform_0.9.19.a(cc_lib.c.obj)
                0x0000000000005340                CC_LibInitNoRng
 .text.CC_HalInit
                0x00000000000053a4        0x4 C:/ncs/v2.9.0/nrfxlib/crypto/nrf_cc310_platform/lib/cortex-m33/hard-float/no-interrupts/libnrf_cc310_platform_0.9.19.a(cc_hal.c.obj)
                0x00000000000053a4                CC_HalInit
 .text.CC_HalTerminate
                0x00000000000053a8        0x4 C:/ncs/v2.9.0/nrfxlib/crypto/nrf_cc310_platform/lib/cortex-m33/hard-float/no-interrupts/libnrf_cc310_platform_0.9.19.a(cc_hal.c.obj)
                0x00000000000053a8                CC_HalTerminate
 .text.CC_HalMaskInterrupt
                0x00000000000053ac        0xc C:/ncs/v2.9.0/nrfxlib/crypto/nrf_cc310_platform/lib/cortex-m33/hard-float/no-interrupts/libnrf_cc310_platform_0.9.19.a(cc_hal.c.obj)
                0x00000000000053ac                CC_HalMaskInterrupt
 .text.CC_PalInit
                0x00000000000053b8       0x5c C:/ncs/v2.9.0/nrfxlib/crypto/nrf_cc310_platform/lib/cortex-m33/hard-float/no-interrupts/libnrf_cc310_platform_0.9.19.a(cc_pal.c.obj)
                0x00000000000053b8                CC_PalInit
 .text.CC_PalTerminate
                0x0000000000005414       0x34 C:/ncs/v2.9.0/nrfxlib/crypto/nrf_cc310_platform/lib/cortex-m33/hard-float/no-interrupts/libnrf_cc310_platform_0.9.19.a(cc_pal.c.obj)
                0x0000000000005414                CC_PalTerminate
 .text.CC_PalDmaInit
                0x0000000000005448        0x4 C:/ncs/v2.9.0/nrfxlib/crypto/nrf_cc310_platform/lib/cortex-m33/hard-float/no-interrupts/libnrf_cc310_platform_0.9.19.a(cc_pal_dma.c.obj)
                0x0000000000005448                CC_PalDmaInit
 .text.CC_PalDmaTerminate
                0x000000000000544c        0x4 C:/ncs/v2.9.0/nrfxlib/crypto/nrf_cc310_platform/lib/cortex-m33/hard-float/no-interrupts/libnrf_cc310_platform_0.9.19.a(cc_pal_dma.c.obj)
                0x000000000000544c                CC_PalDmaTerminate
 .text.CC_PalMutexCreate
                0x0000000000005450       0x14 C:/ncs/v2.9.0/nrfxlib/crypto/nrf_cc310_platform/lib/cortex-m33/hard-float/no-interrupts/libnrf_cc310_platform_0.9.19.a(cc_pal_mutex.c.obj)
                0x0000000000005450                CC_PalMutexCreate
 .text.CC_PalMutexDestroy
                0x0000000000005464       0x14 C:/ncs/v2.9.0/nrfxlib/crypto/nrf_cc310_platform/lib/cortex-m33/hard-float/no-interrupts/libnrf_cc310_platform_0.9.19.a(cc_pal_mutex.c.obj)
                0x0000000000005464                CC_PalMutexDestroy
 .text.CC_PalPowerSaveModeInit
                0x0000000000005478       0x3c C:/ncs/v2.9.0/nrfxlib/crypto/nrf_cc310_platform/lib/cortex-m33/hard-float/no-interrupts/libnrf_cc310_platform_0.9.19.a(cc_pal_pm.c.obj)
                0x0000000000005478                CC_PalPowerSaveModeInit
 .text.CC_PalPowerSaveModeSelect
                0x00000000000054b4       0x84 C:/ncs/v2.9.0/nrfxlib/crypto/nrf_cc310_platform/lib/cortex-m33/hard-float/no-interrupts/libnrf_cc310_platform_0.9.19.a(cc_pal_pm.c.obj)
                0x00000000000054b4                CC_PalPowerSaveModeSelect
 .text.verify_context_ecdsa_verify_secp256r1
                0x0000000000005538       0x20 C:/ncs/v2.9.0/nrfxlib/crypto/nrf_cc310_bl/lib/cortex-m33/hard-float/no-interrupts/libnrf_cc310_bl_0.9.12.a(nrf_cc310_bl_ecdsa_verify_secp256r1.c.obj)
 .text.nrf_cc310_bl_ecdsa_verify_init_secp256r1
                0x0000000000005558       0x4c C:/ncs/v2.9.0/nrfxlib/crypto/nrf_cc310_bl/lib/cortex-m33/hard-float/no-interrupts/libnrf_cc310_bl_0.9.12.a(nrf_cc310_bl_ecdsa_verify_secp256r1.c.obj)
                0x0000000000005558                nrf_cc310_bl_ecdsa_verify_init_secp256r1
 .text.nrf_cc310_bl_ecdsa_verify_hash_secp256r1
                0x00000000000055a4      0x168 C:/ncs/v2.9.0/nrfxlib/crypto/nrf_cc310_bl/lib/cortex-m33/hard-float/no-interrupts/libnrf_cc310_bl_0.9.12.a(nrf_cc310_bl_ecdsa_verify_secp256r1.c.obj)
                0x00000000000055a4                nrf_cc310_bl_ecdsa_verify_hash_secp256r1
 .text.set_digest_in_hw_sha256
                0x000000000000570c       0x38 C:/ncs/v2.9.0/nrfxlib/crypto/nrf_cc310_bl/lib/cortex-m33/hard-float/no-interrupts/libnrf_cc310_bl_0.9.12.a(nrf_cc310_bl_hash_sha256.c.obj)
 .text.read_digest_in_hw_sha256
                0x0000000000005744       0x54 C:/ncs/v2.9.0/nrfxlib/crypto/nrf_cc310_bl/lib/cortex-m33/hard-float/no-interrupts/libnrf_cc310_bl_0.9.12.a(nrf_cc310_bl_hash_sha256.c.obj)
 .text.verify_context_hash_sha256
                0x0000000000005798       0x20 C:/ncs/v2.9.0/nrfxlib/crypto/nrf_cc310_bl/lib/cortex-m33/hard-float/no-interrupts/libnrf_cc310_bl_0.9.12.a(nrf_cc310_bl_hash_sha256.c.obj)
 .text.nrf_cc310_bl_hash_sha256_init
                0x00000000000057b8       0x34 C:/ncs/v2.9.0/nrfxlib/crypto/nrf_cc310_bl/lib/cortex-m33/hard-float/no-interrupts/libnrf_cc310_bl_0.9.12.a(nrf_cc310_bl_hash_sha256.c.obj)
                0x00000000000057b8                nrf_cc310_bl_hash_sha256_init
 .text.nrf_cc310_bl_hash_sha256_update
                0x00000000000057ec       0xb0 C:/ncs/v2.9.0/nrfxlib/crypto/nrf_cc310_bl/lib/cortex-m33/hard-float/no-interrupts/libnrf_cc310_bl_0.9.12.a(nrf_cc310_bl_hash_sha256.c.obj)
                0x00000000000057ec                nrf_cc310_bl_hash_sha256_update
 .text.nrf_cc310_bl_hash_sha256_finalize
                0x000000000000589c       0x60 C:/ncs/v2.9.0/nrfxlib/crypto/nrf_cc310_bl/lib/cortex-m33/hard-float/no-interrupts/libnrf_cc310_bl_0.9.12.a(nrf_cc310_bl_hash_sha256.c.obj)
                0x000000000000589c                nrf_cc310_bl_hash_sha256_finalize
 .text.nrf_cc310_bl_init
                0x00000000000058fc       0x34 C:/ncs/v2.9.0/nrfxlib/crypto/nrf_cc310_bl/lib/cortex-m33/hard-float/no-interrupts/libnrf_cc310_bl_0.9.12.a(nrf_cc310_bl_init.c.obj)
                0x00000000000058fc                nrf_cc310_bl_init
 .text.PkaSetRegsMapTab
                0x0000000000005930       0x48 C:/ncs/v2.9.0/nrfxlib/crypto/nrf_cc310_bl/lib/cortex-m33/hard-float/no-interrupts/libnrf_cc310_bl_0.9.12.a(pka.c.obj)
                0x0000000000005930                PkaSetRegsMapTab
 .text.PkaGetRegEffectiveSizeInBits
                0x0000000000005978       0x8c C:/ncs/v2.9.0/nrfxlib/crypto/nrf_cc310_bl/lib/cortex-m33/hard-float/no-interrupts/libnrf_cc310_bl_0.9.12.a(pka.c.obj)
                0x0000000000005978                PkaGetRegEffectiveSizeInBits
 .text.PkaGetNextMsBit
                0x0000000000005a04       0x7c C:/ncs/v2.9.0/nrfxlib/crypto/nrf_cc310_bl/lib/cortex-m33/hard-float/no-interrupts/libnrf_cc310_bl_0.9.12.a(pka.c.obj)
                0x0000000000005a04                PkaGetNextMsBit
 .text.PkaSetRegsSizesTab
                0x0000000000005a80       0x3c C:/ncs/v2.9.0/nrfxlib/crypto/nrf_cc310_bl/lib/cortex-m33/hard-float/no-interrupts/libnrf_cc310_bl_0.9.12.a(pka.c.obj)
                0x0000000000005a80                PkaSetRegsSizesTab
 .text.PkaInitPka
                0x0000000000005abc       0x74 C:/ncs/v2.9.0/nrfxlib/crypto/nrf_cc310_bl/lib/cortex-m33/hard-float/no-interrupts/libnrf_cc310_bl_0.9.12.a(pka.c.obj)
                0x0000000000005abc                PkaInitPka
 .text.PkaClearBlockOfRegs
                0x0000000000005b30      0x134 C:/ncs/v2.9.0/nrfxlib/crypto/nrf_cc310_bl/lib/cortex-m33/hard-float/no-interrupts/libnrf_cc310_bl_0.9.12.a(pka.c.obj)
                0x0000000000005b30                PkaClearBlockOfRegs
 .text.PkaFinishAndMutexUnlock
                0x0000000000005c64       0x24 C:/ncs/v2.9.0/nrfxlib/crypto/nrf_cc310_bl/lib/cortex-m33/hard-float/no-interrupts/libnrf_cc310_bl_0.9.12.a(pka.c.obj)
                0x0000000000005c64                PkaFinishAndMutexUnlock
 .text.PkaCopyDataIntoPkaReg
                0x0000000000005c88       0xb8 C:/ncs/v2.9.0/nrfxlib/crypto/nrf_cc310_bl/lib/cortex-m33/hard-float/no-interrupts/libnrf_cc310_bl_0.9.12.a(pka.c.obj)
                0x0000000000005c88                PkaCopyDataIntoPkaReg
 .text.PkaEcdsaVerify
                0x0000000000005d40      0x284 C:/ncs/v2.9.0/nrfxlib/crypto/nrf_cc310_bl/lib/cortex-m33/hard-float/no-interrupts/libnrf_cc310_bl_0.9.12.a(pka_ec_wrst_dsa_verify.c.obj)
                0x0000000000005d40                PkaEcdsaVerify
 .text.nrf_cc310_bl_hash_update_internal
                0x0000000000005fc4       0xf0 C:/ncs/v2.9.0/nrfxlib/crypto/nrf_cc310_bl/lib/cortex-m33/hard-float/no-interrupts/libnrf_cc310_bl_0.9.12.a(nrf_cc310_bl_hash.c.obj)
                0x0000000000005fc4                nrf_cc310_bl_hash_update_internal
 .text.PkaDoubleMdf2Mdf
                0x00000000000060b4      0x1ac C:/ncs/v2.9.0/nrfxlib/crypto/nrf_cc310_bl/lib/cortex-m33/hard-float/no-interrupts/libnrf_cc310_bl_0.9.12.a(pka_ec_wrst.c.obj)
                0x00000000000060b4                PkaDoubleMdf2Mdf
 .text.PkaDoubleMdf2Jcb
                0x0000000000006260      0x178 C:/ncs/v2.9.0/nrfxlib/crypto/nrf_cc310_bl/lib/cortex-m33/hard-float/no-interrupts/libnrf_cc310_bl_0.9.12.a(pka_ec_wrst.c.obj)
                0x0000000000006260                PkaDoubleMdf2Jcb
 .text.PkaAddJcbAfn2Mdf
                0x00000000000063d8      0x194 C:/ncs/v2.9.0/nrfxlib/crypto/nrf_cc310_bl/lib/cortex-m33/hard-float/no-interrupts/libnrf_cc310_bl_0.9.12.a(pka_ec_wrst.c.obj)
                0x00000000000063d8                PkaAddJcbAfn2Mdf
 .text.PkaJcb2Afn
                0x000000000000656c       0xb0 C:/ncs/v2.9.0/nrfxlib/crypto/nrf_cc310_bl/lib/cortex-m33/hard-float/no-interrupts/libnrf_cc310_bl_0.9.12.a(pka_ec_wrst.c.obj)
                0x000000000000656c                PkaJcb2Afn
 .text.PkaAddAff
                0x000000000000661c      0x114 C:/ncs/v2.9.0/nrfxlib/crypto/nrf_cc310_bl/lib/cortex-m33/hard-float/no-interrupts/libnrf_cc310_bl_0.9.12.a(pka_ec_wrst.c.obj)
                0x000000000000661c                PkaAddAff
 .text.PkaSum2ScalarMullt
                0x0000000000006730      0x1e4 C:/ncs/v2.9.0/nrfxlib/crypto/nrf_cc310_bl/lib/cortex-m33/hard-float/no-interrupts/libnrf_cc310_bl_0.9.12.a(pka_ec_wrst.c.obj)
                0x0000000000006730                PkaSum2ScalarMullt
 .text.SaSi_HalClearInterruptBit
                0x0000000000006914        0xc C:/ncs/v2.9.0/nrfxlib/crypto/nrf_cc310_bl/lib/cortex-m33/hard-float/no-interrupts/libnrf_cc310_bl_0.9.12.a(ssi_hal.c.obj)
                0x0000000000006914                SaSi_HalClearInterruptBit
 .text.SaSi_HalMaskInterrupt
                0x0000000000006920        0xc C:/ncs/v2.9.0/nrfxlib/crypto/nrf_cc310_bl/lib/cortex-m33/hard-float/no-interrupts/libnrf_cc310_bl_0.9.12.a(ssi_hal.c.obj)
                0x0000000000006920                SaSi_HalMaskInterrupt
 .text.SaSi_HalWaitInterrupt
                0x000000000000692c       0x18 C:/ncs/v2.9.0/nrfxlib/crypto/nrf_cc310_bl/lib/cortex-m33/hard-float/no-interrupts/libnrf_cc310_bl_0.9.12.a(ssi_hal.c.obj)
                0x000000000000692c                SaSi_HalWaitInterrupt
 .text._OffsetAbsSyms
                0x0000000000006944        0x2 zephyr/CMakeFiles/offsets.dir/./arch/arm/core/offsets/offsets.c.obj
                0x0000000000006944                _OffsetAbsSyms
 .text.flash_area_get_device_id
                0x0000000000006946        0x4 app/libapp.a(flash_map_extended.c.obj)
                0x0000000000006946                flash_area_get_device_id
 .text.flash_area_get_sector
                0x000000000000694a       0x32 app/libapp.a(flash_map_extended.c.obj)
                0x000000000000694a                flash_area_get_sector
 .text.os_heap_init
                0x000000000000697c        0x2 app/libapp.a(os.c.obj)
                0x000000000000697c                os_heap_init
 .text.bootutil_tlv_iter_begin
                0x000000000000697e       0x9c app/libapp.a(tlv.c.obj)
                0x000000000000697e                bootutil_tlv_iter_begin
 .text.bootutil_tlv_iter_next
                0x0000000000006a1a       0x98 app/libapp.a(tlv.c.obj)
                0x0000000000006a1a                bootutil_tlv_iter_next
 .text.bootutil_tlv_iter_is_prot
                0x0000000000006ab2       0x1c app/libapp.a(tlv.c.obj)
                0x0000000000006ab2                bootutil_tlv_iter_is_prot
 .text.bootutil_read_bigint
                0x0000000000006ace       0x58 app/libapp.a(image_ecdsa.c.obj)
 .text.boot_trailer_sz
                0x0000000000006b26        0xa app/libapp.a(bootutil_misc.c.obj)
                0x0000000000006b26                boot_trailer_sz
 .text.boot_status_off
                0x0000000000006b30       0x16 app/libapp.a(bootutil_misc.c.obj)
                0x0000000000006b30                boot_status_off
 .text.boot_read_swap_size
                0x0000000000006b46       0x1c app/libapp.a(bootutil_misc.c.obj)
                0x0000000000006b46                boot_read_swap_size
 .text.boot_write_swap_size
                0x0000000000006b62       0x1e app/libapp.a(bootutil_misc.c.obj)
                0x0000000000006b62                boot_write_swap_size
 .text.fih_panic_loop
                0x0000000000006b80       0x26 app/libapp.a(fault_injection_hardening.c.obj)
                0x0000000000006b80                fih_panic_loop
 .text.boot_read_image_headers
                0x0000000000006ba6       0x2c app/libapp.a(loader.c.obj)
 .text.boot_read_image_size.constprop.0.isra.0
                0x0000000000006bd2       0x82 app/libapp.a(loader.c.obj)
 .text.boot_read_sectors
                0x0000000000006c54       0x42 app/libapp.a(loader.c.obj)
 .text.boot_status_reset
                0x0000000000006c96       0x12 app/libapp.a(loader.c.obj)
                0x0000000000006c96                boot_status_reset
 .text.boot_status_is_reset
                0x0000000000006ca8       0x1a app/libapp.a(loader.c.obj)
                0x0000000000006ca8                boot_status_is_reset
 .text.boot_write_status
                0x0000000000006cc2       0x64 app/libapp.a(loader.c.obj)
                0x0000000000006cc2                boot_write_status
 .text.boot_erase_region
                0x0000000000006d26        0x4 app/libapp.a(loader.c.obj)
                0x0000000000006d26                boot_erase_region
 .text.swap_erase_trailer_sectors
                0x0000000000006d2a       0x6c app/libapp.a(swap_misc.c.obj)
                0x0000000000006d2a                swap_erase_trailer_sectors
 .text.swap_status_init
                0x0000000000006d96       0x3e app/libapp.a(swap_misc.c.obj)
                0x0000000000006d96                swap_status_init
 .text.swap_read_status
                0x0000000000006dd4       0x7a app/libapp.a(swap_misc.c.obj)
                0x0000000000006dd4                swap_read_status
 .text.app_max_sectors
                0x0000000000006e4e       0x22 app/libapp.a(swap_move.c.obj)
 .text.find_last_idx
                0x0000000000006e70       0x14 app/libapp.a(swap_move.c.obj)
                0x0000000000006e70                find_last_idx
 .text.boot_status_internal_off
                0x0000000000006e84       0x26 app/libapp.a(swap_move.c.obj)
                0x0000000000006e84                boot_status_internal_off
 .text.mbedtls_asn1_get_len
                0x0000000000006eaa       0x98 app/libapp.a(asn1parse.c.obj)
                0x0000000000006eaa                mbedtls_asn1_get_len
 .text.mbedtls_asn1_get_tag
                0x0000000000006f42       0x28 app/libapp.a(asn1parse.c.obj)
                0x0000000000006f42                mbedtls_asn1_get_tag
 .text.mbedtls_asn1_get_bitstring_null
                0x0000000000006f6a       0x28 app/libapp.a(asn1parse.c.obj)
                0x0000000000006f6a                mbedtls_asn1_get_bitstring_null
 .text.mbedtls_asn1_get_alg
                0x0000000000006f92       0x94 app/libapp.a(asn1parse.c.obj)
                0x0000000000006f92                mbedtls_asn1_get_alg
 .text.cc310_sha256_update
                0x0000000000007026       0x36 app/libapp.a(cc310_glue.c.obj)
                0x0000000000007026                cc310_sha256_update
 .text.arch_printk_char_out
                0x000000000000705c        0x4 zephyr/libzephyr.a(printk.c.obj)
                0x000000000000705c                arch_printk_char_out
 .text.printk   0x0000000000007060       0x1a zephyr/libzephyr.a(printk.c.obj)
                0x0000000000007060                printk
 .text.z_thread_entry
                0x000000000000707a       0x14 zephyr/libzephyr.a(thread_entry.c.obj)
                0x000000000000707a                z_thread_entry
 .text.process_recheck
                0x000000000000708e       0x38 zephyr/libzephyr.a(onoff.c.obj)
 .text.validate_args
                0x00000000000070c6       0x20 zephyr/libzephyr.a(onoff.c.obj)
 .text.notify_one
                0x00000000000070e6       0x2c zephyr/libzephyr.a(onoff.c.obj)
 .text.transition_complete
                0x0000000000007112       0x1c zephyr/libzephyr.a(onoff.c.obj)
 .text.onoff_manager_init
                0x000000000000712e       0x26 zephyr/libzephyr.a(onoff.c.obj)
                0x000000000000712e                onoff_manager_init
 .text.onoff_request
                0x0000000000007154       0xae zephyr/libzephyr.a(onoff.c.obj)
                0x0000000000007154                onoff_request
 .text.sys_notify_validate
                0x0000000000007202       0x22 zephyr/libzephyr.a(notify.c.obj)
                0x0000000000007202                sys_notify_validate
 .text.sys_notify_finalize
                0x0000000000007224       0x1a zephyr/libzephyr.a(notify.c.obj)
                0x0000000000007224                sys_notify_finalize
 .text._ConfigAbsSyms
                0x000000000000723e        0x2 zephyr/libzephyr.a(configs.c.obj)
                0x000000000000723e                _ConfigAbsSyms
 .text.z_log_minimal_printk
                0x0000000000007240       0x1a zephyr/libzephyr.a(log_minimal.c.obj)
                0x0000000000007240                z_log_minimal_printk
 .text.flash_area_close
                0x000000000000725a        0x2 zephyr/libzephyr.a(flash_map.c.obj)
                0x000000000000725a                flash_area_close
 .text.flash_area_read
                0x000000000000725c       0x2a zephyr/libzephyr.a(flash_map.c.obj)
                0x000000000000725c                flash_area_read
 .text.flash_area_write
                0x0000000000007286       0x2a zephyr/libzephyr.a(flash_map.c.obj)
                0x0000000000007286                flash_area_write
 .text.flash_area_erase
                0x00000000000072b0       0x34 zephyr/libzephyr.a(flash_map.c.obj)
                0x00000000000072b0                flash_area_erase
 .text.flash_area_align
                0x00000000000072e4        0xe zephyr/libzephyr.a(flash_map.c.obj)
                0x00000000000072e4                flash_area_align
 .text.flash_area_erased_val
                0x00000000000072f2        0xe zephyr/libzephyr.a(flash_map.c.obj)
                0x00000000000072f2                flash_area_erased_val
 .text.get_sectors_cb
                0x0000000000007300       0x44 zephyr/libzephyr.a(flash_map_layout.c.obj)
 .text.abort_function
                0x0000000000007344        0x2 zephyr/libzephyr.a(nrf_cc3xx_platform_abort_zephyr.c.obj)
 .text.z_arm_fatal_error
                0x0000000000007346        0xc zephyr/arch/arch/arm/core/libarch__arm__core.a(fatal.c.obj)
                0x0000000000007346                z_arm_fatal_error
 .text.z_do_kernel_oops
                0x0000000000007352        0x8 zephyr/arch/arch/arm/core/libarch__arm__core.a(fatal.c.obj)
                0x0000000000007352                z_do_kernel_oops
 .text.z_arm_nmi
                0x000000000000735a        0xe zephyr/arch/arch/arm/core/libarch__arm__core.a(nmi.c.obj)
                0x000000000000735a                z_arm_nmi
 .text.z_irq_spurious
                0x0000000000007368        0x8 zephyr/arch/arch/arm/core/cortex_m/libarch__arm__core__cortex_m.a(irq_manage.c.obj)
                0x0000000000007368                z_irq_spurious
 .text.configure_builtin_stack_guard
                0x0000000000007370        0x8 zephyr/arch/arch/arm/core/cortex_m/libarch__arm__core__cortex_m.a(thread.c.obj)
                0x0000000000007370                configure_builtin_stack_guard
 .text.arch_irq_unlock_outlined
                0x0000000000007378        0xe zephyr/arch/arch/arm/core/cortex_m/libarch__arm__core__cortex_m.a(thread.c.obj)
                0x0000000000007378                arch_irq_unlock_outlined
 .text.arch_cpu_idle
                0x0000000000007386       0x1a zephyr/arch/arch/arm/core/cortex_m/libarch__arm__core__cortex_m.a(cpu_idle.c.obj)
                0x0000000000007386                arch_cpu_idle
 .text.arch_cpu_atomic_idle
                0x00000000000073a0       0x1e zephyr/arch/arch/arm/core/cortex_m/libarch__arm__core__cortex_m.a(cpu_idle.c.obj)
                0x00000000000073a0                arch_cpu_atomic_idle
 .text.strlen   0x00000000000073be        0xe zephyr/lib/libc/minimal/liblib__libc__minimal.a(string.c.obj)
                0x00000000000073be                strlen
 .text.memcmp   0x00000000000073cc       0x20 zephyr/lib/libc/minimal/liblib__libc__minimal.a(string.c.obj)
                0x00000000000073cc                memcmp
 .text.memcpy   0x00000000000073ec       0x16 zephyr/lib/libc/minimal/liblib__libc__minimal.a(string.c.obj)
                0x00000000000073ec                memcpy
 .text.memset   0x0000000000007402       0x12 zephyr/lib/libc/minimal/liblib__libc__minimal.a(string.c.obj)
                0x0000000000007402                memset
 .text._stdout_hook_default
                0x0000000000007414        0x6 zephyr/lib/libc/minimal/liblib__libc__minimal.a(stdout_console.c.obj)
 .text.get_status
                0x000000000000741a       0x12 zephyr/drivers/clock_control/libdrivers__clock_control.a(clock_control_nrf.c.obj)
 .text.stop     0x000000000000742c       0x50 zephyr/drivers/clock_control/libdrivers__clock_control.a(clock_control_nrf.c.obj)
 .text.api_stop
                0x000000000000747c        0x6 zephyr/drivers/clock_control/libdrivers__clock_control.a(clock_control_nrf.c.obj)
 .text.async_start
                0x0000000000007482       0x5a zephyr/drivers/clock_control/libdrivers__clock_control.a(clock_control_nrf.c.obj)
 .text.api_start
                0x00000000000074dc        0xe zephyr/drivers/clock_control/libdrivers__clock_control.a(clock_control_nrf.c.obj)
 .text.onoff_started_callback
                0x00000000000074ea       0x14 zephyr/drivers/clock_control/libdrivers__clock_control.a(clock_control_nrf.c.obj)
 .text.lfclk_start
                0x00000000000074fe        0x6 zephyr/drivers/clock_control/libdrivers__clock_control.a(clock_control_nrf.c.obj)
 .text.lfclk_stop
                0x0000000000007504        0x6 zephyr/drivers/clock_control/libdrivers__clock_control.a(clock_control_nrf.c.obj)
 .text.blocking_start_callback
                0x000000000000750a        0x6 zephyr/drivers/clock_control/libdrivers__clock_control.a(clock_control_nrf.c.obj)
 .text.is_regular_addr_valid
                0x0000000000007510       0x22 zephyr/drivers/flash/libdrivers__flash.a(soc_flash_nrf.c.obj)
 .text.flash_nrf_read
                0x0000000000007532       0x28 zephyr/drivers/flash/libdrivers__flash.a(soc_flash_nrf.c.obj)
 .text.flash_get_page_info
                0x000000000000755a       0x66 zephyr/drivers/flash/libdrivers__flash.a(flash_page_layout.c.obj)
 .text.z_impl_flash_get_page_info_by_offs
                0x00000000000075c0        0x8 zephyr/drivers/flash/libdrivers__flash.a(flash_page_layout.c.obj)
                0x00000000000075c0                z_impl_flash_get_page_info_by_offs
 .text.flash_page_foreach
                0x00000000000075c8       0x58 zephyr/drivers/flash/libdrivers__flash.a(flash_page_layout.c.obj)
                0x00000000000075c8                flash_page_foreach
 .text.gpio_nrfx_port_get_raw
                0x0000000000007620        0xc zephyr/drivers/gpio/libdrivers__gpio.a(gpio_nrfx.c.obj)
 .text.gpio_nrfx_port_set_masked_raw
                0x000000000000762c       0x14 zephyr/drivers/gpio/libdrivers__gpio.a(gpio_nrfx.c.obj)
 .text.gpio_nrfx_port_set_bits_raw
                0x0000000000007640        0xa zephyr/drivers/gpio/libdrivers__gpio.a(gpio_nrfx.c.obj)
 .text.gpio_nrfx_port_clear_bits_raw
                0x000000000000764a        0xa zephyr/drivers/gpio/libdrivers__gpio.a(gpio_nrfx.c.obj)
 .text.gpio_nrfx_port_toggle_bits
                0x0000000000007654       0x14 zephyr/drivers/gpio/libdrivers__gpio.a(gpio_nrfx.c.obj)
 .text.gpio_nrfx_manage_callback
                0x0000000000007668       0x52 zephyr/drivers/gpio/libdrivers__gpio.a(gpio_nrfx.c.obj)
 .text.pinctrl_lookup_state
                0x00000000000076ba       0x26 zephyr/drivers/pinctrl/libdrivers__pinctrl.a(common.c.obj)
                0x00000000000076ba                pinctrl_lookup_state
 .text.uarte_nrfx_err_check
                0x00000000000076e0        0xe zephyr/drivers/serial/libdrivers__serial.a(uart_nrfx_uarte.c.obj)
 .text.uarte_nrfx_poll_in
                0x00000000000076ee       0x26 zephyr/drivers/serial/libdrivers__serial.a(uart_nrfx_uarte.c.obj)
 .text.is_tx_ready.isra.0
                0x0000000000007714       0x20 zephyr/drivers/serial/libdrivers__serial.a(uart_nrfx_uarte.c.obj)
 .text.uarte_nrfx_isr_int
                0x0000000000007734       0x42 zephyr/drivers/serial/libdrivers__serial.a(uart_nrfx_uarte.c.obj)
 .text.uarte_1_init
                0x0000000000007776       0x1e zephyr/drivers/serial/libdrivers__serial.a(uart_nrfx_uarte.c.obj)
 .text.uarte_0_init
                0x0000000000007794       0x1e zephyr/drivers/serial/libdrivers__serial.a(uart_nrfx_uarte.c.obj)
 .text.event_clear
                0x00000000000077b2       0x18 zephyr/drivers/timer/libdrivers__timer.a(nrf_rtc_timer.c.obj)
 .text.hw_cc3xx_init_internal
                0x00000000000077ca        0x4 modules/nrf/drivers/hw_cc3xx/lib..__nrf__drivers__hw_cc3xx.a(hw_cc3xx.c.obj)
 .text.hw_cc3xx_init
                0x00000000000077ce       0x12 modules/nrf/drivers/hw_cc3xx/lib..__nrf__drivers__hw_cc3xx.a(hw_cc3xx.c.obj)
 .text.boot_swap_info_off
                0x00000000000077e0        0xc modules/mcuboot/boot/bootutil/zephyr/libmcuboot_util.a(bootutil_public.c.obj)
                0x00000000000077e0                boot_swap_info_off
 .text.boot_magic_compatible_check
                0x00000000000077ec       0x1c modules/mcuboot/boot/bootutil/zephyr/libmcuboot_util.a(bootutil_public.c.obj)
                0x00000000000077ec                boot_magic_compatible_check
 .text.bootutil_buffer_is_erased
                0x0000000000007808       0x26 modules/mcuboot/boot/bootutil/zephyr/libmcuboot_util.a(bootutil_public.c.obj)
                0x0000000000007808                bootutil_buffer_is_erased
 .text.boot_read_flag
                0x000000000000782e       0x38 modules/mcuboot/boot/bootutil/zephyr/libmcuboot_util.a(bootutil_public.c.obj)
 .text.boot_write_trailer
                0x0000000000007866       0x58 modules/mcuboot/boot/bootutil/zephyr/libmcuboot_util.a(bootutil_public.c.obj)
                0x0000000000007866                boot_write_trailer
 .text.boot_write_trailer_flag
                0x00000000000078be       0x14 modules/mcuboot/boot/bootutil/zephyr/libmcuboot_util.a(bootutil_public.c.obj)
                0x00000000000078be                boot_write_trailer_flag
 .text.boot_write_image_ok
                0x00000000000078d2        0xe modules/mcuboot/boot/bootutil/zephyr/libmcuboot_util.a(bootutil_public.c.obj)
                0x00000000000078d2                boot_write_image_ok
 .text.boot_read_image_ok
                0x00000000000078e0        0xc modules/mcuboot/boot/bootutil/zephyr/libmcuboot_util.a(bootutil_public.c.obj)
                0x00000000000078e0                boot_read_image_ok
 .text.boot_read_swap_state_by_id
                0x00000000000078ec       0x28 modules/mcuboot/boot/bootutil/zephyr/libmcuboot_util.a(bootutil_public.c.obj)
                0x00000000000078ec                boot_read_swap_state_by_id
 .text.boot_write_swap_info
                0x0000000000007914       0x22 modules/mcuboot/boot/bootutil/zephyr/libmcuboot_util.a(bootutil_public.c.obj)
                0x0000000000007914                boot_write_swap_info
 .text.boot_write_copy_done
                0x0000000000007936       0x10 modules/mcuboot/boot/bootutil/zephyr/libmcuboot_util.a(bootutil_public.c.obj)
                0x0000000000007936                boot_write_copy_done
 .text.nrf91_errata_6
                0x0000000000007946       0x1e modules/hal_nordic/nrfx/libmodules__hal_nordic__nrfx.a(system_nrf91.c.obj)
 .text.nrf91_errata_14
                0x0000000000007964       0x24 modules/hal_nordic/nrfx/libmodules__hal_nordic__nrfx.a(system_nrf91.c.obj)
 .text.nrfx_isr
                0x0000000000007988        0x2 modules/hal_nordic/nrfx/libmodules__hal_nordic__nrfx.a(nrfx_glue.c.obj)
                0x0000000000007988                nrfx_isr
 .text.nrfx_busy_wait
                0x000000000000798a        0x4 modules/hal_nordic/nrfx/libmodules__hal_nordic__nrfx.a(nrfx_glue.c.obj)
                0x000000000000798a                nrfx_busy_wait
 .text.nrfx_gppi_channel_endpoints_setup
                0x000000000000798e        0xe modules/hal_nordic/nrfx/libmodules__hal_nordic__nrfx.a(nrfx_gppi_dppi.c.obj)
                0x000000000000798e                nrfx_gppi_channel_endpoints_setup
 .text.clock_stop
                0x000000000000799c       0xb2 modules/hal_nordic/nrfx/libmodules__hal_nordic__nrfx.a(nrfx_clock.c.obj)
 .text.nrfx_clock_stop
                0x0000000000007a4e        0x4 modules/hal_nordic/nrfx/libmodules__hal_nordic__nrfx.a(nrfx_clock.c.obj)
                0x0000000000007a4e                nrfx_clock_stop
 .text.nrf_gpio_reconfigure
                0x0000000000007a52       0x92 modules/hal_nordic/nrfx/libmodules__hal_nordic__nrfx.a(nrfx_gpiote.c.obj)
 .text.nrf_gpio_cfg_sense_set
                0x0000000000007ae4       0x1e modules/hal_nordic/nrfx/libmodules__hal_nordic__nrfx.a(nrfx_gpiote.c.obj)
 .text.nrfx_gpiote_pin_uninit
                0x0000000000007b02        0x4 modules/hal_nordic/nrfx/libmodules__hal_nordic__nrfx.a(nrfx_gpiote.c.obj)
                0x0000000000007b02                nrfx_gpiote_pin_uninit
 .text.nrfx_gpiote_trigger_disable
                0x0000000000007b06        0x4 modules/hal_nordic/nrfx/libmodules__hal_nordic__nrfx.a(nrfx_gpiote.c.obj)
                0x0000000000007b06                nrfx_gpiote_trigger_disable
 .text.nrfx_nvmc_flash_size_get
                0x0000000000007b0a        0x6 modules/hal_nordic/nrfx/libmodules__hal_nordic__nrfx.a(nrfx_nvmc.c.obj)
                0x0000000000007b0a                nrfx_nvmc_flash_size_get
 .text.nrfx_nvmc_flash_page_size_get
                0x0000000000007b10        0x6 modules/hal_nordic/nrfx/libmodules__hal_nordic__nrfx.a(nrfx_nvmc.c.obj)
                0x0000000000007b10                nrfx_nvmc_flash_page_size_get
 .text.nrfx_nvmc_flash_page_count_get
                0x0000000000007b16        0x6 modules/hal_nordic/nrfx/libmodules__hal_nordic__nrfx.a(nrfx_nvmc.c.obj)
                0x0000000000007b16                nrfx_nvmc_flash_page_count_get
 .text.z_impl_k_busy_wait
                0x0000000000007b1c        0x8 zephyr/kernel/libkernel.a(busy_wait.c.obj)
                0x0000000000007b1c                z_impl_k_busy_wait
 .text.z_device_state_init
                0x0000000000007b24        0x2 zephyr/kernel/libkernel.a(device.c.obj)
                0x0000000000007b24                z_device_state_init
 .text.z_impl_device_is_ready
                0x0000000000007b26       0x16 zephyr/kernel/libkernel.a(device.c.obj)
                0x0000000000007b26                z_impl_device_is_ready
 .text.arch_system_halt
                0x0000000000007b3c       0x10 zephyr/kernel/libkernel.a(fatal.c.obj)
                0x0000000000007b3c                arch_system_halt
 .text.k_sys_fatal_error_handler
                0x0000000000007b4c        0x6 zephyr/kernel/libkernel.a(fatal.c.obj)
                0x0000000000007b4c                k_sys_fatal_error_handler
 .text.do_device_init
                0x0000000000007b52       0x30 zephyr/kernel/libkernel.a(init.c.obj)
 .text.z_early_memset
                0x0000000000007b82        0x4 zephyr/kernel/libkernel.a(init.c.obj)
                0x0000000000007b82                z_early_memset
 .text.z_early_memcpy
                0x0000000000007b86        0x4 zephyr/kernel/libkernel.a(init.c.obj)
                0x0000000000007b86                z_early_memcpy
 .text.z_init_static
                0x0000000000007b8a        0x2 zephyr/kernel/libkernel.a(init_static.c.obj)
                0x0000000000007b8a                z_init_static
 .text.create_free_list
                0x0000000000007b8c       0x34 zephyr/kernel/libkernel.a(mem_slab.c.obj)
 .text.k_mem_slab_init
                0x0000000000007bc0       0x1c zephyr/kernel/libkernel.a(mem_slab.c.obj)
                0x0000000000007bc0                k_mem_slab_init
 .text.k_mem_slab_free
                0x0000000000007bdc       0x4a zephyr/kernel/libkernel.a(mem_slab.c.obj)
                0x0000000000007bdc                k_mem_slab_free
 .text.idle     0x0000000000007c26       0x16 zephyr/kernel/libkernel.a(idle.c.obj)
                0x0000000000007c26                idle
 .text.adjust_owner_prio.isra.0
                0x0000000000007c3c       0x10 zephyr/kernel/libkernel.a(mutex.c.obj)
 .text.z_impl_k_mutex_init
                0x0000000000007c4c        0xe zephyr/kernel/libkernel.a(mutex.c.obj)
                0x0000000000007c4c                z_impl_k_mutex_init
 .text.z_impl_k_sem_init
                0x0000000000007c5a       0x18 zephyr/kernel/libkernel.a(sem.c.obj)
                0x0000000000007c5a                z_impl_k_sem_init
 .text.k_is_in_isr
                0x0000000000007c72        0xc zephyr/kernel/libkernel.a(thread.c.obj)
                0x0000000000007c72                k_is_in_isr
 .text.z_impl_k_thread_start
                0x0000000000007c7e        0x4 zephyr/kernel/libkernel.a(thread.c.obj)
                0x0000000000007c7e                z_impl_k_thread_start
 .text.sys_dlist_remove
                0x0000000000007c82       0x10 zephyr/kernel/libkernel.a(sched.c.obj)
 .text.unpend_thread_no_timeout
                0x0000000000007c92       0x14 zephyr/kernel/libkernel.a(sched.c.obj)
 .text.add_to_waitq_locked
                0x0000000000007ca6       0x50 zephyr/kernel/libkernel.a(sched.c.obj)
 .text.z_ready_thread
                0x0000000000007cf6       0x1e zephyr/kernel/libkernel.a(sched.c.obj)
                0x0000000000007cf6                z_ready_thread
 .text.z_impl_k_thread_suspend
                0x0000000000007d14       0x34 zephyr/kernel/libkernel.a(sched.c.obj)
                0x0000000000007d14                z_impl_k_thread_suspend
 .text.z_sched_wake_thread
                0x0000000000007d48       0x42 zephyr/kernel/libkernel.a(sched.c.obj)
                0x0000000000007d48                z_sched_wake_thread
 .text.z_thread_timeout
                0x0000000000007d8a        0x8 zephyr/kernel/libkernel.a(sched.c.obj)
                0x0000000000007d8a                z_thread_timeout
 .text.z_unpend_first_thread
                0x0000000000007d92       0x36 zephyr/kernel/libkernel.a(sched.c.obj)
                0x0000000000007d92                z_unpend_first_thread
 .text.z_thread_abort
                0x0000000000007dc8       0x44 zephyr/kernel/libkernel.a(sched.c.obj)
                0x0000000000007dc8                z_thread_abort
 .text.z_abort_timeout
                0x0000000000007e0c       0x2a zephyr/kernel/libkernel.a(timeout.c.obj)
                0x0000000000007e0c                z_abort_timeout
 .text.sys_clock_tick_get_32
                0x0000000000007e36        0x8 zephyr/kernel/libkernel.a(timeout.c.obj)
                0x0000000000007e36                sys_clock_tick_get_32
 .text.nrf_cc310_bl_ecdsa_verify_secp256r1
                0x0000000000007e3e       0x26 C:/ncs/v2.9.0/nrfxlib/crypto/nrf_cc310_bl/lib/cortex-m33/hard-float/no-interrupts/libnrf_cc310_bl_0.9.12.a(nrf_cc310_bl_ecdsa_verify_secp256r1.c.obj)
                0x0000000000007e3e                nrf_cc310_bl_ecdsa_verify_secp256r1
 .text.PkaInitAndMutexLock
                0x0000000000007e64        0x8 C:/ncs/v2.9.0/nrfxlib/crypto/nrf_cc310_bl/lib/cortex-m33/hard-float/no-interrupts/libnrf_cc310_bl_0.9.12.a(pka.c.obj)
                0x0000000000007e64                PkaInitAndMutexLock
 .text.SaSi_PalMemCopy
                0x0000000000007e6c        0x4 C:/ncs/v2.9.0/nrfxlib/crypto/nrf_cc310_bl/lib/cortex-m33/hard-float/no-interrupts/libnrf_cc310_bl_0.9.12.a(ssi_pal_mem.c.obj)
                0x0000000000007e6c                SaSi_PalMemCopy
 .text.SaSi_PalMemSet
                0x0000000000007e70        0x4 C:/ncs/v2.9.0/nrfxlib/crypto/nrf_cc310_bl/lib/cortex-m33/hard-float/no-interrupts/libnrf_cc310_bl_0.9.12.a(ssi_pal_mem.c.obj)
                0x0000000000007e70                SaSi_PalMemSet
 .text.SaSi_PalMemSetZero
                0x0000000000007e74        0x8 C:/ncs/v2.9.0/nrfxlib/crypto/nrf_cc310_bl/lib/cortex-m33/hard-float/no-interrupts/libnrf_cc310_bl_0.9.12.a(ssi_pal_mem.c.obj)
                0x0000000000007e74                SaSi_PalMemSetZero
 .text.CRYS_COMMON_ReverseMemcpy32
                0x0000000000007e7c       0x1a C:/ncs/v2.9.0/nrfxlib/crypto/nrf_cc310_bl/lib/cortex-m33/hard-float/no-interrupts/libnrf_cc310_bl_0.9.12.a(crys_common_conv_endian.c.obj)
                0x0000000000007e7c                CRYS_COMMON_ReverseMemcpy32
 *(SORT_BY_ALIGNMENT(.TEXT.*))
 *(SORT_BY_ALIGNMENT(.gnu.linkonce.t.*))
 *(SORT_BY_ALIGNMENT(.glue_7t))
 .glue_7t       0x0000000000007e96        0x0 linker stubs
 *(SORT_BY_ALIGNMENT(.glue_7))
 .glue_7        0x0000000000007e96        0x0 linker stubs
 *(SORT_BY_ALIGNMENT(.vfp11_veneer))
 .vfp11_veneer  0x0000000000007e96        0x0 linker stubs
 *(SORT_BY_ALIGNMENT(.v4_bx))
 .v4_bx         0x0000000000007e96        0x0 linker stubs
                0x0000000000007e98                . = ALIGN (0x4)
 *fill*         0x0000000000007e96        0x2 
                0x0000000000007e98                __text_region_end = .

.ARM.exidx      0x0000000000007e98        0x8
                0x0000000000007e98                __exidx_start = .
 *(SORT_BY_ALIGNMENT(.ARM.exidx*) SORT_BY_ALIGNMENT(gnu.linkonce.armexidx.*))
 .ARM.exidx     0x0000000000007e98        0x8 c:/ncs/toolchains/b620d30767/opt/zephyr-sdk/arm-zephyr-eabi/bin/../lib/gcc/arm-zephyr-eabi/12.2.0/thumb/v8-m.main+fp/hard\libgcc.a(_udivmoddi4.o)
                0x0000000000007ea0                __exidx_end = .
                0x0000000000007ea0                __rodata_region_start = .

initlevel       0x0000000000007ea0       0x58
                0x0000000000007ea0                __init_start = .
                0x0000000000007ea0                __init_EARLY_start = .
 *(SORT_BY_NAME(SORT_BY_ALIGNMENT(.z_init_EARLY?_*)))
 *(SORT_BY_NAME(SORT_BY_ALIGNMENT(.z_init_EARLY??_*)))
                0x0000000000007ea0                __init_PRE_KERNEL_1_start = .
 *(SORT_BY_NAME(SORT_BY_ALIGNMENT(.z_init_PRE_KERNEL_1?_*)))
 .z_init_PRE_KERNEL_10_0_
                0x0000000000007ea0        0x8 zephyr/soc/soc/nrf9161/libsoc__nordic.a(soc.c.obj)
 *(SORT_BY_NAME(SORT_BY_ALIGNMENT(.z_init_PRE_KERNEL_1??_*)))
 .z_init_PRE_KERNEL_130_00067_
                0x0000000000007ea8        0x8 zephyr/drivers/clock_control/libdrivers__clock_control.a(clock_control_nrf.c.obj)
 .z_init_PRE_KERNEL_130_0_
                0x0000000000007eb0        0x8 zephyr/kernel/libkernel.a(mem_slab.c.obj)
 .z_init_PRE_KERNEL_140_00010_
                0x0000000000007eb8        0x8 zephyr/drivers/gpio/libdrivers__gpio.a(gpio_nrfx.c.obj)
 .z_init_PRE_KERNEL_140_0_
                0x0000000000007ec0        0x8 modules/nrf/drivers/hw_cc3xx/lib..__nrf__drivers__hw_cc3xx.a(hw_cc3xx.c.obj)
 .z_init_PRE_KERNEL_150_00093_
                0x0000000000007ec8        0x8 zephyr/drivers/serial/libdrivers__serial.a(uart_nrfx_uarte.c.obj)
 .z_init_PRE_KERNEL_150_00094_
                0x0000000000007ed0        0x8 zephyr/drivers/serial/libdrivers__serial.a(uart_nrfx_uarte.c.obj)
 .z_init_PRE_KERNEL_160_0_
                0x0000000000007ed8        0x8 zephyr/drivers/console/libdrivers__console.a(uart_console.c.obj)
                0x0000000000007ee0                __init_PRE_KERNEL_2_start = .
 *(SORT_BY_NAME(SORT_BY_ALIGNMENT(.z_init_PRE_KERNEL_2?_*)))
 .z_init_PRE_KERNEL_20_0_
                0x0000000000007ee0        0x8 zephyr/drivers/timer/libdrivers__timer.a(nrf_rtc_timer.c.obj)
 *(SORT_BY_NAME(SORT_BY_ALIGNMENT(.z_init_PRE_KERNEL_2??_*)))
                0x0000000000007ee8                __init_POST_KERNEL_start = .
 *(SORT_BY_NAME(SORT_BY_ALIGNMENT(.z_init_POST_KERNEL?_*)))
 *(SORT_BY_NAME(SORT_BY_ALIGNMENT(.z_init_POST_KERNEL??_*)))
 .z_init_POST_KERNEL40_0_
                0x0000000000007ee8        0x8 modules/nrf/drivers/hw_cc3xx/lib..__nrf__drivers__hw_cc3xx.a(hw_cc3xx.c.obj)
 .z_init_POST_KERNEL50_00099_
                0x0000000000007ef0        0x8 zephyr/drivers/flash/libdrivers__flash.a(soc_flash_nrf.c.obj)
                0x0000000000007ef8                __init_APPLICATION_start = .
 *(SORT_BY_NAME(SORT_BY_ALIGNMENT(.z_init_APPLICATION?_*)))
 *(SORT_BY_NAME(SORT_BY_ALIGNMENT(.z_init_APPLICATION??_*)))
                0x0000000000007ef8                __init_SMP_start = .
 *(SORT_BY_NAME(SORT_BY_ALIGNMENT(.z_init_SMP?_*)))
 *(SORT_BY_NAME(SORT_BY_ALIGNMENT(.z_init_SMP??_*)))
                0x0000000000007ef8                __init_end = .
                0x0000000000007ef8                __deferred_init_list_start = .
 *(SORT_BY_ALIGNMENT(.z_deferred_init*))
                0x0000000000007ef8                __deferred_init_list_end = .

device_area     0x0000000000007ef8       0x64
                0x0000000000007ef8                _device_list_start = .
 *(SORT_BY_NAME(SORT_BY_ALIGNMENT(._device.static.*_?_*)))
 *(SORT_BY_NAME(SORT_BY_ALIGNMENT(._device.static.*_??_*)))
 ._device.static.1_30_
                0x0000000000007ef8       0x14 zephyr/drivers/clock_control/libdrivers__clock_control.a(clock_control_nrf.c.obj)
                0x0000000000007ef8                __device_dts_ord_67
 ._device.static.1_40_
                0x0000000000007f0c       0x14 zephyr/drivers/gpio/libdrivers__gpio.a(gpio_nrfx.c.obj)
                0x0000000000007f0c                __device_dts_ord_10
 ._device.static.1_50_
                0x0000000000007f20       0x28 zephyr/drivers/serial/libdrivers__serial.a(uart_nrfx_uarte.c.obj)
                0x0000000000007f20                __device_dts_ord_94
                0x0000000000007f34                __device_dts_ord_93
 ._device.static.3_50_
                0x0000000000007f48       0x14 zephyr/drivers/flash/libdrivers__flash.a(soc_flash_nrf.c.obj)
                0x0000000000007f48                __device_dts_ord_99
                0x0000000000007f5c                _device_list_end = .

sw_isr_table    0x0000000000007f5c      0x208
                0x0000000000007f5c                . = ALIGN (0x4)
 *(SORT_BY_ALIGNMENT(.gnu.linkonce.sw_isr_table*))
 .gnu.linkonce.sw_isr_table
                0x0000000000007f5c      0x208 zephyr/CMakeFiles/zephyr_final.dir/isr_tables.c.obj
                0x0000000000007f5c                _sw_isr_table

initlevel_error
                0x0000000000007ea0        0x0
 *(SORT_BY_NAME(SORT_BY_ALIGNMENT(.z_init_[_A-Z0-9]*)))
                0x0000000000000001                ASSERT ((SIZEOF (initlevel_error) == 0x0), Undefined initialization levels used.)

app_shmem_regions
                0x0000000000008164        0x0
                0x0000000000008164                __app_shmem_regions_start = .
 *(SORT_BY_NAME(SORT_BY_ALIGNMENT(.app_regions.*)))
                0x0000000000008164                __app_shmem_regions_end = .

k_p4wq_initparam_area
                0x0000000000008164        0x0
                0x0000000000008164                _k_p4wq_initparam_list_start = .
 *(SORT_BY_NAME(SORT_BY_ALIGNMENT(._k_p4wq_initparam.static.*)))
                0x0000000000008164                _k_p4wq_initparam_list_end = .

_static_thread_data_area
                0x0000000000008164        0x0
                0x0000000000008164                __static_thread_data_list_start = .
 *(SORT_BY_NAME(SORT_BY_ALIGNMENT(.__static_thread_data.static.*)))
                0x0000000000008164                __static_thread_data_list_end = .

device_deps     0x0000000000008164        0x0
                0x0000000000008164                __device_deps_start = .
 *(SORT_BY_NAME(SORT_BY_ALIGNMENT(.__device_deps_pass2*)))
                0x0000000000008164                __device_deps_end = .

ztest           0x0000000000008164        0x0
                0x0000000000008164                _ztest_expected_result_entry_list_start = .
 *(SORT_BY_NAME(SORT_BY_ALIGNMENT(._ztest_expected_result_entry.static.*)))
                0x0000000000008164                _ztest_expected_result_entry_list_end = .
                0x0000000000008164                _ztest_suite_node_list_start = .
 *(SORT_BY_NAME(SORT_BY_ALIGNMENT(._ztest_suite_node.static.*)))
                0x0000000000008164                _ztest_suite_node_list_end = .
                0x0000000000008164                _ztest_unit_test_list_start = .
 *(SORT_BY_NAME(SORT_BY_ALIGNMENT(._ztest_unit_test.static.*)))
                0x0000000000008164                _ztest_unit_test_list_end = .
                0x0000000000008164                _ztest_test_rule_list_start = .
 *(SORT_BY_NAME(SORT_BY_ALIGNMENT(._ztest_test_rule.static.*)))
                0x0000000000008164                _ztest_test_rule_list_end = .

init_array      0x0000000000008164        0x0
 *(SORT_BY_NAME(SORT_BY_ALIGNMENT(.ctors*)))
 *(SORT_BY_NAME(SORT_BY_ALIGNMENT(.init_array*)))
                0x0000000000000001                ASSERT ((SIZEOF (init_array) == 0x0), GNU-style constructors required but STATIC_INIT_GNU not enabled)

bt_l2cap_fixed_chan_area
                0x0000000000008164        0x0
                0x0000000000008164                _bt_l2cap_fixed_chan_list_start = .
 *(SORT_BY_NAME(SORT_BY_ALIGNMENT(._bt_l2cap_fixed_chan.static.*)))
                0x0000000000008164                _bt_l2cap_fixed_chan_list_end = .

bt_gatt_service_static_area
                0x0000000000008164        0x0
                0x0000000000008164                _bt_gatt_service_static_list_start = .
 *(SORT_BY_NAME(SORT_BY_ALIGNMENT(._bt_gatt_service_static.static.*)))
                0x0000000000008164                _bt_gatt_service_static_list_end = .

log_strings_area
                0x0000000000008164        0x0
                0x0000000000008164                _log_strings_list_start = .
 *(SORT_BY_NAME(SORT_BY_ALIGNMENT(._log_strings.static.*)))
                0x0000000000008164                _log_strings_list_end = .

log_const_area  0x0000000000008164        0x8
                0x0000000000008164                _log_const_list_start = .
 *(SORT_BY_NAME(SORT_BY_ALIGNMENT(._log_const.static.*)))
 ._log_const.static.log_const_mcuboot_
                0x0000000000008164        0x8 app/libapp.a(main.c.obj)
                0x0000000000008164                log_const_mcuboot
                0x000000000000816c                _log_const_list_end = .

log_backend_area
                0x000000000000816c        0x0
                0x000000000000816c                _log_backend_list_start = .
 *(SORT_BY_NAME(SORT_BY_ALIGNMENT(._log_backend.static.*)))
                0x000000000000816c                _log_backend_list_end = .

log_link_area   0x000000000000816c        0x0
                0x000000000000816c                _log_link_list_start = .
 *(SORT_BY_NAME(SORT_BY_ALIGNMENT(._log_link.static.*)))
                0x000000000000816c                _log_link_list_end = .

tracing_backend_area
                0x000000000000816c        0x0
                0x000000000000816c                _tracing_backend_list_start = .
 *(SORT_BY_NAME(SORT_BY_ALIGNMENT(._tracing_backend.static.*)))
                0x000000000000816c                _tracing_backend_list_end = .

zephyr_dbg_info
 *(SORT_BY_ALIGNMENT(.dbg_thread_info))

intc_table_area
                0x000000000000816c        0x0
                0x000000000000816c                _intc_table_list_start = .
 *(SORT_BY_NAME(SORT_BY_ALIGNMENT(._intc_table.static.*)))
                0x000000000000816c                _intc_table_list_end = .

symbol_to_keep  0x000000000000816c        0x0
                0x000000000000816c                __symbol_to_keep_start = .
 *(SORT_BY_NAME(SORT_BY_ALIGNMENT(.symbol_to_keep*)))
                0x000000000000816c                __symbol_to_keep_end = .

shell_area      0x000000000000816c        0x0
                0x000000000000816c                _shell_list_start = .
 *(SORT_BY_NAME(SORT_BY_ALIGNMENT(._shell.static.*)))
                0x000000000000816c                _shell_list_end = .

shell_root_cmds_area
                0x000000000000816c        0x0
                0x000000000000816c                _shell_root_cmds_list_start = .
 *(SORT_BY_NAME(SORT_BY_ALIGNMENT(._shell_root_cmds.static.*)))
                0x000000000000816c                _shell_root_cmds_list_end = .

shell_subcmds_area
                0x000000000000816c        0x0
                0x000000000000816c                _shell_subcmds_list_start = .
 *(SORT_BY_NAME(SORT_BY_ALIGNMENT(._shell_subcmds.static.*)))
                0x000000000000816c                _shell_subcmds_list_end = .

shell_dynamic_subcmds_area
                0x000000000000816c        0x0
                0x000000000000816c                _shell_dynamic_subcmds_list_start = .
 *(SORT_BY_NAME(SORT_BY_ALIGNMENT(._shell_dynamic_subcmds.static.*)))
                0x000000000000816c                _shell_dynamic_subcmds_list_end = .

cfb_font_area   0x000000000000816c        0x0
                0x000000000000816c                _cfb_font_list_start = .
 *(SORT_BY_NAME(SORT_BY_ALIGNMENT(._cfb_font.static.*)))
                0x000000000000816c                _cfb_font_list_end = .

rodata          0x0000000000008170      0xb5c
 *(SORT_BY_ALIGNMENT(.rodata))
 .rodata        0x0000000000008170       0x10 C:/ncs/v2.9.0/nrfxlib/crypto/nrf_cc310_bl/lib/cortex-m33/hard-float/no-interrupts/libnrf_cc310_bl_0.9.12.a(nrf_cc310_bl_hash_sha256.c.obj)
 *(SORT_BY_ALIGNMENT(.rodata.*))
 .rodata.delay_machine_code.0
                0x0000000000008180        0x6 zephyr/soc/soc/nrf9161/libsoc__nordic.a(soc.c.obj)
 *fill*         0x0000000000008186        0x2 
 .rodata.all_slots.0
                0x0000000000008188        0x8 app/libapp.a(flash_map_extended.c.obj)
 .rodata.bootutil_key_cnt
                0x0000000000008190        0x4 app/libapp.a(keys.c.obj)
                0x0000000000008190                bootutil_key_cnt
 .rodata.bootutil_keys
                0x0000000000008194        0x8 app/libapp.a(keys.c.obj)
                0x0000000000008194                bootutil_keys
 .rodata.all_slots.0
                0x000000000000819c        0x8 app/libapp.a(bootutil_misc.c.obj)
 .rodata.all_slots.0
                0x00000000000081a4        0x8 app/libapp.a(swap_misc.c.obj)
 .rodata.ecdsa_pub_key_len
                0x00000000000081ac        0x4 app/libapp.a(autogen-pubkey.c.obj)
                0x00000000000081ac                ecdsa_pub_key_len
 .rodata.nrf_uarte_to_clean
                0x00000000000081b0        0x8 app/libapp.a(nrf_cleanup.c.obj)
 .rodata.flash_map_entries
                0x00000000000081b8        0x4 zephyr/libzephyr.a(flash_map_partition_manager.c.obj)
                0x00000000000081b8                flash_map_entries
 .rodata.default_flash_map
                0x00000000000081bc       0xe0 zephyr/libzephyr.a(flash_map_partition_manager.c.obj)
                0x00000000000081bc                default_flash_map
 .rodata.apis   0x000000000000829c        0x8 zephyr/libzephyr.a(nrf_cc3xx_platform_abort_zephyr.c.obj)
 .rodata.mutexes
                0x00000000000082a4       0x14 zephyr/libzephyr.a(nrf_cc3xx_platform_mutex_zephyr.c.obj)
 .rodata.mutex_apis
                0x00000000000082b8       0x10 zephyr/libzephyr.a(nrf_cc3xx_platform_mutex_zephyr.c.obj)
 .rodata.transitions.0
                0x00000000000082c8        0xc zephyr/drivers/clock_control/libdrivers__clock_control.a(clock_control_nrf.c.obj)
 .rodata.config
                0x00000000000082d4       0x18 zephyr/drivers/clock_control/libdrivers__clock_control.a(clock_control_nrf.c.obj)
 .rodata.clock_control_api
                0x00000000000082ec       0x1c zephyr/drivers/clock_control/libdrivers__clock_control.a(clock_control_nrf.c.obj)
 .rodata.flash_nrf_api
                0x0000000000008308       0x14 zephyr/drivers/flash/libdrivers__flash.a(soc_flash_nrf.c.obj)
 .rodata.flash_nrf_parameters
                0x000000000000831c        0x8 zephyr/drivers/flash/libdrivers__flash.a(soc_flash_nrf.c.obj)
 .rodata.gpio_nrfx_p0_cfg
                0x0000000000008324       0x18 zephyr/drivers/gpio/libdrivers__gpio.a(gpio_nrfx.c.obj)
 .rodata.gpio_nrfx_drv_api_funcs
                0x000000000000833c       0x24 zephyr/drivers/gpio/libdrivers__gpio.a(gpio_nrfx.c.obj)
 .rodata.uarte_1z_config
                0x0000000000008360       0x20 zephyr/drivers/serial/libdrivers__serial.a(uart_nrfx_uarte.c.obj)
 .rodata.__pinctrl_dev_config__device_dts_ord_94
                0x0000000000008380        0xc zephyr/drivers/serial/libdrivers__serial.a(uart_nrfx_uarte.c.obj)
 .rodata.__pinctrl_states__device_dts_ord_94
                0x000000000000838c        0x8 zephyr/drivers/serial/libdrivers__serial.a(uart_nrfx_uarte.c.obj)
 .rodata.__pinctrl_state_pins_0__device_dts_ord_94
                0x0000000000008394       0x10 zephyr/drivers/serial/libdrivers__serial.a(uart_nrfx_uarte.c.obj)
 .rodata.uarte_0z_config
                0x00000000000083a4       0x20 zephyr/drivers/serial/libdrivers__serial.a(uart_nrfx_uarte.c.obj)
 .rodata.__pinctrl_dev_config__device_dts_ord_93