Archive member included to satisfy reference by file (symbol)

app/libapp.a(main.c.obj)      (--whole-archive)
app/libapp.a(io.c.obj)        (--whole-archive)
app/libapp.a(flash_map_extended.c.obj)
                              (--whole-archive)
app/libapp.a(os.c.obj)        (--whole-archive)
app/libapp.a(keys.c.obj)      (--whole-archive)
app/libapp.a(image_validate.c.obj)
                              (--whole-archive)
app/libapp.a(tlv.c.obj)       (--whole-archive)
app/libapp.a(encrypted.c.obj)
                              (--whole-archive)
app/libapp.a(image_rsa.c.obj)
                              (--whole-archive)
app/libapp.a(image_ecdsa.c.obj)
                              (--whole-archive)
app/libapp.a(image_ed25519.c.obj)
                              (--whole-archive)
app/libapp.a(bootutil_misc.c.obj)
                              (--whole-archive)
app/libapp.a(fault_injection_hardening.c.obj)
                              (--whole-archive)
app/libapp.a(loader.c.obj)    (--whole-archive)
app/libapp.a(swap_misc.c.obj)
                              (--whole-archive)
app/libapp.a(swap_scratch.c.obj)
                              (--whole-archive)
app/libapp.a(swap_move.c.obj)
                              (--whole-archive)
app/libapp.a(caps.c.obj)      (--whole-archive)
app/libapp.a(autogen-pubkey.c.obj)
                              (--whole-archive)
app/libapp.a(arm_cleanup.c.obj)
                              (--whole-archive)
app/libapp.a(nrf_cleanup.c.obj)
                              (--whole-archive)
zephyr/libzephyr.a(heap.c.obj)
                              (--whole-archive)
zephyr/libzephyr.a(cbprintf_packaged.c.obj)
                              (--whole-archive)
zephyr/libzephyr.a(printk.c.obj)
                              (--whole-archive)
zephyr/libzephyr.a(sem.c.obj)
                              (--whole-archive)
zephyr/libzephyr.a(thread_entry.c.obj)
                              (--whole-archive)
zephyr/libzephyr.a(cbprintf_nano.c.obj)
                              (--whole-archive)
zephyr/libzephyr.a(cbprintf.c.obj)
                              (--whole-archive)
zephyr/libzephyr.a(assert.c.obj)
                              (--whole-archive)
zephyr/libzephyr.a(dec.c.obj)
                              (--whole-archive)
zephyr/libzephyr.a(hex.c.obj)
                              (--whole-archive)
zephyr/libzephyr.a(rb.c.obj)  (--whole-archive)
zephyr/libzephyr.a(timeutil.c.obj)
                              (--whole-archive)
zephyr/libzephyr.a(bitarray.c.obj)
                              (--whole-archive)
zephyr/libzephyr.a(onoff.c.obj)
                              (--whole-archive)
zephyr/libzephyr.a(notify.c.obj)
                              (--whole-archive)
zephyr/libzephyr.a(configs.c.obj)
                              (--whole-archive)
zephyr/libzephyr.a(log_minimal.c.obj)
                              (--whole-archive)
zephyr/libzephyr.a(flash_map.c.obj)
                              (--whole-archive)
zephyr/libzephyr.a(flash_map_layout.c.obj)
                              (--whole-archive)
zephyr/libzephyr.a(tracing_none.c.obj)
                              (--whole-archive)
zephyr/libzephyr.a(flash_util.c.obj)
                              (--whole-archive)
zephyr/libzephyr.a(banner.c.obj)
                              (--whole-archive)
zephyr/libzephyr.a(flash_map_partition_manager.c.obj)
                              (--whole-archive)
zephyr/libzephyr.a(nrf_cc3xx_platform_abort_zephyr.c.obj)
                              (--whole-archive)
zephyr/libzephyr.a(nrf_cc3xx_platform_mutex_zephyr.c.obj)
                              (--whole-archive)
zephyr/arch/common/libarch__common.a(sw_isr_common.c.obj)
                              (--whole-archive)
zephyr/arch/arch/arm/core/libarch__arm__core.a(fatal.c.obj)
                              (--whole-archive)
zephyr/arch/arch/arm/core/libarch__arm__core.a(nmi.c.obj)
                              (--whole-archive)
zephyr/arch/arch/arm/core/libarch__arm__core.a(nmi_on_reset.S.obj)
                              (--whole-archive)
zephyr/arch/arch/arm/core/cortex_m/libarch__arm__core__cortex_m.a(exc_exit.c.obj)
                              (--whole-archive)
zephyr/arch/arch/arm/core/cortex_m/libarch__arm__core__cortex_m.a(fault.c.obj)
                              (--whole-archive)
zephyr/arch/arch/arm/core/cortex_m/libarch__arm__core__cortex_m.a(fault_s.S.obj)
                              (--whole-archive)
zephyr/arch/arch/arm/core/cortex_m/libarch__arm__core__cortex_m.a(fpu.c.obj)
                              (--whole-archive)
zephyr/arch/arch/arm/core/cortex_m/libarch__arm__core__cortex_m.a(reset.S.obj)
                              (--whole-archive)
zephyr/arch/arch/arm/core/cortex_m/libarch__arm__core__cortex_m.a(scb.c.obj)
                              (--whole-archive)
zephyr/arch/arch/arm/core/cortex_m/libarch__arm__core__cortex_m.a(thread_abort.c.obj)
                              (--whole-archive)
[...]
Memory Configuration

Name             Origin             Length             Attributes
FLASH            0x0000000000000000 0x000000000000c000 xr
RAM              0x0000000020000000 0x0000000000008000 xw
IDT_LIST         0x00000000ffff7fff 0x0000000000008000 xw
*default*        0x0000000000000000 0xffffffffffffffff

Linker script and memory map

LOAD zephyr/CMakeFiles/zephyr_final.dir/misc/empty_file.c.obj
LOAD zephyr/CMakeFiles/zephyr_final.dir/isr_tables.c.obj
LOAD zephyr/CMakeFiles/offsets.dir/./arch/arm/core/offsets/offsets.c.obj
LOAD app/libapp.a
LOAD zephyr/libzephyr.a
LOAD zephyr/arch/common/libarch__common.a
LOAD zephyr/arch/arch/arm/core/libarch__arm__core.a
LOAD zephyr/arch/arch/arm/core/cortex_m/libarch__arm__core__cortex_m.a
LOAD zephyr/arch/arch/arm/core/cortex_m/cmse/libarch__arm__core__cortex_m__cmse.a
LOAD zephyr/lib/libc/minimal/liblib__libc__minimal.a
LOAD zephyr/lib/libc/common/liblib__libc__common.a
LOAD zephyr/soc/soc/nrf9160/libsoc__nordic.a
LOAD zephyr/boards/boards/arm/thingy91/lib..__nrf__boards__nordic__thingy91.a
LOAD zephyr/drivers/clock_control/libdrivers__clock_control.a
LOAD zephyr/drivers/console/libdrivers__console.a
LOAD zephyr/drivers/flash/libdrivers__flash.a
LOAD zephyr/drivers/gpio/libdrivers__gpio.a
LOAD zephyr/drivers/pinctrl/libdrivers__pinctrl.a
LOAD zephyr/drivers/serial/libdrivers__serial.a
LOAD zephyr/drivers/timer/libdrivers__timer.a
LOAD modules/nrf/lib/fprotect/lib..__nrf__lib__fprotect.a
LOAD modules/nrf/drivers/hw_cc3xx/lib..__nrf__drivers__hw_cc3xx.a
LOAD modules/mcuboot/boot/bootutil/zephyr/libmcuboot_util.a
LOAD modules/mbedtls/libmbedTLSBase.a
LOAD modules/mbedtls/libmbedTLSCrypto.a
LOAD modules/mbedtls/libmbedTLSX509.a
LOAD modules/mbedtls/libmodules__mbedtls.a
LOAD modules/hal_nordic/nrfx/libmodules__hal_nordic__nrfx.a
LOAD zephyr/kernel/libkernel.a
LOAD zephyr/arch/common/libisr_tables.a
LOAD modules/mbedtls/libmbedTLSBase.a
LOAD modules/mbedtls/libmbedTLSCrypto.a
LOAD modules/mbedtls/libmbedTLSX509.a
LOAD C:/ncs/v2.9.0/nrfxlib/crypto/nrf_cc310_platform/lib/cortex-m33/soft-float/no-interrupts/libnrf_cc310_platform_0.9.19.a
LOAD c:/ncs/toolchains/b620d30767/opt/zephyr-sdk/arm-zephyr-eabi/bin/../lib/gcc/arm-zephyr-eabi/12.2.0/../../../../arm-zephyr-eabi/lib/thumb/v8-m.main/nofp\libc.a
LOAD c:/ncs/toolchains/b620d30767/opt/zephyr-sdk/arm-zephyr-eabi/bin/../lib/gcc/arm-zephyr-eabi/12.2.0/thumb/v8-m.main/nofp\libgcc.a
                0x0000000000000004                _region_min_align = 0x4

.rel.plt        0x0000000000000000        0x0
 *(SORT_BY_ALIGNMENT(.rel.plt))
                [!provide]                        PROVIDE (__rel_iplt_start = .)
 *(SORT_BY_ALIGNMENT(.rel.iplt))
 .rel.iplt      0x0000000000000000        0x0 zephyr/CMakeFiles/zephyr_final.dir/isr_tables.c.obj
                [!provide]                        PROVIDE (__rel_iplt_end = .)

.rela.plt       0x0000000000000000        0x0
 *(SORT_BY_ALIGNMENT(.rela.plt))
                [!provide]                        PROVIDE (__rela_iplt_start = .)
 *(SORT_BY_ALIGNMENT(.rela.iplt))
                [!provide]                        PROVIDE (__rela_iplt_end = .)

.rel.dyn
 *(SORT_BY_ALIGNMENT(.rel.*))

.rela.dyn
 *(SORT_BY_ALIGNMENT(.rela.*))

/DISCARD/
 *(SORT_BY_ALIGNMENT(.plt))

/DISCARD/
 *(SORT_BY_ALIGNMENT(.iplt))
                0x0000000000000000                __rom_region_start = 0x0

rom_start       0x0000000000000000      0x144
                0x0000000000000000                __rom_start_address = .
 FILL mask 0x00
                0x0000000000000000                . = (. + (0x0 - (. - __rom_start_address)))
                0x0000000000000000                . = ALIGN (0x4)
                0x0000000000000000                . = ALIGN (0x80)
                0x0000000000000000                . = ALIGN (0x200)
                0x0000000000000000                _vector_start = .
 *(SORT_BY_ALIGNMENT(.exc_vector_table))
 *(SORT_BY_ALIGNMENT(.exc_vector_table.*))
 .exc_vector_table._vector_table_section
                0x0000000000000000       0x40 zephyr/arch/arch/arm/core/cortex_m/libarch__arm__core__cortex_m.a(vector_table.S.obj)
                0x0000000000000000                _vector_table
 *(SORT_BY_ALIGNMENT(.vectors))
                0x0000000000000144                _vector_end = .
                0x0000000000000040                . = ALIGN (0x4)
 *(SORT_BY_ALIGNMENT(.gnu.linkonce.irq_vector_table*))
 .gnu.linkonce.irq_vector_table
                0x0000000000000040      0x104 zephyr/CMakeFiles/zephyr_final.dir/isr_tables.c.obj
                0x0000000000000040                _irq_vector_table
                0x0000000000000144                _vector_end = .

text            0x0000000000000144     0x83c0
                0x0000000000000144                __text_region_start = .
 *(SORT_BY_ALIGNMENT(.text))
 .text          0x0000000000000144       0x30 c:/ncs/toolchains/b620d30767/opt/zephyr-sdk/arm-zephyr-eabi/bin/../lib/gcc/arm-zephyr-eabi/12.2.0/thumb/v8-m.main/nofp\libgcc.a(_aeabi_uldivmod.o)
                0x0000000000000144                __aeabi_uldivmod
 .text          0x0000000000000174        0x4 c:/ncs/toolchains/b620d30767/opt/zephyr-sdk/arm-zephyr-eabi/bin/../lib/gcc/arm-zephyr-eabi/12.2.0/thumb/v8-m.main/nofp\libgcc.a(_dvmd_tls.o)
                0x0000000000000174                __aeabi_idiv0
                0x0000000000000174                __aeabi_ldiv0
 .text          0x0000000000000178      0x29c c:/ncs/toolchains/b620d30767/opt/zephyr-sdk/arm-zephyr-eabi/bin/../lib/gcc/arm-zephyr-eabi/12.2.0/thumb/v8-m.main/nofp\libgcc.a(_udivmoddi4.o)
                0x0000000000000178                __udivmoddi4
 *(SORT_BY_ALIGNMENT(.text.*))
 .text.main     0x0000000000000414       0xf8 app/libapp.a(main.c.obj)
                0x0000000000000414                main
 .text.flash_device_base
                0x000000000000050c       0x20 app/libapp.a(flash_map_extended.c.obj)
                0x000000000000050c                flash_device_base
 .text.flash_area_id_from_multi_image_slot
                0x000000000000052c       0x24 app/libapp.a(flash_map_extended.c.obj)
                0x000000000000052c                flash_area_id_from_multi_image_slot
 .text.os_heap_init
                0x0000000000000550       0x10 app/libapp.a(os.c.obj)
                0x0000000000000550                os_heap_init
 .text.bootutil_img_validate
                0x0000000000000560      0x230 app/libapp.a(image_validate.c.obj)
                0x0000000000000560                bootutil_img_validate
 .text.bootutil_verify_sig
                0x0000000000000790      0x218 app/libapp.a(image_rsa.c.obj)
                0x0000000000000790                bootutil_verify_sig
 .text.boot_fih_memequal
                0x00000000000009a8       0x30 app/libapp.a(bootutil_misc.c.obj)
                0x00000000000009a8                boot_fih_memequal
 .text.boot_status_entries
                0x00000000000009d8       0x2c app/libapp.a(bootutil_misc.c.obj)
                0x00000000000009d8                boot_status_entries
 .text.boot_find_status
                0x0000000000000a04       0x48 app/libapp.a(bootutil_misc.c.obj)
                0x0000000000000a04                boot_find_status
 .text.bootutil_max_image_size
                0x0000000000000a4c       0x2c app/libapp.a(bootutil_misc.c.obj)
                0x0000000000000a4c                bootutil_max_image_size
 .text.fih_cfi_get_and_increment
                0x0000000000000a78       0x10 app/libapp.a(fault_injection_hardening.c.obj)
                0x0000000000000a78                fih_cfi_get_and_increment
 .text.fih_cfi_decrement
                0x0000000000000a88       0x10 app/libapp.a(fault_injection_hardening.c.obj)
                0x0000000000000a88                fih_cfi_decrement
 .text.fih_cfi_validate
                0x0000000000000a98       0x14 app/libapp.a(fault_injection_hardening.c.obj)
                0x0000000000000a98                fih_cfi_validate
 .text.boot_validate_slot.isra.0
                0x0000000000000aac      0x134 app/libapp.a(loader.c.obj)
 .text.boot_swap_image.isra.0
                0x0000000000000be0       0x88 app/libapp.a(loader.c.obj)
 .text.boot_copy_region
                0x0000000000000c68       0x84 app/libapp.a(loader.c.obj)
                0x0000000000000c68                boot_copy_region
 .text.context_boot_go
                0x0000000000000cec      0x2e0 app/libapp.a(loader.c.obj)
                0x0000000000000cec                context_boot_go
 .text.boot_go  0x0000000000000fcc       0x34 app/libapp.a(loader.c.obj)
                0x0000000000000fcc                boot_go
 .text.swap_set_copy_done
                0x0000000000001000       0x2c app/libapp.a(swap_misc.c.obj)
                0x0000000000001000                swap_set_copy_done
 .text.swap_set_image_ok
                0x000000000000102c       0x44 app/libapp.a(swap_misc.c.obj)
                0x000000000000102c                swap_set_image_ok
 .text.boot_read_image_header
                0x0000000000001070       0xcc app/libapp.a(swap_move.c.obj)
                0x0000000000001070                boot_read_image_header
 .text.swap_read_status_bytes
                0x000000000000113c       0xc8 app/libapp.a(swap_move.c.obj)
                0x000000000000113c                swap_read_status_bytes
 .text.boot_slots_compatible
                0x0000000000001204       0x78 app/libapp.a(swap_move.c.obj)
                0x0000000000001204                boot_slots_compatible
 .text.swap_status_source
                0x000000000000127c       0xcc app/libapp.a(swap_move.c.obj)
                0x000000000000127c                swap_status_source
 .text.fixup_revert
                0x0000000000001348       0x98 app/libapp.a(swap_move.c.obj)
                0x0000000000001348                fixup_revert
 .text.swap_run
                0x00000000000013e0      0x1f0 app/libapp.a(swap_move.c.obj)
                0x00000000000013e0                swap_run
 .text.cleanup_arm_nvic
                0x00000000000015d0       0x38 app/libapp.a(arm_cleanup.c.obj)
                0x00000000000015d0                cleanup_arm_nvic
 .text.z_arm_clear_arm_mpu_config
                0x0000000000001608       0x24 app/libapp.a(arm_cleanup.c.obj)
                0x0000000000001608                z_arm_clear_arm_mpu_config
 .text.nrf_cleanup_peripheral
                0x000000000000162c       0x9c app/libapp.a(nrf_cleanup.c.obj)
                0x000000000000162c                nrf_cleanup_peripheral
 .text.char_out
                0x00000000000016c8        0xc zephyr/libzephyr.a(printk.c.obj)
 .text.__printk_hook_install
                0x00000000000016d4        0xc zephyr/libzephyr.a(printk.c.obj)
                0x00000000000016d4                __printk_hook_install
 .text.vprintk  0x00000000000016e0       0x1c zephyr/libzephyr.a(printk.c.obj)
                0x00000000000016e0                vprintk
 .text.z_cbvprintf_impl
                0x00000000000016fc      0x444 zephyr/libzephyr.a(cbprintf_nano.c.obj)
                0x00000000000016fc                z_cbvprintf_impl
 .text.process_event
                0x0000000000001b40      0x21c zephyr/libzephyr.a(onoff.c.obj)
 .text.flash_area_open
                0x0000000000001d5c       0x50 zephyr/libzephyr.a(flash_map.c.obj)
                0x0000000000001d5c                flash_area_open
 .text.flash_area_get_sectors
                0x0000000000001dac       0x60 zephyr/libzephyr.a(flash_map_layout.c.obj)
                0x0000000000001dac                flash_area_get_sectors
 .text.boot_banner
                0x0000000000001e0c       0x24 zephyr/libzephyr.a(banner.c.obj)
                0x0000000000001e0c                boot_banner
 .text.nrf_cc3xx_platform_abort_init
                0x0000000000001e30        0xc zephyr/libzephyr.a(nrf_cc3xx_platform_abort_zephyr.c.obj)
                0x0000000000001e30                nrf_cc3xx_platform_abort_init
 .text.mutex_free_platform
                0x0000000000001e3c       0x54 zephyr/libzephyr.a(nrf_cc3xx_platform_mutex_zephyr.c.obj)
 .text.mutex_lock_platform
                0x0000000000001e90       0x58 zephyr/libzephyr.a(nrf_cc3xx_platform_mutex_zephyr.c.obj)
 .text.mutex_unlock_platform
                0x0000000000001ee8       0x50 zephyr/libzephyr.a(nrf_cc3xx_platform_mutex_zephyr.c.obj)
 .text.mutex_init_platform
                0x0000000000001f38       0x94 zephyr/libzephyr.a(nrf_cc3xx_platform_mutex_zephyr.c.obj)
 .text.nrf_cc3xx_platform_mutex_init
                0x0000000000001fcc       0x2c zephyr/libzephyr.a(nrf_cc3xx_platform_mutex_zephyr.c.obj)
                0x0000000000001fcc                nrf_cc3xx_platform_mutex_init
 .text.z_SysNmiOnReset
                0x0000000000001ff8        0x8 zephyr/arch/arch/arm/core/libarch__arm__core.a(nmi_on_reset.S.obj)
                0x0000000000001ff8                z_SysNmiOnReset
 .text._HandlerModeExit
                0x0000000000002000       0x28 zephyr/arch/arch/arm/core/cortex_m/libarch__arm__core__cortex_m.a(exc_exit.c.obj)
                0x0000000000002000                z_arm_int_exit
                0x0000000000002000                z_arm_exc_exit
 .text.usage_fault.constprop.0
                0x0000000000002028       0x5c zephyr/arch/arch/arm/core/cortex_m/libarch__arm__core__cortex_m.a(fault.c.obj)
 .text.bus_fault.constprop.0
                0x0000000000002084       0x6c zephyr/arch/arch/arm/core/cortex_m/libarch__arm__core__cortex_m.a(fault.c.obj)
 .text.mem_manage_fault.constprop.0
                0x00000000000020f0       0x78 zephyr/arch/arch/arm/core/cortex_m/libarch__arm__core__cortex_m.a(fault.c.obj)
 .text.z_arm_fault
                0x0000000000002168      0x118 zephyr/arch/arch/arm/core/cortex_m/libarch__arm__core__cortex_m.a(fault.c.obj)
                0x0000000000002168                z_arm_fault
 .text.z_arm_fault_init
                0x0000000000002280       0x20 zephyr/arch/arch/arm/core/cortex_m/libarch__arm__core__cortex_m.a(fault.c.obj)
                0x0000000000002280                z_arm_fault_init
 .text.__fault  0x00000000000022a0       0x14 zephyr/arch/arch/arm/core/cortex_m/libarch__arm__core__cortex_m.a(fault_s.S.obj)
                0x00000000000022a0                z_arm_usage_fault
                0x00000000000022a0                z_arm_mpu_fault
                0x00000000000022a0                z_arm_exc_spurious
                0x00000000000022a0                z_arm_debug_monitor
                0x00000000000022a0                z_arm_hard_fault
                0x00000000000022a0                z_arm_bus_fault
 .text._reset_section
                0x00000000000022b4       0x60 zephyr/arch/arch/arm/core/cortex_m/libarch__arm__core__cortex_m.a(reset.S.obj)
                0x00000000000022b4                __start
                0x00000000000022b4                z_arm_reset
 .text.z_arm_init_arch_hw_at_boot
                0x0000000000002314       0x44 zephyr/arch/arch/arm/core/cortex_m/libarch__arm__core__cortex_m.a(scb.c.obj)
                0x0000000000002314                z_arm_init_arch_hw_at_boot
 .text.z_impl_k_thread_abort
                0x0000000000002358       0x2c zephyr/arch/arch/arm/core/cortex_m/libarch__arm__core__cortex_m.a(thread_abort.c.obj)
                0x0000000000002358                z_impl_k_thread_abort
 .text.arch_swap
                0x0000000000002384       0x30 zephyr/arch/arch/arm/core/cortex_m/libarch__arm__core__cortex_m.a(swap.c.obj)
                0x0000000000002384                arch_swap
 .text.z_arm_pendsv_c
                0x00000000000023b4       0x34 zephyr/arch/arch/arm/core/cortex_m/libarch__arm__core__cortex_m.a(swap.c.obj)
                0x00000000000023b4                z_arm_pendsv_c
 .text.z_arm_pendsv
                0x00000000000023e8       0x40 zephyr/arch/arch/arm/core/cortex_m/libarch__arm__core__cortex_m.a(swap_helper.S.obj)
                0x00000000000023e8                z_arm_pendsv
 .text.z_arm_svc
                0x0000000000002428       0x20 zephyr/arch/arch/arm/core/cortex_m/libarch__arm__core__cortex_m.a(swap_helper.S.obj)
                0x0000000000002428                z_arm_svc
 .text.arch_irq_enable
                0x0000000000002448       0x1c zephyr/arch/arch/arm/core/cortex_m/libarch__arm__core__cortex_m.a(irq_manage.c.obj)
                0x0000000000002448                arch_irq_enable
 .text.arch_irq_disable
                0x0000000000002464       0x28 zephyr/arch/arch/arm/core/cortex_m/libarch__arm__core__cortex_m.a(irq_manage.c.obj)
                0x0000000000002464                arch_irq_disable
 .text.arch_irq_is_enabled
                0x000000000000248c       0x1c zephyr/arch/arch/arm/core/cortex_m/libarch__arm__core__cortex_m.a(irq_manage.c.obj)
                0x000000000000248c                arch_irq_is_enabled
 .text.z_arm_irq_priority_set
                0x00000000000024a8       0x2c zephyr/arch/arch/arm/core/cortex_m/libarch__arm__core__cortex_m.a(irq_manage.c.obj)
                0x00000000000024a8                z_arm_irq_priority_set
 .text.z_prep_c
                0x00000000000024d4       0x38 zephyr/arch/arch/arm/core/cortex_m/libarch__arm__core__cortex_m.a(prep_c.c.obj)
                0x00000000000024d4                z_prep_c
 .text.arch_new_thread
                0x000000000000250c       0x38 zephyr/arch/arch/arm/core/cortex_m/libarch__arm__core__cortex_m.a(thread.c.obj)
                0x000000000000250c                arch_new_thread
 .text.arch_switch_to_main_thread
                0x0000000000002544       0x3c zephyr/arch/arch/arm/core/cortex_m/libarch__arm__core__cortex_m.a(thread.c.obj)
                0x0000000000002544                arch_switch_to_main_thread
 .text.z_arm_cpu_idle_init
                0x0000000000002580        0xc zephyr/arch/arch/arm/core/cortex_m/libarch__arm__core__cortex_m.a(cpu_idle.c.obj)
                0x0000000000002580                z_arm_cpu_idle_init
 .text.z_arm_interrupt_init
                0x000000000000258c       0x18 zephyr/arch/arch/arm/core/cortex_m/libarch__arm__core__cortex_m.a(irq_init.c.obj)
                0x000000000000258c                z_arm_interrupt_init
 .text._isr_wrapper
                0x00000000000025a4       0x24 zephyr/arch/arch/arm/core/cortex_m/libarch__arm__core__cortex_m.a(isr_wrapper.c.obj)
                0x00000000000025a4                _isr_wrapper
 .text.__stdout_hook_install
                0x00000000000025c8        0xc zephyr/lib/libc/minimal/liblib__libc__minimal.a(stdout_console.c.obj)
                0x00000000000025c8                __stdout_hook_install
 .text.nordicsemi_nrf91_init
                0x00000000000025d4       0x10 zephyr/soc/soc/nrf9160/libsoc__nordic.a(soc.c.obj)
 .text.arch_busy_wait
                0x00000000000025e4       0x14 zephyr/soc/soc/nrf9160/libsoc__nordic.a(soc.c.obj)
                0x00000000000025e4                arch_busy_wait
 .text.onoff_stop
                0x00000000000025f8       0x30 zephyr/drivers/clock_control/libdrivers__clock_control.a(clock_control_nrf.c.obj)
 .text.onoff_start
                0x0000000000002628       0x44 zephyr/drivers/clock_control/libdrivers__clock_control.a(clock_control_nrf.c.obj)
 .text.generic_hfclk_stop
                0x000000000000266c       0x34 zephyr/drivers/clock_control/libdrivers__clock_control.a(clock_control_nrf.c.obj)
 .text.clk_init
                0x00000000000026a0       0x58 zephyr/drivers/clock_control/libdrivers__clock_control.a(clock_control_nrf.c.obj)
 .text.api_blocking_start
                0x00000000000026f8       0x34 zephyr/drivers/clock_control/libdrivers__clock_control.a(clock_control_nrf.c.obj)
 .text.clkstarted_handle.constprop.0
                0x000000000000272c       0x4c zephyr/drivers/clock_control/libdrivers__clock_control.a(clock_control_nrf.c.obj)
 .text.generic_hfclk_start
                0x0000000000002778       0x78 zephyr/drivers/clock_control/libdrivers__clock_control.a(clock_control_nrf.c.obj)
 .text.clock_event_handler
                0x00000000000027f0       0x1c zephyr/drivers/clock_control/libdrivers__clock_control.a(clock_control_nrf.c.obj)
 .text.z_nrf_clock_control_lf_on
                0x000000000000280c       0xf8 zephyr/drivers/clock_control/libdrivers__clock_control.a(clock_control_nrf.c.obj)
                0x000000000000280c                z_nrf_clock_control_lf_on
 .text.uart_console_init
                0x0000000000002904       0x28 zephyr/drivers/console/libdrivers__console.a(uart_console.c.obj)
 .text.console_out
                0x000000000000292c       0x28 zephyr/drivers/console/libdrivers__console.a(uart_console.c.obj)
 .text.flash_nrf_pages_layout
                0x0000000000002954       0x10 zephyr/drivers/flash/libdrivers__flash.a(soc_flash_nrf.c.obj)
 .text.flash_nrf_get_parameters
                0x0000000000002964        0x8 zephyr/drivers/flash/libdrivers__flash.a(soc_flash_nrf.c.obj)
 .text.nrf_flash_init
                0x000000000000296c       0x28 zephyr/drivers/flash/libdrivers__flash.a(soc_flash_nrf.c.obj)
 .text.flash_nrf_erase
                0x0000000000002994       0x64 zephyr/drivers/flash/libdrivers__flash.a(soc_flash_nrf.c.obj)
 .text.flash_nrf_write
                0x00000000000029f8       0x64 zephyr/drivers/flash/libdrivers__flash.a(soc_flash_nrf.c.obj)
 .text.gpio_nrfx_init
                0x0000000000002a5c       0x48 zephyr/drivers/gpio/libdrivers__gpio.a(gpio_nrfx.c.obj)
 .text.nrfx_gpio_handler
                0x0000000000002aa4       0x3c zephyr/drivers/gpio/libdrivers__gpio.a(gpio_nrfx.c.obj)
 .text.gpio_nrfx_pin_configure
                0x0000000000002ae0      0x17c zephyr/drivers/gpio/libdrivers__gpio.a(gpio_nrfx.c.obj)
 .text.gpio_nrfx_pin_interrupt_configure
                0x0000000000002c5c       0xf4 zephyr/drivers/gpio/libdrivers__gpio.a(gpio_nrfx.c.obj)
 .text.pinctrl_configure_pins
                0x0000000000002d50      0x17c zephyr/drivers/pinctrl/libdrivers__pinctrl.a(pinctrl_nrf.c.obj)
                0x0000000000002d50                pinctrl_configure_pins
 .text.uarte_nrfx_poll_out
                0x0000000000002ecc       0xb4 zephyr/drivers/serial/libdrivers__serial.a(uart_nrfx_uarte.c.obj)
 .text.uarte_0_init
                0x0000000000002f80      0x108 zephyr/drivers/serial/libdrivers__serial.a(uart_nrfx_uarte.c.obj)
 .text.compare_int_lock
                0x0000000000003088       0x40 zephyr/drivers/timer/libdrivers__timer.a(nrf_rtc_timer.c.obj)
 .text.sys_clock_timeout_handler
                0x00000000000030c8       0x48 zephyr/drivers/timer/libdrivers__timer.a(nrf_rtc_timer.c.obj)
 .text.compare_int_unlock
                0x0000000000003110       0x4c zephyr/drivers/timer/libdrivers__timer.a(nrf_rtc_timer.c.obj)
 .text.z_nrf_rtc_timer_read
                0x000000000000315c       0x44 zephyr/drivers/timer/libdrivers__timer.a(nrf_rtc_timer.c.obj)
                0x000000000000315c                z_nrf_rtc_timer_read
 .text.compare_set
                0x00000000000031a0      0x124 zephyr/drivers/timer/libdrivers__timer.a(nrf_rtc_timer.c.obj)
 .text.sys_clock_driver_init
                0x00000000000032c4       0x90 zephyr/drivers/timer/libdrivers__timer.a(nrf_rtc_timer.c.obj)
 .text.rtc_nrf_isr
                0x0000000000003354       0xd0 zephyr/drivers/timer/libdrivers__timer.a(nrf_rtc_timer.c.obj)
                0x0000000000003354                rtc_nrf_isr
 .text.sys_clock_set_timeout
                0x0000000000003424       0x5c zephyr/drivers/timer/libdrivers__timer.a(nrf_rtc_timer.c.obj)
                0x0000000000003424                sys_clock_set_timeout
 .text.sys_clock_elapsed
                0x0000000000003480       0x14 zephyr/drivers/timer/libdrivers__timer.a(nrf_rtc_timer.c.obj)
                0x0000000000003480                sys_clock_elapsed
 .text.sys_clock_disable
                0x0000000000003494       0x30 zephyr/drivers/timer/libdrivers__timer.a(nrf_rtc_timer.c.obj)
                0x0000000000003494                sys_clock_disable
 .text.fprotect_area
                0x00000000000034c4       0x3c modules/nrf/lib/fprotect/lib..__nrf__lib__fprotect.a(fprotect_spu.c.obj)
                0x00000000000034c4                fprotect_area
 .text.boot_write_magic
                0x0000000000003500       0x40 modules/mcuboot/boot/bootutil/zephyr/libmcuboot_util.a(bootutil_public.c.obj)
                0x0000000000003500                boot_write_magic
 .text.boot_read_swap_state
                0x0000000000003540       0xac modules/mcuboot/boot/bootutil/zephyr/libmcuboot_util.a(bootutil_public.c.obj)
                0x0000000000003540                boot_read_swap_state
 .text.boot_swap_type_multi
                0x00000000000035ec      0x100 modules/mcuboot/boot/bootutil/zephyr/libmcuboot_util.a(bootutil_public.c.obj)
                0x00000000000035ec                boot_swap_type_multi
 .text.mbedtls_ct_bool
                0x00000000000036ec       0x18 modules/mbedtls/libmbedTLSBase.a(bignum_core.c.obj)
 .text.mbedtls_mpi_core_cond_assign
                0x0000000000003704       0x30 modules/mbedtls/libmbedTLSBase.a(bignum_core.c.obj)
                0x0000000000003704                mbedtls_mpi_core_cond_assign
 .text.mbedtls_mpi_core_exp_mod_optionally_safe
                0x0000000000003734      0x1a0 modules/mbedtls/libmbedTLSBase.a(bignum_core.c.obj)
 .text.mbedtls_ct_mpi_sign_if
                0x00000000000038d4       0x1c modules/mbedtls/libmbedTLSBase.a(bignum.c.obj)
 .text.mbedtls_mpi_div_mpi
                0x00000000000038f0      0x334 modules/mbedtls/libmbedTLSBase.a(bignum.c.obj)
                0x00000000000038f0                mbedtls_mpi_div_mpi
 .text.mbedtls_ct_memcpy_if
                0x0000000000003c24       0x88 modules/mbedtls/libmbedTLSBase.a(constant_time.c.obj)
                0x0000000000003c24                mbedtls_ct_memcpy_if
 .text.mbedtls_md_info_from_type
                0x0000000000003cac       0x1c modules/mbedtls/libmbedTLSBase.a(md.c.obj)
                0x0000000000003cac                mbedtls_md_info_from_type
 .text.verify_header
                0x0000000000003cc8       0x40 modules/mbedtls/libmbedTLSBase.a(memory_buffer_alloc.c.obj)
 .text.verify_chain
                0x0000000000003d08       0x3c modules/mbedtls/libmbedTLSBase.a(memory_buffer_alloc.c.obj)
 .text.buffer_alloc_calloc
                0x0000000000003d44      0x114 modules/mbedtls/libmbedTLSBase.a(memory_buffer_alloc.c.obj)
 .text.buffer_alloc_free
                0x0000000000003e58      0x124 modules/mbedtls/libmbedTLSBase.a(memory_buffer_alloc.c.obj)
 .text.mbedtls_memory_buffer_alloc_init
                0x0000000000003f7c       0x68 modules/mbedtls/libmbedTLSBase.a(memory_buffer_alloc.c.obj)
                0x0000000000003f7c                mbedtls_memory_buffer_alloc_init
 .text.mbedtls_platform_zeroize
                0x0000000000003fe4       0x18 modules/mbedtls/libmbedTLSBase.a(platform_util.c.obj)
                0x0000000000003fe4                mbedtls_platform_zeroize
 .text.mbedtls_calloc
                0x0000000000003ffc        0xc modules/mbedtls/libmbedTLSBase.a(platform.c.obj)
                0x0000000000003ffc                mbedtls_calloc
 .text.mbedtls_free
                0x0000000000004008        0xc modules/mbedtls/libmbedTLSBase.a(platform.c.obj)
                0x0000000000004008                mbedtls_free
 .text.mbedtls_platform_set_calloc_free
                0x0000000000004014       0x14 modules/mbedtls/libmbedTLSBase.a(platform.c.obj)
                0x0000000000004014                mbedtls_platform_set_calloc_free
 .text.rsa_check_context.constprop.0
                0x0000000000004028       0xb8 modules/mbedtls/libmbedTLSBase.a(rsa.c.obj)
 .text.mbedtls_rsa_set_padding
                0x00000000000040e0       0x2c modules/mbedtls/libmbedTLSBase.a(rsa.c.obj)
                0x00000000000040e0                mbedtls_rsa_set_padding
 .text.mbedtls_rsa_check_pubkey
                0x000000000000410c       0x4c modules/mbedtls/libmbedTLSBase.a(rsa.c.obj)
                0x000000000000410c                mbedtls_rsa_check_pubkey
 .text.mbedtls_rsa_public
                0x0000000000004158       0x90 modules/mbedtls/libmbedTLSBase.a(rsa.c.obj)
                0x0000000000004158                mbedtls_rsa_public
 .text.mbedtls_sha256_starts
                0x00000000000041e8       0xcc modules/mbedtls/libmbedTLSBase.a(sha256.c.obj)
                0x00000000000041e8                mbedtls_sha256_starts
 .text.mbedtls_internal_sha256_process
                0x00000000000042b4      0x130 modules/mbedtls/libmbedTLSBase.a(sha256.c.obj)
                0x00000000000042b4                mbedtls_internal_sha256_process
 .text.uicr_HFXOCNT_erased
                0x00000000000043e4       0x40 modules/hal_nordic/nrfx/libmodules__hal_nordic__nrfx.a(system_nrf91.c.obj)
 .text.uicr_HFXOSRC_erased
                0x0000000000004424       0x3c modules/hal_nordic/nrfx/libmodules__hal_nordic__nrfx.a(system_nrf91.c.obj)
 .text.SystemInit
                0x0000000000004460      0x16c modules/hal_nordic/nrfx/libmodules__hal_nordic__nrfx.a(system_nrf91.c.obj)
                0x0000000000004460                SystemInit
 .text.nrfx_flag32_alloc
                0x00000000000045cc       0x40 modules/hal_nordic/nrfx/libmodules__hal_nordic__nrfx.a(nrfx_flag32_allocator.c.obj)
                0x00000000000045cc                nrfx_flag32_alloc
 .text.nrfx_flag32_free
                0x000000000000460c       0x38 modules/hal_nordic/nrfx/libmodules__hal_nordic__nrfx.a(nrfx_flag32_allocator.c.obj)
                0x000000000000460c                nrfx_flag32_free
 .text.nrfx_gppi_channels_enable
                0x0000000000004644        0xc modules/hal_nordic/nrfx/libmodules__hal_nordic__nrfx.a(nrfx_gppi_dppi.c.obj)
                0x0000000000004644                nrfx_gppi_channels_enable
 .text.nrfx_gppi_channel_alloc
                0x0000000000004650        0xc modules/hal_nordic/nrfx/libmodules__hal_nordic__nrfx.a(nrfx_gppi_dppi.c.obj)
                0x0000000000004650                nrfx_gppi_channel_alloc
 .text.nrfx_clock_init
                0x000000000000465c       0x20 modules/hal_nordic/nrfx/libmodules__hal_nordic__nrfx.a(nrfx_clock.c.obj)
                0x000000000000465c                nrfx_clock_init
 .text.nrfx_clock_enable
                0x000000000000467c       0x28 modules/hal_nordic/nrfx/libmodules__hal_nordic__nrfx.a(nrfx_clock.c.obj)
                0x000000000000467c                nrfx_clock_enable
 .text.nrfx_clock_start
                0x00000000000046a4       0xb0 modules/hal_nordic/nrfx/libmodules__hal_nordic__nrfx.a(nrfx_clock.c.obj)
                0x00000000000046a4                nrfx_clock_start
 .text.nrfx_power_clock_irq_handler
                0x0000000000004754       0x64 modules/hal_nordic/nrfx/libmodules__hal_nordic__nrfx.a(nrfx_clock.c.obj)
                0x0000000000004754                nrfx_power_clock_irq_handler
 .text.nrfx_dppi_channel_alloc
                0x00000000000047b8       0x10 modules/hal_nordic/nrfx/libmodules__hal_nordic__nrfx.a(nrfx_dppi.c.obj)
                0x00000000000047b8                nrfx_dppi_channel_alloc
 .text.nrf_gpio_pin_port_decode
                0x00000000000047c8       0x18 modules/hal_nordic/nrfx/libmodules__hal_nordic__nrfx.a(nrfx_gpiote.c.obj)
 .text.call_handler.constprop.0
                0x00000000000047e0       0x3c modules/hal_nordic/nrfx/libmodules__hal_nordic__nrfx.a(nrfx_gpiote.c.obj)
 .text.latch_pending_read_and_check
                0x000000000000481c       0x1c modules/hal_nordic/nrfx/libmodules__hal_nordic__nrfx.a(nrfx_gpiote.c.obj)
 .text.release_handler.isra.0
                0x0000000000004838       0x54 modules/hal_nordic/nrfx/libmodules__hal_nordic__nrfx.a(nrfx_gpiote.c.obj)
 .text.__nrfy_internal_gpiote_events_process.constprop.0
                0x000000000000488c       0x5c modules/hal_nordic/nrfx/libmodules__hal_nordic__nrfx.a(nrfx_gpiote.c.obj)
 .text.pin_trigger_disable
                0x00000000000048e8       0x40 modules/hal_nordic/nrfx/libmodules__hal_nordic__nrfx.a(nrfx_gpiote.c.obj)
 .text.pin_uninit
                0x0000000000004928       0x78 modules/hal_nordic/nrfx/libmodules__hal_nordic__nrfx.a(nrfx_gpiote.c.obj)
 .text.nrfx_gpiote_input_configure
                0x00000000000049a0      0x15c modules/hal_nordic/nrfx/libmodules__hal_nordic__nrfx.a(nrfx_gpiote.c.obj)
                0x00000000000049a0                nrfx_gpiote_input_configure
 .text.nrfx_gpiote_output_configure
                0x0000000000004afc       0xf0 modules/hal_nordic/nrfx/libmodules__hal_nordic__nrfx.a(nrfx_gpiote.c.obj)
                0x0000000000004afc                nrfx_gpiote_output_configure
 .text.nrfx_gpiote_global_callback_set
                0x0000000000004bec        0xc modules/hal_nordic/nrfx/libmodules__hal_nordic__nrfx.a(nrfx_gpiote.c.obj)
                0x0000000000004bec                nrfx_gpiote_global_callback_set
 .text.nrfx_gpiote_channel_get
                0x0000000000004bf8       0x24 modules/hal_nordic/nrfx/libmodules__hal_nordic__nrfx.a(nrfx_gpiote.c.obj)
                0x0000000000004bf8                nrfx_gpiote_channel_get
 .text.nrfx_gpiote_init
                0x0000000000004c1c       0x64 modules/hal_nordic/nrfx/libmodules__hal_nordic__nrfx.a(nrfx_gpiote.c.obj)
                0x0000000000004c1c                nrfx_gpiote_init
 .text.nrfx_gpiote_init_check
                0x0000000000004c80       0x14 modules/hal_nordic/nrfx/libmodules__hal_nordic__nrfx.a(nrfx_gpiote.c.obj)
                0x0000000000004c80                nrfx_gpiote_init_check
 .text.nrfx_gpiote_channel_free
                0x0000000000004c94        0xc modules/hal_nordic/nrfx/libmodules__hal_nordic__nrfx.a(nrfx_gpiote.c.obj)
                0x0000000000004c94                nrfx_gpiote_channel_free
 .text.nrfx_gpiote_channel_alloc
                0x0000000000004ca0        0xc modules/hal_nordic/nrfx/libmodules__hal_nordic__nrfx.a(nrfx_gpiote.c.obj)
                0x0000000000004ca0                nrfx_gpiote_channel_alloc
 .text.nrfx_gpiote_trigger_enable
                0x0000000000004cac       0x94 modules/hal_nordic/nrfx/libmodules__hal_nordic__nrfx.a(nrfx_gpiote.c.obj)
                0x0000000000004cac                nrfx_gpiote_trigger_enable
 .text.nrfx_gpiote_0_irq_handler
                0x0000000000004d40      0x15c modules/hal_nordic/nrfx/libmodules__hal_nordic__nrfx.a(nrfx_gpiote.c.obj)
                0x0000000000004d40                nrfx_gpiote_0_irq_handler
 .text.nvmc_readonly_mode_set
                0x0000000000004e9c       0x14 modules/hal_nordic/nrfx/libmodules__hal_nordic__nrfx.a(nrfx_nvmc.c.obj)
 .text.nvmc_word_write
                0x0000000000004eb0       0x18 modules/hal_nordic/nrfx/libmodules__hal_nordic__nrfx.a(nrfx_nvmc.c.obj)
 .text.nrfx_nvmc_page_erase
                0x0000000000004ec8       0x3c modules/hal_nordic/nrfx/libmodules__hal_nordic__nrfx.a(nrfx_nvmc.c.obj)
                0x0000000000004ec8                nrfx_nvmc_page_erase
 .text.nrfx_nvmc_word_write
                0x0000000000004f04       0x20 modules/hal_nordic/nrfx/libmodules__hal_nordic__nrfx.a(nrfx_nvmc.c.obj)
                0x0000000000004f04                nrfx_nvmc_word_write
 .text.z_fatal_error
                0x0000000000004f24       0x30 zephyr/kernel/libkernel.a(fatal.c.obj)
                0x0000000000004f24                z_fatal_error
 .text.z_sys_init_run_level
                0x0000000000004f54       0x2c zephyr/kernel/libkernel.a(init.c.obj)
 .text.bg_thread_main
                0x0000000000004f80       0xc4 zephyr/kernel/libkernel.a(init.c.obj)
 .text.z_bss_zero
                0x0000000000005044       0x18 zephyr/kernel/libkernel.a(init.c.obj)
                0x0000000000005044                z_bss_zero
 .text.z_init_cpu
                0x000000000000505c       0x68 zephyr/kernel/libkernel.a(init.c.obj)
                0x000000000000505c                z_init_cpu
 .text.z_cstart
                0x00000000000050c4       0xd4 zephyr/kernel/libkernel.a(init.c.obj)
                0x00000000000050c4                z_cstart
 .text.init_mem_slab_obj_core_list
                0x0000000000005198       0x24 zephyr/kernel/libkernel.a(mem_slab.c.obj)
 .text.k_mem_slab_alloc
                0x00000000000051bc       0x5c zephyr/kernel/libkernel.a(mem_slab.c.obj)
                0x00000000000051bc                k_mem_slab_alloc
 .text.z_impl_k_mutex_lock
                0x0000000000005218       0xf0 zephyr/kernel/libkernel.a(mutex.c.obj)
                0x0000000000005218                z_impl_k_mutex_lock
 .text.z_impl_k_mutex_unlock
                0x0000000000005308       0x78 zephyr/kernel/libkernel.a(mutex.c.obj)
                0x0000000000005308                z_impl_k_mutex_unlock
 .text.z_impl_k_sem_give
                0x0000000000005380       0x48 zephyr/kernel/libkernel.a(sem.c.obj)
                0x0000000000005380                z_impl_k_sem_give
 .text.z_impl_k_sem_take
                0x00000000000053c8       0x4c zephyr/kernel/libkernel.a(sem.c.obj)
                0x00000000000053c8                z_impl_k_sem_take
 .text.z_setup_new_thread
                0x0000000000005414       0x60 zephyr/kernel/libkernel.a(thread.c.obj)
                0x0000000000005414                z_setup_new_thread
 .text.update_cache
                0x0000000000005474       0x3c zephyr/kernel/libkernel.a(sched.c.obj)
 .text.unready_thread
                0x00000000000054b0       0x30 zephyr/kernel/libkernel.a(sched.c.obj)
 .text.ready_thread
                0x00000000000054e0       0x68 zephyr/kernel/libkernel.a(sched.c.obj)
 .text.z_thread_halt
                0x0000000000005548       0xdc zephyr/kernel/libkernel.a(sched.c.obj)
 .text.move_thread_to_end_of_prio_q
                0x0000000000005624       0x74 zephyr/kernel/libkernel.a(sched.c.obj)
                0x0000000000005624                move_thread_to_end_of_prio_q
 .text.z_pend_curr
                0x0000000000005698       0x58 zephyr/kernel/libkernel.a(sched.c.obj)
                0x0000000000005698                z_pend_curr
 .text.z_thread_prio_set
                0x00000000000056f0       0x88 zephyr/kernel/libkernel.a(sched.c.obj)
                0x00000000000056f0                z_thread_prio_set
 .text.z_reschedule
                0x0000000000005778       0x24 zephyr/kernel/libkernel.a(sched.c.obj)
                0x0000000000005778                z_reschedule
 .text.z_sched_start
                0x000000000000579c       0x3c zephyr/kernel/libkernel.a(sched.c.obj)
                0x000000000000579c                z_sched_start
 .text.z_reschedule_irqlock
                0x00000000000057d8       0x28 zephyr/kernel/libkernel.a(sched.c.obj)
                0x00000000000057d8                z_reschedule_irqlock
 .text.k_sched_lock
                0x0000000000005800       0x28 zephyr/kernel/libkernel.a(sched.c.obj)
                0x0000000000005800                k_sched_lock
 .text.k_sched_unlock
                0x0000000000005828       0x40 zephyr/kernel/libkernel.a(sched.c.obj)
                0x0000000000005828                k_sched_unlock
 .text.z_sched_init
                0x0000000000005868       0x10 zephyr/kernel/libkernel.a(sched.c.obj)
                0x0000000000005868                z_sched_init
 .text.z_impl_k_yield
                0x0000000000005878       0x7c zephyr/kernel/libkernel.a(sched.c.obj)
                0x0000000000005878                z_impl_k_yield
 .text.z_tick_sleep
                0x00000000000058f4       0x88 zephyr/kernel/libkernel.a(sched.c.obj)
 .text.z_impl_k_sleep
                0x000000000000597c       0x3c zephyr/kernel/libkernel.a(sched.c.obj)
                0x000000000000597c                z_impl_k_sleep
 .text.z_impl_k_sched_current_thread_query
                0x00000000000059b8        0xc zephyr/kernel/libkernel.a(sched.c.obj)
                0x00000000000059b8                z_impl_k_sched_current_thread_query
 .text.slice_timeout
                0x00000000000059c4       0x20 zephyr/kernel/libkernel.a(timeslicing.c.obj)
 .text.thread_is_sliceable
                0x00000000000059e4       0x3c zephyr/kernel/libkernel.a(timeslicing.c.obj)
                0x00000000000059e4                thread_is_sliceable
 .text.z_reset_time_slice
                0x0000000000005a20       0x50 zephyr/kernel/libkernel.a(timeslicing.c.obj)
                0x0000000000005a20                z_reset_time_slice
 .text.z_time_slice
                0x0000000000005a70       0x60 zephyr/kernel/libkernel.a(timeslicing.c.obj)
                0x0000000000005a70                z_time_slice
 .text.z_data_copy
                0x0000000000005ad0       0x34 zephyr/kernel/libkernel.a(xip.c.obj)
                0x0000000000005ad0                z_data_copy
 .text.elapsed  0x0000000000005b04       0x14 zephyr/kernel/libkernel.a(timeout.c.obj)
 .text.remove_timeout
                0x0000000000005b18       0x38 zephyr/kernel/libkernel.a(timeout.c.obj)
 .text.next_timeout
                0x0000000000005b50       0x40 zephyr/kernel/libkernel.a(timeout.c.obj)
 .text.z_add_timeout
                0x0000000000005b90       0xf4 zephyr/kernel/libkernel.a(timeout.c.obj)
                0x0000000000005b90                z_add_timeout
 .text.sys_clock_announce
                0x0000000000005c84       0xd0 zephyr/kernel/libkernel.a(timeout.c.obj)
                0x0000000000005c84                sys_clock_announce
 .text.sys_clock_tick_get
                0x0000000000005d54       0x30 zephyr/kernel/libkernel.a(timeout.c.obj)
                0x0000000000005d54                sys_clock_tick_get
 .text.nrf_cc3xx_platform_init_no_rng
                0x0000000000005d84       0x38 C:/ncs/v2.9.0/nrfxlib/crypto/nrf_cc310_platform/lib/cortex-m33/soft-float/no-interrupts/libnrf_cc310_platform_0.9.19.a(nrf_cc3xx_platform.c.obj)
                0x0000000000005d84                nrf_cc3xx_platform_init_no_rng
 .text.nrf_cc3xx_platform_abort
                0x0000000000005dbc       0x24 C:/ncs/v2.9.0/nrfxlib/crypto/nrf_cc310_platform/lib/cortex-m33/soft-float/no-interrupts/libnrf_cc310_platform_0.9.19.a(nrf_cc3xx_platform_abort.c.obj)
 .text.CC_PalAbort
                0x0000000000005de0       0x34 C:/ncs/v2.9.0/nrfxlib/crypto/nrf_cc310_platform/lib/cortex-m33/soft-float/no-interrupts/libnrf_cc310_platform_0.9.19.a(nrf_cc3xx_platform_abort.c.obj)
                0x0000000000005de0                CC_PalAbort
 .text.nrf_cc3xx_platform_set_abort
                0x0000000000005e14       0x10 C:/ncs/v2.9.0/nrfxlib/crypto/nrf_cc310_platform/lib/cortex-m33/soft-float/no-interrupts/libnrf_cc310_platform_0.9.19.a(nrf_cc3xx_platform_abort.c.obj)
                0x0000000000005e14                nrf_cc3xx_platform_set_abort
 .text.mutex_free
                0x0000000000005e24       0x34 C:/ncs/v2.9.0/nrfxlib/crypto/nrf_cc310_platform/lib/cortex-m33/soft-float/no-interrupts/libnrf_cc310_platform_0.9.19.a(nrf_cc3xx_platform_mutex.c.obj)
 .text.mutex_lock
                0x0000000000005e58       0x48 C:/ncs/v2.9.0/nrfxlib/crypto/nrf_cc310_platform/lib/cortex-m33/soft-float/no-interrupts/libnrf_cc310_platform_0.9.19.a(nrf_cc3xx_platform_mutex.c.obj)
 .text.mutex_unlock
                0x0000000000005ea0       0x38 C:/ncs/v2.9.0/nrfxlib/crypto/nrf_cc310_platform/lib/cortex-m33/soft-float/no-interrupts/libnrf_cc310_platform_0.9.19.a(nrf_cc3xx_platform_mutex.c.obj)
 .text.mutex_init
                0x0000000000005ed8       0x20 C:/ncs/v2.9.0/nrfxlib/crypto/nrf_cc310_platform/lib/cortex-m33/soft-float/no-interrupts/libnrf_cc310_platform_0.9.19.a(nrf_cc3xx_platform_mutex.c.obj)
 .text.nrf_cc3xx_platform_set_mutexes
                0x0000000000005ef8       0x78 C:/ncs/v2.9.0/nrfxlib/crypto/nrf_cc310_platform/lib/cortex-m33/soft-float/no-interrupts/libnrf_cc310_platform_0.9.19.a(nrf_cc3xx_platform_mutex.c.obj)
                0x0000000000005ef8                nrf_cc3xx_platform_set_mutexes
 .text.CC_LibInitNoRng
                0x0000000000005f70       0x64 C:/ncs/v2.9.0/nrfxlib/crypto/nrf_cc310_platform/lib/cortex-m33/soft-float/no-interrupts/libnrf_cc310_platform_0.9.19.a(cc_lib.c.obj)
                0x0000000000005f70                CC_LibInitNoRng
 .text.CC_HalInit
                0x0000000000005fd4        0x4 C:/ncs/v2.9.0/nrfxlib/crypto/nrf_cc310_platform/lib/cortex-m33/soft-float/no-interrupts/libnrf_cc310_platform_0.9.19.a(cc_hal.c.obj)
                0x0000000000005fd4                CC_HalInit
 .text.CC_HalTerminate
                0x0000000000005fd8        0x4 C:/ncs/v2.9.0/nrfxlib/crypto/nrf_cc310_platform/lib/cortex-m33/soft-float/no-interrupts/libnrf_cc310_platform_0.9.19.a(cc_hal.c.obj)
                0x0000000000005fd8                CC_HalTerminate
 .text.CC_HalMaskInterrupt
                0x0000000000005fdc        0xc C:/ncs/v2.9.0/nrfxlib/crypto/nrf_cc310_platform/lib/cortex-m33/soft-float/no-interrupts/libnrf_cc310_platform_0.9.19.a(cc_hal.c.obj)
                0x0000000000005fdc                CC_HalMaskInterrupt
 .text.CC_PalInit
                0x0000000000005fe8       0x5c C:/ncs/v2.9.0/nrfxlib/crypto/nrf_cc310_platform/lib/cortex-m33/soft-float/no-interrupts/libnrf_cc310_platform_0.9.19.a(cc_pal.c.obj)
                0x0000000000005fe8                CC_PalInit
 .text.CC_PalTerminate
                0x0000000000006044       0x34 C:/ncs/v2.9.0/nrfxlib/crypto/nrf_cc310_platform/lib/cortex-m33/soft-float/no-interrupts/libnrf_cc310_platform_0.9.19.a(cc_pal.c.obj)
                0x0000000000006044                CC_PalTerminate
 .text.CC_PalDmaInit
                0x0000000000006078        0x4 C:/ncs/v2.9.0/nrfxlib/crypto/nrf_cc310_platform/lib/cortex-m33/soft-float/no-interrupts/libnrf_cc310_platform_0.9.19.a(cc_pal_dma.c.obj)
                0x0000000000006078                CC_PalDmaInit
 .text.CC_PalDmaTerminate
                0x000000000000607c        0x4 C:/ncs/v2.9.0/nrfxlib/crypto/nrf_cc310_platform/lib/cortex-m33/soft-float/no-interrupts/libnrf_cc310_platform_0.9.19.a(cc_pal_dma.c.obj)
                0x000000000000607c                CC_PalDmaTerminate
 .text.CC_PalMutexCreate
                0x0000000000006080       0x14 C:/ncs/v2.9.0/nrfxlib/crypto/nrf_cc310_platform/lib/cortex-m33/soft-float/no-interrupts/libnrf_cc310_platform_0.9.19.a(cc_pal_mutex.c.obj)
                0x0000000000006080                CC_PalMutexCreate
 .text.CC_PalMutexDestroy
                0x0000000000006094       0x14 C:/ncs/v2.9.0/nrfxlib/crypto/nrf_cc310_platform/lib/cortex-m33/soft-float/no-interrupts/libnrf_cc310_platform_0.9.19.a(cc_pal_mutex.c.obj)
                0x0000000000006094                CC_PalMutexDestroy
 .text.CC_PalPowerSaveModeInit
                0x00000000000060a8       0x3c C:/ncs/v2.9.0/nrfxlib/crypto/nrf_cc310_platform/lib/cortex-m33/soft-float/no-interrupts/libnrf_cc310_platform_0.9.19.a(cc_pal_pm.c.obj)
                0x00000000000060a8                CC_PalPowerSaveModeInit
 .text.CC_PalPowerSaveModeSelect
                0x00000000000060e4       0x84 C:/ncs/v2.9.0/nrfxlib/crypto/nrf_cc310_platform/lib/cortex-m33/soft-float/no-interrupts/libnrf_cc310_platform_0.9.19.a(cc_pal_pm.c.obj)
                0x00000000000060e4                CC_PalPowerSaveModeSelect
 .text._OffsetAbsSyms
                0x0000000000006168        0x2 zephyr/CMakeFiles/offsets.dir/./arch/arm/core/offsets/offsets.c.obj
                0x0000000000006168                _OffsetAbsSyms
 .text.flash_area_get_device_id
                0x000000000000616a        0x4 app/libapp.a(flash_map_extended.c.obj)
                0x000000000000616a                flash_area_get_device_id
 .text.flash_area_get_sector
                0x000000000000616e       0x32 app/libapp.a(flash_map_extended.c.obj)
                0x000000000000616e                flash_area_get_sector
 .text.bootutil_tlv_iter_begin
                0x00000000000061a0       0x9c app/libapp.a(tlv.c.obj)
                0x00000000000061a0                bootutil_tlv_iter_begin
 .text.bootutil_tlv_iter_next
                0x000000000000623c       0x98 app/libapp.a(tlv.c.obj)
                0x000000000000623c                bootutil_tlv_iter_next
 .text.bootutil_tlv_iter_is_prot
                0x00000000000062d4       0x1c app/libapp.a(tlv.c.obj)
                0x00000000000062d4                bootutil_tlv_iter_is_prot
 .text.boot_trailer_sz
                0x00000000000062f0        0xa app/libapp.a(bootutil_misc.c.obj)
                0x00000000000062f0                boot_trailer_sz
 .text.boot_status_off
                0x00000000000062fa       0x16 app/libapp.a(bootutil_misc.c.obj)
                0x00000000000062fa                boot_status_off
 .text.boot_read_swap_size
                0x0000000000006310       0x1c app/libapp.a(bootutil_misc.c.obj)
                0x0000000000006310                boot_read_swap_size
 .text.boot_write_swap_size
                0x000000000000632c       0x1e app/libapp.a(bootutil_misc.c.obj)
                0x000000000000632c                boot_write_swap_size
 .text.fih_panic_loop
                0x000000000000634a       0x26 app/libapp.a(fault_injection_hardening.c.obj)
                0x000000000000634a                fih_panic_loop
 .text.boot_read_image_headers
                0x0000000000006370       0x2c app/libapp.a(loader.c.obj)
 .text.boot_read_image_size.constprop.0.isra.0
                0x000000000000639c       0x82 app/libapp.a(loader.c.obj)
 .text.boot_read_sectors
                0x000000000000641e       0x42 app/libapp.a(loader.c.obj)
 .text.boot_status_reset
                0x0000000000006460       0x12 app/libapp.a(loader.c.obj)
                0x0000000000006460                boot_status_reset
 .text.boot_status_is_reset
                0x0000000000006472       0x1a app/libapp.a(loader.c.obj)
                0x0000000000006472                boot_status_is_reset
 .text.boot_write_status
                0x000000000000648c       0x64 app/libapp.a(loader.c.obj)
                0x000000000000648c                boot_write_status
 .text.boot_erase_region
                0x00000000000064f0        0x4 app/libapp.a(loader.c.obj)
                0x00000000000064f0                boot_erase_region
 .text.swap_erase_trailer_sectors
                0x00000000000064f4       0x6c app/libapp.a(swap_misc.c.obj)
                0x00000000000064f4                swap_erase_trailer_sectors
 .text.swap_status_init
                0x0000000000006560       0x3e app/libapp.a(swap_misc.c.obj)
                0x0000000000006560                swap_status_init
 .text.swap_read_status
                0x000000000000659e       0x78 app/libapp.a(swap_misc.c.obj)
                0x000000000000659e                swap_read_status
 .text.app_max_sectors
                0x0000000000006616       0x22 app/libapp.a(swap_move.c.obj)
 .text.find_last_idx
                0x0000000000006638       0x14 app/libapp.a(swap_move.c.obj)
                0x0000000000006638                find_last_idx
 .text.boot_status_internal_off
                0x000000000000664c       0x26 app/libapp.a(swap_move.c.obj)
                0x000000000000664c                boot_status_internal_off
 .text.arch_printk_char_out
                0x0000000000006672        0x4 zephyr/libzephyr.a(printk.c.obj)
                0x0000000000006672                arch_printk_char_out
 .text.printk   0x0000000000006676       0x1a zephyr/libzephyr.a(printk.c.obj)
                0x0000000000006676                printk
 .text.z_thread_entry
                0x0000000000006690       0x14 zephyr/libzephyr.a(thread_entry.c.obj)
                0x0000000000006690                z_thread_entry
 .text.process_recheck
                0x00000000000066a4       0x38 zephyr/libzephyr.a(onoff.c.obj)
 .text.validate_args
                0x00000000000066dc       0x20 zephyr/libzephyr.a(onoff.c.obj)
 .text.notify_one
                0x00000000000066fc       0x2c zephyr/libzephyr.a(onoff.c.obj)
 .text.transition_complete
                0x0000000000006728       0x1a zephyr/libzephyr.a(onoff.c.obj)
 .text.onoff_manager_init
                0x0000000000006742       0x26 zephyr/libzephyr.a(onoff.c.obj)
                0x0000000000006742                onoff_manager_init
 .text.onoff_request
                0x0000000000006768       0xae zephyr/libzephyr.a(onoff.c.obj)
                0x0000000000006768                onoff_request
 .text.sys_notify_validate
                0x0000000000006816       0x22 zephyr/libzephyr.a(notify.c.obj)
                0x0000000000006816                sys_notify_validate
 .text.sys_notify_finalize
                0x0000000000006838       0x1a zephyr/libzephyr.a(notify.c.obj)
                0x0000000000006838                sys_notify_finalize
 .text._ConfigAbsSyms
                0x0000000000006852        0x2 zephyr/libzephyr.a(configs.c.obj)
                0x0000000000006852                _ConfigAbsSyms
 .text.z_log_minimal_printk
                0x0000000000006854       0x1a zephyr/libzephyr.a(log_minimal.c.obj)
                0x0000000000006854                z_log_minimal_printk
 .text.flash_area_close
                0x000000000000686e        0x2 zephyr/libzephyr.a(flash_map.c.obj)
                0x000000000000686e                flash_area_close
 .text.flash_area_read
                0x0000000000006870       0x2a zephyr/libzephyr.a(flash_map.c.obj)
                0x0000000000006870                flash_area_read
 .text.flash_area_write
                0x000000000000689a       0x2a zephyr/libzephyr.a(flash_map.c.obj)
                0x000000000000689a                flash_area_write
 .text.flash_area_erase
                0x00000000000068c4       0x30 zephyr/libzephyr.a(flash_map.c.obj)
                0x00000000000068c4                flash_area_erase
 .text.flash_area_align
                0x00000000000068f4        0xe zephyr/libzephyr.a(flash_map.c.obj)
                0x00000000000068f4                flash_area_align
 .text.flash_area_erased_val
                0x0000000000006902        0xe zephyr/libzephyr.a(flash_map.c.obj)
                0x0000000000006902                flash_area_erased_val
 .text.get_sectors_cb
                0x0000000000006910       0x44 zephyr/libzephyr.a(flash_map_layout.c.obj)
 .text.abort_function
                0x0000000000006954        0x2 zephyr/libzephyr.a(nrf_cc3xx_platform_abort_zephyr.c.obj)
 .text.z_arm_fatal_error
                0x0000000000006956        0xc zephyr/arch/arch/arm/core/libarch__arm__core.a(fatal.c.obj)
                0x0000000000006956                z_arm_fatal_error
 .text.z_do_kernel_oops
                0x0000000000006962        0x8 zephyr/arch/arch/arm/core/libarch__arm__core.a(fatal.c.obj)
                0x0000000000006962                z_do_kernel_oops
 .text.z_arm_nmi
                0x000000000000696a        0xe zephyr/arch/arch/arm/core/libarch__arm__core.a(nmi.c.obj)
                0x000000000000696a                z_arm_nmi
 .text.z_irq_spurious
                0x0000000000006978        0x8 zephyr/arch/arch/arm/core/cortex_m/libarch__arm__core__cortex_m.a(irq_manage.c.obj)
                0x0000000000006978                z_irq_spurious
 .text.configure_builtin_stack_guard
                0x0000000000006980        0x8 zephyr/arch/arch/arm/core/cortex_m/libarch__arm__core__cortex_m.a(thread.c.obj)
                0x0000000000006980                configure_builtin_stack_guard
 .text.arch_irq_unlock_outlined
                0x0000000000006988        0xe zephyr/arch/arch/arm/core/cortex_m/libarch__arm__core__cortex_m.a(thread.c.obj)
                0x0000000000006988                arch_irq_unlock_outlined
 .text.arch_cpu_idle
                0x0000000000006996       0x1a zephyr/arch/arch/arm/core/cortex_m/libarch__arm__core__cortex_m.a(cpu_idle.c.obj)
                0x0000000000006996                arch_cpu_idle
 .text.arch_cpu_atomic_idle
                0x00000000000069b0       0x1e zephyr/arch/arch/arm/core/cortex_m/libarch__arm__core__cortex_m.a(cpu_idle.c.obj)
                0x00000000000069b0                arch_cpu_atomic_idle
 .text.strlen   0x00000000000069ce        0xe zephyr/lib/libc/minimal/liblib__libc__minimal.a(string.c.obj)
                0x00000000000069ce                strlen
 .text.memcmp   0x00000000000069dc       0x20 zephyr/lib/libc/minimal/liblib__libc__minimal.a(string.c.obj)
                0x00000000000069dc                memcmp
 .text.memcpy   0x00000000000069fc       0x16 zephyr/lib/libc/minimal/liblib__libc__minimal.a(string.c.obj)
                0x00000000000069fc                memcpy
 .text.memset   0x0000000000006a12       0x12 zephyr/lib/libc/minimal/liblib__libc__minimal.a(string.c.obj)
                0x0000000000006a12                memset
 .text._stdout_hook_default
                0x0000000000006a24        0x6 zephyr/lib/libc/minimal/liblib__libc__minimal.a(stdout_console.c.obj)
 .text.get_status
                0x0000000000006a2a       0x12 zephyr/drivers/clock_control/libdrivers__clock_control.a(clock_control_nrf.c.obj)
 .text.stop     0x0000000000006a3c       0x50 zephyr/drivers/clock_control/libdrivers__clock_control.a(clock_control_nrf.c.obj)
 .text.api_stop
                0x0000000000006a8c        0x6 zephyr/drivers/clock_control/libdrivers__clock_control.a(clock_control_nrf.c.obj)
 .text.async_start
                0x0000000000006a92       0x5a zephyr/drivers/clock_control/libdrivers__clock_control.a(clock_control_nrf.c.obj)
 .text.api_start
                0x0000000000006aec        0xe zephyr/drivers/clock_control/libdrivers__clock_control.a(clock_control_nrf.c.obj)
 .text.onoff_started_callback
                0x0000000000006afa       0x12 zephyr/drivers/clock_control/libdrivers__clock_control.a(clock_control_nrf.c.obj)
 .text.lfclk_start
                0x0000000000006b0c        0x6 zephyr/drivers/clock_control/libdrivers__clock_control.a(clock_control_nrf.c.obj)
 .text.lfclk_stop
                0x0000000000006b12        0x6 zephyr/drivers/clock_control/libdrivers__clock_control.a(clock_control_nrf.c.obj)
 .text.blocking_start_callback
                0x0000000000006b18        0x6 zephyr/drivers/clock_control/libdrivers__clock_control.a(clock_control_nrf.c.obj)
 .text.is_regular_addr_valid
                0x0000000000006b1e       0x22 zephyr/drivers/flash/libdrivers__flash.a(soc_flash_nrf.c.obj)
 .text.flash_nrf_read
                0x0000000000006b40       0x28 zephyr/drivers/flash/libdrivers__flash.a(soc_flash_nrf.c.obj)
 .text.flash_get_page_info
                0x0000000000006b68       0x62 zephyr/drivers/flash/libdrivers__flash.a(flash_page_layout.c.obj)
 .text.z_impl_flash_get_page_info_by_offs
                0x0000000000006bca        0x8 zephyr/drivers/flash/libdrivers__flash.a(flash_page_layout.c.obj)
                0x0000000000006bca                z_impl_flash_get_page_info_by_offs
 .text.flash_page_foreach
                0x0000000000006bd2       0x58 zephyr/drivers/flash/libdrivers__flash.a(flash_page_layout.c.obj)
                0x0000000000006bd2                flash_page_foreach
 .text.gpio_nrfx_port_get_raw
                0x0000000000006c2a        0xc zephyr/drivers/gpio/libdrivers__gpio.a(gpio_nrfx.c.obj)
 .text.gpio_nrfx_port_set_masked_raw
                0x0000000000006c36       0x14 zephyr/drivers/gpio/libdrivers__gpio.a(gpio_nrfx.c.obj)
 .text.gpio_nrfx_port_set_bits_raw
                0x0000000000006c4a        0xa zephyr/drivers/gpio/libdrivers__gpio.a(gpio_nrfx.c.obj)
 .text.gpio_nrfx_port_clear_bits_raw
                0x0000000000006c54        0xa zephyr/drivers/gpio/libdrivers__gpio.a(gpio_nrfx.c.obj)
 .text.gpio_nrfx_port_toggle_bits
                0x0000000000006c5e       0x14 zephyr/drivers/gpio/libdrivers__gpio.a(gpio_nrfx.c.obj)
 .text.gpio_nrfx_manage_callback
                0x0000000000006c72       0x52 zephyr/drivers/gpio/libdrivers__gpio.a(gpio_nrfx.c.obj)
 .text.pinctrl_lookup_state
                0x0000000000006cc4       0x26 zephyr/drivers/pinctrl/libdrivers__pinctrl.a(common.c.obj)
                0x0000000000006cc4                pinctrl_lookup_state
 .text.uarte_nrfx_err_check
                0x0000000000006cea        0xe zephyr/drivers/serial/libdrivers__serial.a(uart_nrfx_uarte.c.obj)
 .text.uarte_nrfx_poll_in
                0x0000000000006cf8       0x26 zephyr/drivers/serial/libdrivers__serial.a(uart_nrfx_uarte.c.obj)
 .text.is_tx_ready.isra.0
                0x0000000000006d1e       0x20 zephyr/drivers/serial/libdrivers__serial.a(uart_nrfx_uarte.c.obj)
 .text.uarte_nrfx_isr_int
                0x0000000000006d3e       0x42 zephyr/drivers/serial/libdrivers__serial.a(uart_nrfx_uarte.c.obj)
 .text.event_clear
                0x0000000000006d80       0x18 zephyr/drivers/timer/libdrivers__timer.a(nrf_rtc_timer.c.obj)
 .text.hw_cc3xx_init_internal
                0x0000000000006d98        0x4 modules/nrf/drivers/hw_cc3xx/lib..__nrf__drivers__hw_cc3xx.a(hw_cc3xx.c.obj)
 .text.hw_cc3xx_init
                0x0000000000006d9c       0x12 modules/nrf/drivers/hw_cc3xx/lib..__nrf__drivers__hw_cc3xx.a(hw_cc3xx.c.obj)
 .text.boot_swap_info_off
                0x0000000000006dae        0xc modules/mcuboot/boot/bootutil/zephyr/libmcuboot_util.a(bootutil_public.c.obj)
                0x0000000000006dae                boot_swap_info_off
 .text.boot_magic_compatible_check
                0x0000000000006dba       0x1c modules/mcuboot/boot/bootutil/zephyr/libmcuboot_util.a(bootutil_public.c.obj)
                0x0000000000006dba                boot_magic_compatible_check
 .text.bootutil_buffer_is_erased
                0x0000000000006dd6       0x26 modules/mcuboot/boot/bootutil/zephyr/libmcuboot_util.a(bootutil_public.c.obj)
                0x0000000000006dd6                bootutil_buffer_is_erased
 .text.boot_read_flag
                0x0000000000006dfc       0x38 modules/mcuboot/boot/bootutil/zephyr/libmcuboot_util.a(bootutil_public.c.obj)
 .text.boot_write_trailer
                0x0000000000006e34       0x58 modules/mcuboot/boot/bootutil/zephyr/libmcuboot_util.a(bootutil_public.c.obj)
                0x0000000000006e34                boot_write_trailer
 .text.boot_write_trailer_flag
                0x0000000000006e8c       0x14 modules/mcuboot/boot/bootutil/zephyr/libmcuboot_util.a(bootutil_public.c.obj)
                0x0000000000006e8c                boot_write_trailer_flag
 .text.boot_write_image_ok
                0x0000000000006ea0        0xe modules/mcuboot/boot/bootutil/zephyr/libmcuboot_util.a(bootutil_public.c.obj)
                0x0000000000006ea0                boot_write_image_ok
 .text.boot_read_image_ok
                0x0000000000006eae        0xc modules/mcuboot/boot/bootutil/zephyr/libmcuboot_util.a(bootutil_public.c.obj)
                0x0000000000006eae                boot_read_image_ok
 .text.boot_read_swap_state_by_id
                0x0000000000006eba       0x28 modules/mcuboot/boot/bootutil/zephyr/libmcuboot_util.a(bootutil_public.c.obj)
                0x0000000000006eba                boot_read_swap_state_by_id
 .text.boot_write_swap_info
                0x0000000000006ee2       0x22 modules/mcuboot/boot/bootutil/zephyr/libmcuboot_util.a(bootutil_public.c.obj)
                0x0000000000006ee2                boot_write_swap_info
 .text.boot_write_copy_done
                0x0000000000006f04       0x10 modules/mcuboot/boot/bootutil/zephyr/libmcuboot_util.a(bootutil_public.c.obj)
                0x0000000000006f04                boot_write_copy_done
 .text.mbedtls_asn1_get_len
                0x0000000000006f14       0x68 modules/mbedtls/libmbedTLSBase.a(asn1parse.c.obj)
                0x0000000000006f14                mbedtls_asn1_get_len
 .text.mbedtls_asn1_get_tag
                0x0000000000006f7c       0x28 modules/mbedtls/libmbedTLSBase.a(asn1parse.c.obj)
                0x0000000000006f7c                mbedtls_asn1_get_tag
 .text.mbedtls_asn1_get_mpi
                0x0000000000006fa4       0x26 modules/mbedtls/libmbedTLSBase.a(asn1parse.c.obj)
                0x0000000000006fa4                mbedtls_asn1_get_mpi
 .text.mbedtls_mpi_core_bitlen
                0x0000000000006fca       0x1e modules/mbedtls/libmbedTLSBase.a(bignum_core.c.obj)
                0x0000000000006fca                mbedtls_mpi_core_bitlen
 .text.mbedtls_mpi_core_bigendian_to_host
                0x0000000000006fe8       0x26 modules/mbedtls/libmbedTLSBase.a(bignum_core.c.obj)
                0x0000000000006fe8                mbedtls_mpi_core_bigendian_to_host
 .text.mbedtls_mpi_core_read_be
                0x000000000000700e       0x4a modules/mbedtls/libmbedTLSBase.a(bignum_core.c.obj)
                0x000000000000700e                mbedtls_mpi_core_read_be
 .text.mbedtls_mpi_core_write_be
                0x0000000000007058       0x64 modules/mbedtls/libmbedTLSBase.a(bignum_core.c.obj)
                0x0000000000007058                mbedtls_mpi_core_write_be
 .text.mbedtls_mpi_core_shift_r
                0x00000000000070bc       0x74 modules/mbedtls/libmbedTLSBase.a(bignum_core.c.obj)
                0x00000000000070bc                mbedtls_mpi_core_shift_r
 .text.mbedtls_mpi_core_shift_l
                0x0000000000007130       0x6c modules/mbedtls/libmbedTLSBase.a(bignum_core.c.obj)
                0x0000000000007130                mbedtls_mpi_core_shift_l
 .text.mbedtls_mpi_core_add
                0x000000000000719c       0x2c modules/mbedtls/libmbedTLSBase.a(bignum_core.c.obj)
                0x000000000000719c                mbedtls_mpi_core_add
 .text.mbedtls_mpi_core_sub
                0x00000000000071c8       0x3a modules/mbedtls/libmbedTLSBase.a(bignum_core.c.obj)
                0x00000000000071c8                mbedtls_mpi_core_sub
 .text.mbedtls_mpi_core_mla
                0x0000000000007202      0x178 modules/mbedtls/libmbedTLSBase.a(bignum_core.c.obj)
                0x0000000000007202                mbedtls_mpi_core_mla
 .text.mbedtls_mpi_core_montmul_init
                0x000000000000737a       0x22 modules/mbedtls/libmbedTLSBase.a(bignum_core.c.obj)
                0x000000000000737a                mbedtls_mpi_core_montmul_init
 .text.mbedtls_mpi_core_montmul
                0x000000000000739c       0x96 modules/mbedtls/libmbedTLSBase.a(bignum_core.c.obj)
                0x000000000000739c                mbedtls_mpi_core_montmul
 .text.mbedtls_mpi_core_get_mont_r2_unsafe
                0x0000000000007432       0x34 modules/mbedtls/libmbedTLSBase.a(bignum_core.c.obj)
                0x0000000000007432                mbedtls_mpi_core_get_mont_r2_unsafe
 .text.mbedtls_mpi_core_exp_mod_working_limbs
                0x0000000000007466       0x16 modules/mbedtls/libmbedTLSBase.a(bignum_core.c.obj)
                0x0000000000007466                mbedtls_mpi_core_exp_mod_working_limbs
 .text.mbedtls_mpi_core_exp_mod
                0x000000000000747c       0x20 modules/mbedtls/libmbedTLSBase.a(bignum_core.c.obj)
                0x000000000000747c                mbedtls_mpi_core_exp_mod
 .text.mbedtls_mpi_core_exp_mod_unsafe
                0x000000000000749c       0x22 modules/mbedtls/libmbedTLSBase.a(bignum_core.c.obj)
                0x000000000000749c                mbedtls_mpi_core_exp_mod_unsafe
 .text.mbedtls_mpi_core_sub_int
                0x00000000000074be       0x22 modules/mbedtls/libmbedTLSBase.a(bignum_core.c.obj)
                0x00000000000074be                mbedtls_mpi_core_sub_int
 .text.mbedtls_mpi_core_check_zero_ct
                0x00000000000074e0       0x18 modules/mbedtls/libmbedTLSBase.a(bignum_core.c.obj)
                0x00000000000074e0                mbedtls_mpi_core_check_zero_ct
 .text.mbedtls_mpi_core_to_mont_rep
                0x00000000000074f8       0x18 modules/mbedtls/libmbedTLSBase.a(bignum_core.c.obj)
                0x00000000000074f8                mbedtls_mpi_core_to_mont_rep
 .text.mbedtls_mpi_core_from_mont_rep
                0x0000000000007510       0x20 modules/mbedtls/libmbedTLSBase.a(bignum_core.c.obj)
                0x0000000000007510                mbedtls_mpi_core_from_mont_rep
 .text.mbedtls_mpi_init
                0x0000000000007530        0xa modules/mbedtls/libmbedTLSBase.a(bignum.c.obj)
                0x0000000000007530                mbedtls_mpi_init
 .text.mbedtls_mpi_free
                0x000000000000753a       0x1c modules/mbedtls/libmbedTLSBase.a(bignum.c.obj)
                0x000000000000753a                mbedtls_mpi_free
 .text.mbedtls_mpi_grow
                0x0000000000007556       0x48 modules/mbedtls/libmbedTLSBase.a(bignum.c.obj)
                0x0000000000007556                mbedtls_mpi_grow
 .text.mbedtls_mpi_resize_clear
                0x000000000000759e       0x36 modules/mbedtls/libmbedTLSBase.a(bignum.c.obj)
 .text.mbedtls_mpi_shrink
                0x00000000000075d4       0x62 modules/mbedtls/libmbedTLSBase.a(bignum.c.obj)
                0x00000000000075d4                mbedtls_mpi_shrink
 .text.mbedtls_mpi_copy
                0x0000000000007636       0x6a modules/mbedtls/libmbedTLSBase.a(bignum.c.obj)
                0x0000000000007636                mbedtls_mpi_copy
 .text.mbedtls_mpi_lset
                0x00000000000076a0       0x38 modules/mbedtls/libmbedTLSBase.a(bignum.c.obj)
                0x00000000000076a0                mbedtls_mpi_lset
 .text.mbedtls_mpi_get_bit
                0x00000000000076d8       0x20 modules/mbedtls/libmbedTLSBase.a(bignum.c.obj)
                0x00000000000076d8                mbedtls_mpi_get_bit
 .text.mbedtls_mpi_bitlen
                0x00000000000076f8        0x8 modules/mbedtls/libmbedTLSBase.a(bignum.c.obj)
                0x00000000000076f8                mbedtls_mpi_bitlen
 .text.mbedtls_mpi_size
                0x0000000000007700        0xc modules/mbedtls/libmbedTLSBase.a(bignum.c.obj)
                0x0000000000007700                mbedtls_mpi_size
 .text.mbedtls_mpi_read_binary
                0x000000000000770c       0x2c modules/mbedtls/libmbedTLSBase.a(bignum.c.obj)
                0x000000000000770c                mbedtls_mpi_read_binary
 .text.mbedtls_mpi_write_binary
                0x0000000000007738        0xc modules/mbedtls/libmbedTLSBase.a(bignum.c.obj)
                0x0000000000007738                mbedtls_mpi_write_binary
 .text.mbedtls_mpi_shift_l
                0x0000000000007744       0x3a modules/mbedtls/libmbedTLSBase.a(bignum.c.obj)
                0x0000000000007744                mbedtls_mpi_shift_l
 .text.mbedtls_mpi_shift_r
                0x000000000000777e       0x12 modules/mbedtls/libmbedTLSBase.a(bignum.c.obj)
                0x000000000000777e                mbedtls_mpi_shift_r
 .text.mbedtls_mpi_cmp_abs
                0x0000000000007790       0x5e modules/mbedtls/libmbedTLSBase.a(bignum.c.obj)
                0x0000000000007790                mbedtls_mpi_cmp_abs
 .text.mbedtls_mpi_cmp_mpi
                0x00000000000077ee       0x90 modules/mbedtls/libmbedTLSBase.a(bignum.c.obj)
                0x00000000000077ee                mbedtls_mpi_cmp_mpi
 .text.mbedtls_mpi_cmp_int
                0x000000000000787e       0x30 modules/mbedtls/libmbedTLSBase.a(bignum.c.obj)
                0x000000000000787e                mbedtls_mpi_cmp_int
 .text.mbedtls_mpi_add_abs
                0x00000000000078ae       0x90 modules/mbedtls/libmbedTLSBase.a(bignum.c.obj)
                0x00000000000078ae                mbedtls_mpi_add_abs
 .text.mbedtls_mpi_sub_abs
                0x000000000000793e       0xa2 modules/mbedtls/libmbedTLSBase.a(bignum.c.obj)
                0x000000000000793e                mbedtls_mpi_sub_abs
 .text.add_sub_mpi
                0x00000000000079e0       0x62 modules/mbedtls/libmbedTLSBase.a(bignum.c.obj)
 .text.mbedtls_mpi_add_mpi
                0x0000000000007a42        0x6 modules/mbedtls/libmbedTLSBase.a(bignum.c.obj)
                0x0000000000007a42                mbedtls_mpi_add_mpi
 .text.mbedtls_mpi_sub_mpi
                0x0000000000007a48        0x8 modules/mbedtls/libmbedTLSBase.a(bignum.c.obj)
                0x0000000000007a48                mbedtls_mpi_sub_mpi
 .text.mbedtls_mpi_mul_int
                0x0000000000007a50       0x62 modules/mbedtls/libmbedTLSBase.a(bignum.c.obj)
                0x0000000000007a50                mbedtls_mpi_mul_int
 .text.mbedtls_mpi_mod_mpi
                0x0000000000007ab2       0x64 modules/mbedtls/libmbedTLSBase.a(bignum.c.obj)
                0x0000000000007ab2                mbedtls_mpi_mod_mpi
 .text.mbedtls_mpi_exp_mod_optionally_safe
                0x0000000000007b16      0x1da modules/mbedtls/libmbedTLSBase.a(bignum.c.obj)
 .text.mbedtls_mpi_exp_mod_unsafe
                0x0000000000007cf0       0x14 modules/mbedtls/libmbedTLSBase.a(bignum.c.obj)
                0x0000000000007cf0                mbedtls_mpi_exp_mod_unsafe
 .text.mbedtls_zeroize_and_free
                0x0000000000007d04       0x14 modules/mbedtls/libmbedTLSBase.a(platform_util.c.obj)
                0x0000000000007d04                mbedtls_zeroize_and_free
 .text.platform_calloc_uninit
                0x0000000000007d18        0x4 modules/mbedtls/libmbedTLSBase.a(platform.c.obj)
 .text.platform_exit_uninit
                0x0000000000007d1c        0x2 modules/mbedtls/libmbedTLSBase.a(platform.c.obj)
 .text.platform_free_uninit
                0x0000000000007d1e        0x2 modules/mbedtls/libmbedTLSBase.a(platform.c.obj)
 .text.mbedtls_rsa_import
                0x0000000000007d20       0x86 modules/mbedtls/libmbedTLSBase.a(rsa.c.obj)
                0x0000000000007d20                mbedtls_rsa_import
 .text.mbedtls_rsa_init
                0x0000000000007da6       0x14 modules/mbedtls/libmbedTLSBase.a(rsa.c.obj)
                0x0000000000007da6                mbedtls_rsa_init
 .text.mbedtls_rsa_get_len
                0x0000000000007dba        0x4 modules/mbedtls/libmbedTLSBase.a(rsa.c.obj)
                0x0000000000007dba                mbedtls_rsa_get_len
 .text.mbedtls_rsa_free
                0x0000000000007dbe       0x72 modules/mbedtls/libmbedTLSBase.a(rsa.c.obj)
                0x0000000000007dbe                mbedtls_rsa_free
 .text.mbedtls_bswap32
                0x0000000000007e30        0x4 modules/mbedtls/libmbedTLSBase.a(sha256.c.obj)
 .text.mbedtls_sha256_init
                0x0000000000007e34        0x8 modules/mbedtls/libmbedTLSBase.a(sha256.c.obj)
                0x0000000000007e34                mbedtls_sha256_init
 .text.mbedtls_sha256_free
                0x0000000000007e3c        0xa modules/mbedtls/libmbedTLSBase.a(sha256.c.obj)
                0x0000000000007e3c                mbedtls_sha256_free
 .text.mbedtls_sha256_update
                0x0000000000007e46       0x7e modules/mbedtls/libmbedTLSBase.a(sha256.c.obj)
                0x0000000000007e46                mbedtls_sha256_update
 .text.mbedtls_sha256_finish
                0x0000000000007ec4      0x142 modules/mbedtls/libmbedTLSBase.a(sha256.c.obj)
                0x0000000000007ec4                mbedtls_sha256_finish
 .text._mbedtls_init
                0x0000000000008006        0x4 modules/mbedtls/libmbedTLSBase.a(zephyr_init.c.obj)
 .text.nrf91_errata_6
                0x000000000000800a       0x1e modules/hal_nordic/nrfx/libmodules__hal_nordic__nrfx.a(system_nrf91.c.obj)
 .text.nrf91_errata_14
                0x0000000000008028       0x24 modules/hal_nordic/nrfx/libmodules__hal_nordic__nrfx.a(system_nrf91.c.obj)
 .text.nrfx_isr
                0x000000000000804c        0x2 modules/hal_nordic/nrfx/libmodules__hal_nordic__nrfx.a(nrfx_glue.c.obj)
                0x000000000000804c                nrfx_isr
 .text.nrfx_busy_wait
                0x000000000000804e        0x4 modules/hal_nordic/nrfx/libmodules__hal_nordic__nrfx.a(nrfx_glue.c.obj)
                0x000000000000804e                nrfx_busy_wait
 .text.nrfx_gppi_channel_endpoints_setup
                0x0000000000008052        0xe modules/hal_nordic/nrfx/libmodules__hal_nordic__nrfx.a(nrfx_gppi_dppi.c.obj)
                0x0000000000008052                nrfx_gppi_channel_endpoints_setup
 .text.clock_stop
                0x0000000000008060       0xb2 modules/hal_nordic/nrfx/libmodules__hal_nordic__nrfx.a(nrfx_clock.c.obj)
 .text.nrfx_clock_stop
                0x0000000000008112        0x4 modules/hal_nordic/nrfx/libmodules__hal_nordic__nrfx.a(nrfx_clock.c.obj)
                0x0000000000008112                nrfx_clock_stop
 .text.nrf_gpio_reconfigure
                0x0000000000008116       0x92 modules/hal_nordic/nrfx/libmodules__hal_nordic__nrfx.a(nrfx_gpiote.c.obj)
 .text.nrf_gpio_cfg_sense_set
                0x00000000000081a8       0x1e modules/hal_nordic/nrfx/libmodules__hal_nordic__nrfx.a(nrfx_gpiote.c.obj)
 .text.nrfx_gpiote_pin_uninit
                0x00000000000081c6        0x4 modules/hal_nordic/nrfx/libmodules__hal_nordic__nrfx.a(nrfx_gpiote.c.obj)
                0x00000000000081c6                nrfx_gpiote_pin_uninit
 .text.nrfx_gpiote_trigger_disable
                0x00000000000081ca        0x4 modules/hal_nordic/nrfx/libmodules__hal_nordic__nrfx.a(nrfx_gpiote.c.obj)
                0x00000000000081ca                nrfx_gpiote_trigger_disable
 .text.nrfx_nvmc_flash_size_get
                0x00000000000081ce        0x6 modules/hal_nordic/nrfx/libmodules__hal_nordic__nrfx.a(nrfx_nvmc.c.obj)
                0x00000000000081ce                nrfx_nvmc_flash_size_get
 .text.nrfx_nvmc_flash_page_size_get
                0x00000000000081d4        0x6 modules/hal_nordic/nrfx/libmodules__hal_nordic__nrfx.a(nrfx_nvmc.c.obj)
                0x00000000000081d4                nrfx_nvmc_flash_page_size_get
 .text.nrfx_nvmc_flash_page_count_get
                0x00000000000081da        0x6 modules/hal_nordic/nrfx/libmodules__hal_nordic__nrfx.a(nrfx_nvmc.c.obj)
                0x00000000000081da                nrfx_nvmc_flash_page_count_get
 .text.z_impl_k_busy_wait
                0x00000000000081e0        0x8 zephyr/kernel/libkernel.a(busy_wait.c.obj)
                0x00000000000081e0                z_impl_k_busy_wait
 .text.z_device_state_init
                0x00000000000081e8        0x2 zephyr/kernel/libkernel.a(device.c.obj)
                0x00000000000081e8                z_device_state_init
 .text.z_impl_device_is_ready
                0x00000000000081ea       0x16 zephyr/kernel/libkernel.a(device.c.obj)
                0x00000000000081ea                z_impl_device_is_ready
 .text.arch_system_halt
                0x0000000000008200       0x10 zephyr/kernel/libkernel.a(fatal.c.obj)
                0x0000000000008200                arch_system_halt
 .text.k_sys_fatal_error_handler
                0x0000000000008210        0x6 zephyr/kernel/libkernel.a(fatal.c.obj)
                0x0000000000008210                k_sys_fatal_error_handler
 .text.do_device_init
                0x0000000000008216       0x30 zephyr/kernel/libkernel.a(init.c.obj)
 .text.z_early_memset
                0x0000000000008246        0x4 zephyr/kernel/libkernel.a(init.c.obj)
                0x0000000000008246                z_early_memset
 .text.z_early_memcpy
                0x000000000000824a        0x4 zephyr/kernel/libkernel.a(init.c.obj)
                0x000000000000824a                z_early_memcpy
 .text.z_init_static
                0x000000000000824e        0x2 zephyr/kernel/libkernel.a(init_static.c.obj)
                0x000000000000824e                z_init_static
 .text.create_free_list
                0x0000000000008250       0x34 zephyr/kernel/libkernel.a(mem_slab.c.obj)
 .text.k_mem_slab_init
                0x0000000000008284       0x1c zephyr/kernel/libkernel.a(mem_slab.c.obj)
                0x0000000000008284                k_mem_slab_init
 .text.k_mem_slab_free
                0x00000000000082a0       0x4a zephyr/kernel/libkernel.a(mem_slab.c.obj)
                0x00000000000082a0                k_mem_slab_free
 .text.idle     0x00000000000082ea       0x16 zephyr/kernel/libkernel.a(idle.c.obj)
                0x00000000000082ea                idle
 .text.adjust_owner_prio.isra.0
                0x0000000000008300       0x10 zephyr/kernel/libkernel.a(mutex.c.obj)
 .text.z_impl_k_mutex_init
                0x0000000000008310        0xe zephyr/kernel/libkernel.a(mutex.c.obj)
                0x0000000000008310                z_impl_k_mutex_init
 .text.z_impl_k_sem_init
                0x000000000000831e       0x18 zephyr/kernel/libkernel.a(sem.c.obj)
                0x000000000000831e                z_impl_k_sem_init
 .text.k_is_in_isr
                0x0000000000008336        0xc zephyr/kernel/libkernel.a(thread.c.obj)
                0x0000000000008336                k_is_in_isr
 .text.z_impl_k_thread_start
                0x0000000000008342        0x4 zephyr/kernel/libkernel.a(thread.c.obj)
                0x0000000000008342                z_impl_k_thread_start
 .text.sys_dlist_remove
                0x0000000000008346       0x10 zephyr/kernel/libkernel.a(sched.c.obj)
 .text.unpend_thread_no_timeout
                0x0000000000008356       0x14 zephyr/kernel/libkernel.a(sched.c.obj)
 .text.add_to_waitq_locked
                0x000000000000836a       0x50 zephyr/kernel/libkernel.a(sched.c.obj)
 .text.z_ready_thread
                0x00000000000083ba       0x1e zephyr/kernel/libkernel.a(sched.c.obj)
                0x00000000000083ba                z_ready_thread
 .text.z_impl_k_thread_suspend
                0x00000000000083d8       0x34 zephyr/kernel/libkernel.a(sched.c.obj)
                0x00000000000083d8                z_impl_k_thread_suspend
 .text.z_sched_wake_thread
                0x000000000000840c       0x42 zephyr/kernel/libkernel.a(sched.c.obj)
                0x000000000000840c                z_sched_wake_thread
 .text.z_thread_timeout
                0x000000000000844e        0x8 zephyr/kernel/libkernel.a(sched.c.obj)
                0x000000000000844e                z_thread_timeout
 .text.z_unpend_first_thread
                0x0000000000008456       0x36 zephyr/kernel/libkernel.a(sched.c.obj)
                0x0000000000008456                z_unpend_first_thread
 .text.z_thread_abort
                0x000000000000848c       0x44 zephyr/kernel/libkernel.a(sched.c.obj)
                0x000000000000848c                z_thread_abort
 .text.z_abort_timeout
                0x00000000000084d0       0x2a zephyr/kernel/libkernel.a(timeout.c.obj)
                0x00000000000084d0                z_abort_timeout
 .text.sys_clock_tick_get_32
                0x00000000000084fa        0x8 zephyr/kernel/libkernel.a(timeout.c.obj)
                0x00000000000084fa                sys_clock_tick_get_32
 *(SORT_BY_ALIGNMENT(.TEXT.*))
 *(SORT_BY_ALIGNMENT(.gnu.linkonce.t.*))
 *(SORT_BY_ALIGNMENT(.glue_7t))
 .glue_7t       0x0000000000008502        0x0 linker stubs
 *(SORT_BY_ALIGNMENT(.glue_7))
 .glue_7        0x0000000000008502        0x0 linker stubs
 *(SORT_BY_ALIGNMENT(.vfp11_veneer))
 .vfp11_veneer  0x0000000000008502        0x0 linker stubs
 *(SORT_BY_ALIGNMENT(.v4_bx))
 .v4_bx         0x0000000000008502        0x0 linker stubs
                0x0000000000008504                . = ALIGN (0x4)
 *fill*         0x0000000000008502        0x2 
                0x0000000000008504                __text_region_end = .

.ARM.exidx      0x0000000000008504        0x8
                0x0000000000008504                __exidx_start = .
 *(SORT_BY_ALIGNMENT(.ARM.exidx*) SORT_BY_ALIGNMENT(gnu.linkonce.armexidx.*))
 .ARM.exidx     0x0000000000008504        0x8 c:/ncs/toolchains/b620d30767/opt/zephyr-sdk/arm-zephyr-eabi/bin/../lib/gcc/arm-zephyr-eabi/12.2.0/thumb/v8-m.main/nofp\libgcc.a(_udivmoddi4.o)
                0x000000000000850c                __exidx_end = .
                0x000000000000850c                __rodata_region_start = .

initlevel       0x000000000000850c       0x58
                0x000000000000850c                __init_start = .
                0x000000000000850c                __init_EARLY_start = .
 *(SORT_BY_NAME(SORT_BY_ALIGNMENT(.z_init_EARLY?_*)))
 *(SORT_BY_NAME(SORT_BY_ALIGNMENT(.z_init_EARLY??_*)))
                0x000000000000850c                __init_PRE_KERNEL_1_start = .
 *(SORT_BY_NAME(SORT_BY_ALIGNMENT(.z_init_PRE_KERNEL_1?_*)))
 .z_init_PRE_KERNEL_10_0_
                0x000000000000850c        0x8 zephyr/soc/soc/nrf9160/libsoc__nordic.a(soc.c.obj)
 *(SORT_BY_NAME(SORT_BY_ALIGNMENT(.z_init_PRE_KERNEL_1??_*)))
 .z_init_PRE_KERNEL_130_00071_
                0x0000000000008514        0x8 zephyr/drivers/clock_control/libdrivers__clock_control.a(clock_control_nrf.c.obj)
 .z_init_PRE_KERNEL_130_0_
                0x000000000000851c        0x8 zephyr/kernel/libkernel.a(mem_slab.c.obj)
 .z_init_PRE_KERNEL_140_00008_
                0x0000000000008524        0x8 zephyr/drivers/gpio/libdrivers__gpio.a(gpio_nrfx.c.obj)
 .z_init_PRE_KERNEL_140_0_
                0x000000000000852c        0x8 modules/nrf/drivers/hw_cc3xx/lib..__nrf__drivers__hw_cc3xx.a(hw_cc3xx.c.obj)
 .z_init_PRE_KERNEL_150_00097_
                0x0000000000008534        0x8 zephyr/drivers/serial/libdrivers__serial.a(uart_nrfx_uarte.c.obj)
 .z_init_PRE_KERNEL_160_0_
                0x000000000000853c        0x8 zephyr/drivers/console/libdrivers__console.a(uart_console.c.obj)
                0x0000000000008544                __init_PRE_KERNEL_2_start = .
 *(SORT_BY_NAME(SORT_BY_ALIGNMENT(.z_init_PRE_KERNEL_2?_*)))
 .z_init_PRE_KERNEL_20_0_
                0x0000000000008544        0x8 zephyr/drivers/timer/libdrivers__timer.a(nrf_rtc_timer.c.obj)
 *(SORT_BY_NAME(SORT_BY_ALIGNMENT(.z_init_PRE_KERNEL_2??_*)))
                0x000000000000854c                __init_POST_KERNEL_start = .
 *(SORT_BY_NAME(SORT_BY_ALIGNMENT(.z_init_POST_KERNEL?_*)))
 *(SORT_BY_NAME(SORT_BY_ALIGNMENT(.z_init_POST_KERNEL??_*)))
 .z_init_POST_KERNEL40_0_
                0x000000000000854c        0x8 modules/nrf/drivers/hw_cc3xx/lib..__nrf__drivers__hw_cc3xx.a(hw_cc3xx.c.obj)
 .z_init_POST_KERNEL40_0_
                0x0000000000008554        0x8 modules/mbedtls/libmbedTLSBase.a(zephyr_init.c.obj)
 .z_init_POST_KERNEL50_00103_
                0x000000000000855c        0x8 zephyr/drivers/flash/libdrivers__flash.a(soc_flash_nrf.c.obj)
                0x0000000000008564                __init_APPLICATION_start = .
 *(SORT_BY_NAME(SORT_BY_ALIGNMENT(.z_init_APPLICATION?_*)))
 *(SORT_BY_NAME(SORT_BY_ALIGNMENT(.z_init_APPLICATION??_*)))
                0x0000000000008564                __init_SMP_start = .
 *(SORT_BY_NAME(SORT_BY_ALIGNMENT(.z_init_SMP?_*)))
 *(SORT_BY_NAME(SORT_BY_ALIGNMENT(.z_init_SMP??_*)))
                0x0000000000008564                __init_end = .
                0x0000000000008564                __deferred_init_list_start = .
 *(SORT_BY_ALIGNMENT(.z_deferred_init*))
                0x0000000000008564                __deferred_init_list_end = .

device_area     0x0000000000008564       0x50
                0x0000000000008564                _device_list_start = .
 *(SORT_BY_NAME(SORT_BY_ALIGNMENT(._device.static.*_?_*)))
 *(SORT_BY_NAME(SORT_BY_ALIGNMENT(._device.static.*_??_*)))
 ._device.static.1_30_
                0x0000000000008564       0x14 zephyr/drivers/clock_control/libdrivers__clock_control.a(clock_control_nrf.c.obj)
                0x0000000000008564                __device_dts_ord_71
 ._device.static.1_40_
                0x0000000000008578       0x14 zephyr/drivers/gpio/libdrivers__gpio.a(gpio_nrfx.c.obj)
                0x0000000000008578                __device_dts_ord_8
 ._device.static.1_50_
                0x000000000000858c       0x14 zephyr/drivers/serial/libdrivers__serial.a(uart_nrfx_uarte.c.obj)
                0x000000000000858c                __device_dts_ord_97
 ._device.static.3_50_
                0x00000000000085a0       0x14 zephyr/drivers/flash/libdrivers__flash.a(soc_flash_nrf.c.obj)
                0x00000000000085a0                __device_dts_ord_103
                0x00000000000085b4                _device_list_end = .

sw_isr_table    0x00000000000085b4      0x208
                0x00000000000085b4                . = ALIGN (0x4)
 *(SORT_BY_ALIGNMENT(.gnu.linkonce.sw_isr_table*))
 .gnu.linkonce.sw_isr_table
                0x00000000000085b4      0x208 zephyr/CMakeFiles/zephyr_final.dir/isr_tables.c.obj
                0x00000000000085b4                _sw_isr_table

initlevel_error
                0x000000000000850c        0x0
 *(SORT_BY_NAME(SORT_BY_ALIGNMENT(.z_init_[_A-Z0-9]*)))
                0x0000000000000001                ASSERT ((SIZEOF (initlevel_error) == 0x0), Undefined initialization levels used.)

app_shmem_regions
                0x00000000000087bc        0x0
                0x00000000000087bc                __app_shmem_regions_start = .
 *(SORT_BY_NAME(SORT_BY_ALIGNMENT(.app_regions.*)))
                0x00000000000087bc                __app_shmem_regions_end = .

k_p4wq_initparam_area
                0x00000000000087bc        0x0
                0x00000000000087bc                _k_p4wq_initparam_list_start = .
 *(SORT_BY_NAME(SORT_BY_ALIGNMENT(._k_p4wq_initparam.static.*)))
                0x00000000000087bc                _k_p4wq_initparam_list_end = .

_static_thread_data_area
                0x00000000000087bc        0x0
                0x00000000000087bc                __static_thread_data_list_start = .
 *(SORT_BY_NAME(SORT_BY_ALIGNMENT(.__static_thread_data.static.*)))
                0x00000000000087bc                __static_thread_data_list_end = .

device_deps     0x00000000000087bc        0x0
                0x00000000000087bc                __device_deps_start = .
 *(SORT_BY_NAME(SORT_BY_ALIGNMENT(.__device_deps_pass2*)))
                0x00000000000087bc                __device_deps_end = .

ztest           0x00000000000087bc        0x0
                0x00000000000087bc                _ztest_expected_result_entry_list_start = .
 *(SORT_BY_NAME(SORT_BY_ALIGNMENT(._ztest_expected_result_entry.static.*)))
                0x00000000000087bc                _ztest_expected_result_entry_list_end = .
                0x00000000000087bc                _ztest_suite_node_list_start = .
 *(SORT_BY_NAME(SORT_BY_ALIGNMENT(._ztest_suite_node.static.*)))
                0x00000000000087bc                _ztest_suite_node_list_end = .
                0x00000000000087bc                _ztest_unit_test_list_start = .
 *(SORT_BY_NAME(SORT_BY_ALIGNMENT(._ztest_unit_test.static.*)))
                0x00000000000087bc                _ztest_unit_test_list_end = .
                0x00000000000087bc                _ztest_test_rule_list_start = .
 *(SORT_BY_NAME(SORT_BY_ALIGNMENT(._ztest_test_rule.static.*)))
                0x00000000000087bc                _ztest_test_rule_list_end = .

init_array      0x00000000000087bc        0x0
 *(SORT_BY_NAME(SORT_BY_ALIGNMENT(.ctors*)))
 *(SORT_BY_NAME(SORT_BY_ALIGNMENT(.init_array*)))
                0x0000000000000001                ASSERT ((SIZEOF (init_array) == 0x0), GNU-style constructors required but STATIC_INIT_GNU not enabled)

bt_l2cap_fixed_chan_area
                0x00000000000087bc        0x0
                0x00000000000087bc                _bt_l2cap_fixed_chan_list_start = .
 *(SORT_BY_NAME(SORT_BY_ALIGNMENT(._bt_l2cap_fixed_chan.static.*)))
                0x00000000000087bc                _bt_l2cap_fixed_chan_list_end = .

bt_gatt_service_static_area
                0x00000000000087bc        0x0
                0x00000000000087bc                _bt_gatt_service_static_list_start = .
 *(SORT_BY_NAME(SORT_BY_ALIGNMENT(._bt_gatt_service_static.static.*)))
                0x00000000000087bc                _bt_gatt_service_static_list_end = .

log_strings_area
                0x00000000000087bc        0x0
                0x00000000000087bc                _log_strings_list_start = .
 *(SORT_BY_NAME(SORT_BY_ALIGNMENT(._log_strings.static.*)))
                0x00000000000087bc                _log_strings_list_end = .

log_const_area  0x00000000000087bc        0x8
                0x00000000000087bc                _log_const_list_start = .
 *(SORT_BY_NAME(SORT_BY_ALIGNMENT(._log_const.static.*)))
 ._log_const.static.log_const_mcuboot_
                0x00000000000087bc        0x8 app/libapp.a(main.c.obj)
                0x00000000000087bc                log_const_mcuboot
                0x00000000000087c4                _log_const_list_end = .

log_backend_area
                0x00000000000087c4        0x0
                0x00000000000087c4                _log_backend_list_start = .
 *(SORT_BY_NAME(SORT_BY_ALIGNMENT(._log_backend.static.*)))
                0x00000000000087c4                _log_backend_list_end = .

log_link_area   0x00000000000087c4        0x0
                0x00000000000087c4                _log_link_list_start = .
 *(SORT_BY_NAME(SORT_BY_ALIGNMENT(._log_link.static.*)))
                0x00000000000087c4                _log_link_list_end = .

tracing_backend_area
                0x00000000000087c4        0x0
                0x00000000000087c4                _tracing_backend_list_start = .
 *(SORT_BY_NAME(SORT_BY_ALIGNMENT(._tracing_backend.static.*)))
                0x00000000000087c4                _tracing_backend_list_end = .

zephyr_dbg_info
 *(SORT_BY_ALIGNMENT(.dbg_thread_info))

intc_table_area
                0x00000000000087c4        0x0
                0x00000000000087c4                _intc_table_list_start = .
 *(SORT_BY_NAME(SORT_BY_ALIGNMENT(._intc_table.static.*)))
                0x00000000000087c4                _intc_table_list_end = .

symbol_to_keep  0x00000000000087c4        0x0
                0x00000000000087c4                __symbol_to_keep_start = .
 *(SORT_BY_NAME(SORT_BY_ALIGNMENT(.symbol_to_keep*)))
                0x00000000000087c4                __symbol_to_keep_end = .

shell_area      0x00000000000087c4        0x0
                0x00000000000087c4                _shell_list_start = .
 *(SORT_BY_NAME(SORT_BY_ALIGNMENT(._shell.static.*)))
                0x00000000000087c4                _shell_list_end = .

shell_root_cmds_area
                0x00000000000087c4        0x0
                0x00000000000087c4                _shell_root_cmds_list_start = .
 *(SORT_BY_NAME(SORT_BY_ALIGNMENT(._shell_root_cmds.static.*)))
                0x00000000000087c4                _shell_root_cmds_list_end = .

shell_subcmds_area
                0x00000000000087c4        0x0
                0x00000000000087c4                _shell_subcmds_list_start = .
 *(SORT_BY_NAME(SORT_BY_ALIGNMENT(._shell_subcmds.static.*)))
                0x00000000000087c4                _shell_subcmds_list_end = .

shell_dynamic_subcmds_area
                0x00000000000087c4        0x0
                0x00000000000087c4                _shell_dynamic_subcmds_list_start = .
 *(SORT_BY_NAME(SORT_BY_ALIGNMENT(._shell_dynamic_subcmds.static.*)))
                0x00000000000087c4                _shell_dynamic_subcmds_list_end = .

cfb_font_area   0x00000000000087c4        0x0
                0x00000000000087c4                _cfb_font_list_start = .